Archive member included to satisfy reference by file (symbol)

C:/ST/STM32CubeIDE_1.16.0/STM32CubeIDE/plugins/com.st.stm32cube.ide.mcu.externaltools.gnu-tools-for-stm32.13.3.rel1.win32_1.0.0.202411081344/tools/bin/../lib/gcc/arm-none-eabi/13.3.1/../../../../arm-none-eabi/lib/thumb/v7e-m+fp/hard\libc_nano.a(libc_a-exit.o)
                              C:/ST/STM32CubeIDE_1.16.0/STM32CubeIDE/plugins/com.st.stm32cube.ide.mcu.externaltools.gnu-tools-for-stm32.13.3.rel1.win32_1.0.0.202411081344/tools/bin/../lib/gcc/arm-none-eabi/13.3.1/../../../../arm-none-eabi/lib/thumb/v7e-m+fp/hard/crt0.o (exit)
C:/ST/STM32CubeIDE_1.16.0/STM32CubeIDE/plugins/com.st.stm32cube.ide.mcu.externaltools.gnu-tools-for-stm32.13.3.rel1.win32_1.0.0.202411081344/tools/bin/../lib/gcc/arm-none-eabi/13.3.1/../../../../arm-none-eabi/lib/thumb/v7e-m+fp/hard\libc_nano.a(libc_a-malloc.o)
                              ./Core/Src/interface.o (malloc)
C:/ST/STM32CubeIDE_1.16.0/STM32CubeIDE/plugins/com.st.stm32cube.ide.mcu.externaltools.gnu-tools-for-stm32.13.3.rel1.win32_1.0.0.202411081344/tools/bin/../lib/gcc/arm-none-eabi/13.3.1/../../../../arm-none-eabi/lib/thumb/v7e-m+fp/hard\libc_nano.a(libc_a-mallocr.o)
                              C:/ST/STM32CubeIDE_1.16.0/STM32CubeIDE/plugins/com.st.stm32cube.ide.mcu.externaltools.gnu-tools-for-stm32.13.3.rel1.win32_1.0.0.202411081344/tools/bin/../lib/gcc/arm-none-eabi/13.3.1/../../../../arm-none-eabi/lib/thumb/v7e-m+fp/hard\libc_nano.a(libc_a-malloc.o) (_malloc_r)
C:/ST/STM32CubeIDE_1.16.0/STM32CubeIDE/plugins/com.st.stm32cube.ide.mcu.externaltools.gnu-tools-for-stm32.13.3.rel1.win32_1.0.0.202411081344/tools/bin/../lib/gcc/arm-none-eabi/13.3.1/../../../../arm-none-eabi/lib/thumb/v7e-m+fp/hard\libc_nano.a(libc_a-mlock.o)
                              C:/ST/STM32CubeIDE_1.16.0/STM32CubeIDE/plugins/com.st.stm32cube.ide.mcu.externaltools.gnu-tools-for-stm32.13.3.rel1.win32_1.0.0.202411081344/tools/bin/../lib/gcc/arm-none-eabi/13.3.1/../../../../arm-none-eabi/lib/thumb/v7e-m+fp/hard\libc_nano.a(libc_a-mallocr.o) (__malloc_lock)
C:/ST/STM32CubeIDE_1.16.0/STM32CubeIDE/plugins/com.st.stm32cube.ide.mcu.externaltools.gnu-tools-for-stm32.13.3.rel1.win32_1.0.0.202411081344/tools/bin/../lib/gcc/arm-none-eabi/13.3.1/../../../../arm-none-eabi/lib/thumb/v7e-m+fp/hard\libc_nano.a(libc_a-nano-vfprintf_float.o)
                              (_printf_float)
C:/ST/STM32CubeIDE_1.16.0/STM32CubeIDE/plugins/com.st.stm32cube.ide.mcu.externaltools.gnu-tools-for-stm32.13.3.rel1.win32_1.0.0.202411081344/tools/bin/../lib/gcc/arm-none-eabi/13.3.1/../../../../arm-none-eabi/lib/thumb/v7e-m+fp/hard\libc_nano.a(libc_a-nano-vfprintf_i.o)
                              C:/ST/STM32CubeIDE_1.16.0/STM32CubeIDE/plugins/com.st.stm32cube.ide.mcu.externaltools.gnu-tools-for-stm32.13.3.rel1.win32_1.0.0.202411081344/tools/bin/../lib/gcc/arm-none-eabi/13.3.1/../../../../arm-none-eabi/lib/thumb/v7e-m+fp/hard\libc_nano.a(libc_a-nano-vfprintf_float.o) (_printf_common)
C:/ST/STM32CubeIDE_1.16.0/STM32CubeIDE/plugins/com.st.stm32cube.ide.mcu.externaltools.gnu-tools-for-stm32.13.3.rel1.win32_1.0.0.202411081344/tools/bin/../lib/gcc/arm-none-eabi/13.3.1/../../../../arm-none-eabi/lib/thumb/v7e-m+fp/hard\libc_nano.a(libc_a-findfp.o)
                              C:/ST/STM32CubeIDE_1.16.0/STM32CubeIDE/plugins/com.st.stm32cube.ide.mcu.externaltools.gnu-tools-for-stm32.13.3.rel1.win32_1.0.0.202411081344/tools/bin/../lib/gcc/arm-none-eabi/13.3.1/../../../../arm-none-eabi/lib/thumb/v7e-m+fp/hard\libc_nano.a(libc_a-exit.o) (__stdio_exit_handler)
C:/ST/STM32CubeIDE_1.16.0/STM32CubeIDE/plugins/com.st.stm32cube.ide.mcu.externaltools.gnu-tools-for-stm32.13.3.rel1.win32_1.0.0.202411081344/tools/bin/../lib/gcc/arm-none-eabi/13.3.1/../../../../arm-none-eabi/lib/thumb/v7e-m+fp/hard\libc_nano.a(libc_a-fwalk.o)
                              C:/ST/STM32CubeIDE_1.16.0/STM32CubeIDE/plugins/com.st.stm32cube.ide.mcu.externaltools.gnu-tools-for-stm32.13.3.rel1.win32_1.0.0.202411081344/tools/bin/../lib/gcc/arm-none-eabi/13.3.1/../../../../arm-none-eabi/lib/thumb/v7e-m+fp/hard\libc_nano.a(libc_a-findfp.o) (_fwalk_sglue)
C:/ST/STM32CubeIDE_1.16.0/STM32CubeIDE/plugins/com.st.stm32cube.ide.mcu.externaltools.gnu-tools-for-stm32.13.3.rel1.win32_1.0.0.202411081344/tools/bin/../lib/gcc/arm-none-eabi/13.3.1/../../../../arm-none-eabi/lib/thumb/v7e-m+fp/hard\libc_nano.a(libc_a-snprintf.o)
                              ./Drivers/Libraries/Src/ssd1306_tests.o (snprintf)
C:/ST/STM32CubeIDE_1.16.0/STM32CubeIDE/plugins/com.st.stm32cube.ide.mcu.externaltools.gnu-tools-for-stm32.13.3.rel1.win32_1.0.0.202411081344/tools/bin/../lib/gcc/arm-none-eabi/13.3.1/../../../../arm-none-eabi/lib/thumb/v7e-m+fp/hard\libc_nano.a(libc_a-stdio.o)
[...]
Memory Configuration

Name             Origin             Length             Attributes
RAM              0x20000000         0x00050000         xrw
FLASH            0x08000000         0x00100000         xr
*default*        0x00000000         0xffffffff

Linker script and memory map

LOAD C:/ST/STM32CubeIDE_1.16.0/STM32CubeIDE/plugins/com.st.stm32cube.ide.mcu.externaltools.gnu-tools-for-stm32.13.3.rel1.win32_1.0.0.202411081344/tools/bin/../lib/gcc/arm-none-eabi/13.3.1/thumb/v7e-m+fp/hard/crti.o
LOAD C:/ST/STM32CubeIDE_1.16.0/STM32CubeIDE/plugins/com.st.stm32cube.ide.mcu.externaltools.gnu-tools-for-stm32.13.3.rel1.win32_1.0.0.202411081344/tools/bin/../lib/gcc/arm-none-eabi/13.3.1/thumb/v7e-m+fp/hard/crtbegin.o
LOAD C:/ST/STM32CubeIDE_1.16.0/STM32CubeIDE/plugins/com.st.stm32cube.ide.mcu.externaltools.gnu-tools-for-stm32.13.3.rel1.win32_1.0.0.202411081344/tools/bin/../lib/gcc/arm-none-eabi/13.3.1/../../../../arm-none-eabi/lib/thumb/v7e-m+fp/hard/crt0.o
LOAD ./Core/Src/control.o
LOAD ./Core/Src/custom.o
LOAD ./Core/Src/customMain.o
LOAD ./Core/Src/interface.o
LOAD ./Core/Src/main.o
LOAD ./Core/Src/menus.o
LOAD ./Core/Src/servos.o
LOAD ./Core/Src/stm32f7xx_hal_msp.o
LOAD ./Core/Src/stm32f7xx_it.o
LOAD ./Core/Src/syscalls.o
LOAD ./Core/Src/sysmem.o
LOAD ./Core/Src/system_stm32f7xx.o
LOAD ./Core/Startup/startup_stm32f746zgtx.o
LOAD ./Drivers/Libraries/Src/invaders.o
LOAD ./Drivers/Libraries/Src/invaders_assets.o
LOAD ./Drivers/Libraries/Src/ssd1306.o
LOAD ./Drivers/Libraries/Src/ssd1306_fonts.o
LOAD ./Drivers/Libraries/Src/ssd1306_tests.o
LOAD ./Drivers/STM32F7xx_HAL_Driver/Src/stm32f7xx_hal.o
LOAD ./Drivers/STM32F7xx_HAL_Driver/Src/stm32f7xx_hal_cortex.o
LOAD ./Drivers/STM32F7xx_HAL_Driver/Src/stm32f7xx_hal_dma.o
LOAD ./Drivers/STM32F7xx_HAL_Driver/Src/stm32f7xx_hal_dma_ex.o
LOAD ./Drivers/STM32F7xx_HAL_Driver/Src/stm32f7xx_hal_eth.o
LOAD ./Drivers/STM32F7xx_HAL_Driver/Src/stm32f7xx_hal_exti.o
LOAD ./Drivers/STM32F7xx_HAL_Driver/Src/stm32f7xx_hal_flash.o
LOAD ./Drivers/STM32F7xx_HAL_Driver/Src/stm32f7xx_hal_flash_ex.o
LOAD ./Drivers/STM32F7xx_HAL_Driver/Src/stm32f7xx_hal_gpio.o
LOAD ./Drivers/STM32F7xx_HAL_Driver/Src/stm32f7xx_hal_i2c.o
LOAD ./Drivers/STM32F7xx_HAL_Driver/Src/stm32f7xx_hal_i2c_ex.o
LOAD ./Drivers/STM32F7xx_HAL_Driver/Src/stm32f7xx_hal_pcd.o
LOAD ./Drivers/STM32F7xx_HAL_Driver/Src/stm32f7xx_hal_pcd_ex.o
LOAD ./Drivers/STM32F7xx_HAL_Driver/Src/stm32f7xx_hal_pwr.o
LOAD ./Drivers/STM32F7xx_HAL_Driver/Src/stm32f7xx_hal_pwr_ex.o
LOAD ./Drivers/STM32F7xx_HAL_Driver/Src/stm32f7xx_hal_rcc.o
LOAD ./Drivers/STM32F7xx_HAL_Driver/Src/stm32f7xx_hal_rcc_ex.o
LOAD ./Drivers/STM32F7xx_HAL_Driver/Src/stm32f7xx_hal_tim.o
LOAD ./Drivers/STM32F7xx_HAL_Driver/Src/stm32f7xx_hal_tim_ex.o
LOAD ./Drivers/STM32F7xx_HAL_Driver/Src/stm32f7xx_hal_uart.o
LOAD ./Drivers/STM32F7xx_HAL_Driver/Src/stm32f7xx_hal_uart_ex.o
LOAD ./Drivers/STM32F7xx_HAL_Driver/Src/stm32f7xx_ll_usb.o
START GROUP
LOAD C:/ST/STM32CubeIDE_1.16.0/STM32CubeIDE/plugins/com.st.stm32cube.ide.mcu.externaltools.gnu-tools-for-stm32.13.3.rel1.win32_1.0.0.202411081344/tools/bin/../lib/gcc/arm-none-eabi/13.3.1/../../../../arm-none-eabi/lib/thumb/v7e-m+fp/hard\libc_nano.a
LOAD C:/ST/STM32CubeIDE_1.16.0/STM32CubeIDE/plugins/com.st.stm32cube.ide.mcu.externaltools.gnu-tools-for-stm32.13.3.rel1.win32_1.0.0.202411081344/tools/bin/../lib/gcc/arm-none-eabi/13.3.1/../../../../arm-none-eabi/lib/thumb/v7e-m+fp/hard\libm.a
END GROUP
START GROUP
LOAD C:/ST/STM32CubeIDE_1.16.0/STM32CubeIDE/plugins/com.st.stm32cube.ide.mcu.externaltools.gnu-tools-for-stm32.13.3.rel1.win32_1.0.0.202411081344/tools/bin/../lib/gcc/arm-none-eabi/13.3.1/thumb/v7e-m+fp/hard\libgcc.a
LOAD C:/ST/STM32CubeIDE_1.16.0/STM32CubeIDE/plugins/com.st.stm32cube.ide.mcu.externaltools.gnu-tools-for-stm32.13.3.rel1.win32_1.0.0.202411081344/tools/bin/../lib/gcc/arm-none-eabi/13.3.1/../../../../arm-none-eabi/lib/thumb/v7e-m+fp/hard\libc_nano.a
END GROUP
START GROUP
LOAD C:/ST/STM32CubeIDE_1.16.0/STM32CubeIDE/plugins/com.st.stm32cube.ide.mcu.externaltools.gnu-tools-for-stm32.13.3.rel1.win32_1.0.0.202411081344/tools/bin/../lib/gcc/arm-none-eabi/13.3.1/thumb/v7e-m+fp/hard\libgcc.a
LOAD C:/ST/STM32CubeIDE_1.16.0/STM32CubeIDE/plugins/com.st.stm32cube.ide.mcu.externaltools.gnu-tools-for-stm32.13.3.rel1.win32_1.0.0.202411081344/tools/bin/../lib/gcc/arm-none-eabi/13.3.1/../../../../arm-none-eabi/lib/thumb/v7e-m+fp/hard\libc_nano.a
LOAD C:/ST/STM32CubeIDE_1.16.0/STM32CubeIDE/plugins/com.st.stm32cube.ide.mcu.externaltools.gnu-tools-for-stm32.13.3.rel1.win32_1.0.0.202411081344/tools/bin/../lib/gcc/arm-none-eabi/13.3.1/../../../../arm-none-eabi/lib/thumb/v7e-m+fp/hard\libnosys.a
END GROUP
START GROUP
LOAD C:/ST/STM32CubeIDE_1.16.0/STM32CubeIDE/plugins/com.st.stm32cube.ide.mcu.externaltools.gnu-tools-for-stm32.13.3.rel1.win32_1.0.0.202411081344/tools/bin/../lib/gcc/arm-none-eabi/13.3.1/thumb/v7e-m+fp/hard\libgcc.a
LOAD C:/ST/STM32CubeIDE_1.16.0/STM32CubeIDE/plugins/com.st.stm32cube.ide.mcu.externaltools.gnu-tools-for-stm32.13.3.rel1.win32_1.0.0.202411081344/tools/bin/../lib/gcc/arm-none-eabi/13.3.1/../../../../arm-none-eabi/lib/thumb/v7e-m+fp/hard\libc_nano.a
LOAD C:/ST/STM32CubeIDE_1.16.0/STM32CubeIDE/plugins/com.st.stm32cube.ide.mcu.externaltools.gnu-tools-for-stm32.13.3.rel1.win32_1.0.0.202411081344/tools/bin/../lib/gcc/arm-none-eabi/13.3.1/../../../../arm-none-eabi/lib/thumb/v7e-m+fp/hard\libnosys.a
END GROUP
LOAD C:/ST/STM32CubeIDE_1.16.0/STM32CubeIDE/plugins/com.st.stm32cube.ide.mcu.externaltools.gnu-tools-for-stm32.13.3.rel1.win32_1.0.0.202411081344/tools/bin/../lib/gcc/arm-none-eabi/13.3.1/thumb/v7e-m+fp/hard/crtend.o
LOAD C:/ST/STM32CubeIDE_1.16.0/STM32CubeIDE/plugins/com.st.stm32cube.ide.mcu.externaltools.gnu-tools-for-stm32.13.3.rel1.win32_1.0.0.202411081344/tools/bin/../lib/gcc/arm-none-eabi/13.3.1/thumb/v7e-m+fp/hard/crtn.o
                0x20050000                        _estack = (ORIGIN (RAM) + LENGTH (RAM))
                0x00000200                        _Min_Heap_Size = 0x200
                0x00000400                        _Min_Stack_Size = 0x400

.isr_vector     0x08000000      0x1c8
                0x08000000                        . = ALIGN (0x4)
 *(.isr_vector)
 .isr_vector    0x08000000      0x1c8 ./Core/Startup/startup_stm32f746zgtx.o
                0x08000000                g_pfnVectors
                0x080001c8                        . = ALIGN (0x4)

.text           0x080001d0     0xad14
                0x080001d0                        . = ALIGN (0x4)
 *(.text)
 .text          0x080001d0       0x40 C:/ST/STM32CubeIDE_1.16.0/STM32CubeIDE/plugins/com.st.stm32cube.ide.mcu.externaltools.gnu-tools-for-stm32.13.3.rel1.win32_1.0.0.202411081344/tools/bin/../lib/gcc/arm-none-eabi/13.3.1/thumb/v7e-m+fp/hard/crtbegin.o
 .text          0x08000210       0xa0 C:/ST/STM32CubeIDE_1.16.0/STM32CubeIDE/plugins/com.st.stm32cube.ide.mcu.externaltools.gnu-tools-for-stm32.13.3.rel1.win32_1.0.0.202411081344/tools/bin/../lib/gcc/arm-none-eabi/13.3.1/../../../../arm-none-eabi/lib/thumb/v7e-m+fp/hard\libc_nano.a(libc_a-memchr.o)
                0x08000210                memchr
 .text          0x080002b0       0x10 C:/ST/STM32CubeIDE_1.16.0/STM32CubeIDE/plugins/com.st.stm32cube.ide.mcu.externaltools.gnu-tools-for-stm32.13.3.rel1.win32_1.0.0.202411081344/tools/bin/../lib/gcc/arm-none-eabi/13.3.1/../../../../arm-none-eabi/lib/thumb/v7e-m+fp/hard\libc_nano.a(libc_a-strlen.o)
                0x080002b0                strlen
 .text          0x080002c0      0x378 C:/ST/STM32CubeIDE_1.16.0/STM32CubeIDE/plugins/com.st.stm32cube.ide.mcu.externaltools.gnu-tools-for-stm32.13.3.rel1.win32_1.0.0.202411081344/tools/bin/../lib/gcc/arm-none-eabi/13.3.1/thumb/v7e-m+fp/hard\libgcc.a(_arm_addsubdf3.o)
                0x080002c0                __aeabi_drsub
                0x080002c8                __aeabi_dsub
                0x080002c8                __subdf3
                0x080002cc                __aeabi_dadd
                0x080002cc                __adddf3
                0x08000544                __floatunsidf
                0x08000544                __aeabi_ui2d
                0x08000564                __floatsidf
                0x08000564                __aeabi_i2d
                0x08000588                __aeabi_f2d
                0x08000588                __extendsfdf2
                0x080005cc                __floatundidf
                0x080005cc                __aeabi_ul2d
                0x080005dc                __floatdidf
                0x080005dc                __aeabi_l2d
 .text          0x08000638      0x424 C:/ST/STM32CubeIDE_1.16.0/STM32CubeIDE/plugins/com.st.stm32cube.ide.mcu.externaltools.gnu-tools-for-stm32.13.3.rel1.win32_1.0.0.202411081344/tools/bin/../lib/gcc/arm-none-eabi/13.3.1/thumb/v7e-m+fp/hard\libgcc.a(_arm_muldivdf3.o)
                0x08000638                __aeabi_dmul
                0x08000638                __muldf3
                0x0800088c                __divdf3
                0x0800088c                __aeabi_ddiv
 .text          0x08000a5c      0x110 C:/ST/STM32CubeIDE_1.16.0/STM32CubeIDE/plugins/com.st.stm32cube.ide.mcu.externaltools.gnu-tools-for-stm32.13.3.rel1.win32_1.0.0.202411081344/tools/bin/../lib/gcc/arm-none-eabi/13.3.1/thumb/v7e-m+fp/hard\libgcc.a(_arm_cmpdf2.o)
                0x08000a5c                __gtdf2
                0x08000a5c                __gedf2
                0x08000a64                __ltdf2
                0x08000a64                __ledf2
                0x08000a6c                __nedf2
                0x08000a6c                __eqdf2
                0x08000a6c                __cmpdf2
                0x08000ae8                __aeabi_cdrcmple
                0x08000af8                __aeabi_cdcmpeq
                0x08000af8                __aeabi_cdcmple
                0x08000b08                __aeabi_dcmpeq
                0x08000b1c                __aeabi_dcmplt
                0x08000b30                __aeabi_dcmple
                0x08000b44                __aeabi_dcmpge
                0x08000b58                __aeabi_dcmpgt
 .text          0x08000b6c       0x2c C:/ST/STM32CubeIDE_1.16.0/STM32CubeIDE/plugins/com.st.stm32cube.ide.mcu.externaltools.gnu-tools-for-stm32.13.3.rel1.win32_1.0.0.202411081344/tools/bin/../lib/gcc/arm-none-eabi/13.3.1/thumb/v7e-m+fp/hard\libgcc.a(_arm_unorddf2.o)
                0x08000b6c                __unorddf2
                0x08000b6c                __aeabi_dcmpun
 .text          0x08000b98       0x50 C:/ST/STM32CubeIDE_1.16.0/STM32CubeIDE/plugins/com.st.stm32cube.ide.mcu.externaltools.gnu-tools-for-stm32.13.3.rel1.win32_1.0.0.202411081344/tools/bin/../lib/gcc/arm-none-eabi/13.3.1/thumb/v7e-m+fp/hard\libgcc.a(_arm_fixdfsi.o)
                0x08000b98                __aeabi_d2iz
                0x08000b98                __fixdfsi
 .text          0x08000be8       0x30 C:/ST/STM32CubeIDE_1.16.0/STM32CubeIDE/plugins/com.st.stm32cube.ide.mcu.externaltools.gnu-tools-for-stm32.13.3.rel1.win32_1.0.0.202411081344/tools/bin/../lib/gcc/arm-none-eabi/13.3.1/thumb/v7e-m+fp/hard\libgcc.a(_aeabi_uldivmod.o)
                0x08000be8                __aeabi_uldivmod
 .text          0x08000c18      0x2f8 C:/ST/STM32CubeIDE_1.16.0/STM32CubeIDE/plugins/com.st.stm32cube.ide.mcu.externaltools.gnu-tools-for-stm32.13.3.rel1.win32_1.0.0.202411081344/tools/bin/../lib/gcc/arm-none-eabi/13.3.1/thumb/v7e-m+fp/hard\libgcc.a(_udivmoddi4.o)
                0x08000c18                __udivmoddi4
 .text          0x08000f10        0x4 C:/ST/STM32CubeIDE_1.16.0/STM32CubeIDE/plugins/com.st.stm32cube.ide.mcu.externaltools.gnu-tools-for-stm32.13.3.rel1.win32_1.0.0.202411081344/tools/bin/../lib/gcc/arm-none-eabi/13.3.1/thumb/v7e-m+fp/hard\libgcc.a(_dvmd_tls.o)
                0x08000f10                __aeabi_idiv0
                0x08000f10                __aeabi_ldiv0
 *(.text*)
 .text.setMotorSpeed
                0x08000f14      0x1f0 ./Core/Src/control.o
                0x08000f14                setMotorSpeed
 .text.userInit
                0x08001104       0x20 ./Core/Src/customMain.o
                0x08001104                userInit
 .text.userLoop
                0x08001124      0x298 ./Core/Src/customMain.o
                0x08001124                userLoop
 .text.setGPIO  0x080013bc       0x26 ./Core/Src/customMain.o
                0x080013bc                setGPIO
 .text.getGPIO  0x080013e2       0x22 ./Core/Src/customMain.o
                0x080013e2                getGPIO
 .text.btnCallbackB
                0x08001404       0x40 ./Core/Src/interface.o
                0x08001404                btnCallbackB
 .text.btnCallbackEnc
                0x08001444      0x110 ./Core/Src/interface.o
                0x08001444                btnCallbackEnc
 .text.interfaceInit
                0x08001554       0x50 ./Core/Src/interface.o
                0x08001554                interfaceInit
 .text.oledInit
                0x080015a4       0x94 ./Core/Src/interface.o
                0x080015a4                oledInit
 .text.oledCheck
                0x08001638       0x34 ./Core/Src/interface.o
                0x08001638                oledCheck
 .text.oledPrintLinef
                0x0800166c       0x30 ./Core/Src/interface.o
                0x0800166c                oledPrintLinef
 .text.oledPrintLinev
                0x0800169c       0x6c ./Core/Src/interface.o
                0x0800169c                oledPrintLinev
 .text.main     0x08001708       0x3e ./Core/Src/main.o
                0x08001708                main
 *fill*         0x08001746        0x2 
 .text.SystemClock_Config
                0x08001748       0xdc ./Core/Src/main.o
                0x08001748                SystemClock_Config
 .text.MX_ETH_Init
                0x08001824       0x9c ./Core/Src/main.o
 .text.MX_I2C1_Init
                0x080018c0       0x80 ./Core/Src/main.o
 .text.MX_I2C2_Init
                0x08001940       0x84 ./Core/Src/main.o
 .text.MX_TIM2_Init
                0x080019c4       0xac ./Core/Src/main.o
 .text.MX_TIM3_Init
                0x08001a70       0x9c ./Core/Src/main.o
 .text.MX_TIM4_Init
                0x08001b0c       0xac ./Core/Src/main.o
 .text.MX_TIM14_Init
                0x08001bb8       0x9c ./Core/Src/main.o
 .text.MX_USART3_UART_Init
                0x08001c54       0x60 ./Core/Src/main.o
 .text.MX_USB_OTG_FS_PCD_Init
                0x08001cb4       0x5c ./Core/Src/main.o
 .text.MX_GPIO_Init
                0x08001d10      0x230 ./Core/Src/main.o
 .text.Error_Handler
                0x08001f40        0xc ./Core/Src/main.o
                0x08001f40                Error_Handler
 .text.setRPM   0x08001f4c       0x80 ./Core/Src/menus.o
                0x08001f4c                setRPM
 .text.ReadyFunc
                0x08001fcc       0x32 ./Core/Src/servos.o
                0x08001fcc                ReadyFunc
 .text.TreachFunc
                0x08001ffe       0x32 ./Core/Src/servos.o
                0x08001ffe                TreachFunc
 .text.EncZFunc
                0x08002030       0x5c ./Core/Src/servos.o
                0x08002030                EncZFunc
 .text.Handle_EXTI0
                0x0800208c       0x14 ./Core/Src/servos.o
                0x0800208c                Handle_EXTI0
 .text.Handle_EXTI1
                0x080020a0       0x14 ./Core/Src/servos.o
                0x080020a0                Handle_EXTI1
 .text.Handle_EXTI2
                0x080020b4        0xc ./Core/Src/servos.o
                0x080020b4                Handle_EXTI2
 .text.Handle_EXTI3
                0x080020c0        0xc ./Core/Src/servos.o
                0x080020c0                Handle_EXTI3
 .text.Handle_EXTI4
                0x080020cc       0x14 ./Core/Src/servos.o
                0x080020cc                Handle_EXTI4
 .text.Handle_EXTI5
                0x080020e0        0xc ./Core/Src/servos.o
                0x080020e0                Handle_EXTI5
 .text.Handle_EXTI7
                0x080020ec       0x14 ./Core/Src/servos.o
                0x080020ec                Handle_EXTI7
 .text.Handle_EXTI8
                0x08002100       0x14 ./Core/Src/servos.o
                0x08002100                Handle_EXTI8
 .text.Handle_EXTI9
                0x08002114       0x14 ./Core/Src/servos.o
                0x08002114                Handle_EXTI9
 .text.Handle_EXTI10
                0x08002128       0x14 ./Core/Src/servos.o
                0x08002128                Handle_EXTI10
 .text.Handle_EXTI11
                0x0800213c       0x14 ./Core/Src/servos.o
                0x0800213c                Handle_EXTI11
 .text.Handle_EXTI12
                0x08002150       0x14 ./Core/Src/servos.o
                0x08002150                Handle_EXTI12
 .text.Handle_EXTI13
                0x08002164       0x14 ./Core/Src/servos.o
                0x08002164                Handle_EXTI13
 .text.Handle_EXTI14
                0x08002178       0x14 ./Core/Src/servos.o
                0x08002178                Handle_EXTI14
 .text.Handle_EXTI15
                0x0800218c       0x14 ./Core/Src/servos.o
                0x0800218c                Handle_EXTI15
 .text.HAL_GPIO_EXTI_Callback
                0x080021a0       0x40 ./Core/Src/servos.o
                0x080021a0                HAL_GPIO_EXTI_Callback
 .text.HAL_MspInit
                0x080021e0       0x48 ./Core/Src/stm32f7xx_hal_msp.o
                0x080021e0                HAL_MspInit
 .text.HAL_ETH_MspInit
                0x08002228      0x170 ./Core/Src/stm32f7xx_hal_msp.o
                0x08002228                HAL_ETH_MspInit
 .text.HAL_I2C_MspInit
                0x08002398      0x14c ./Core/Src/stm32f7xx_hal_msp.o
                0x08002398                HAL_I2C_MspInit
 .text.HAL_TIM_Base_MspInit
                0x080024e4       0x98 ./Core/Src/stm32f7xx_hal_msp.o
                0x080024e4                HAL_TIM_Base_MspInit
 .text.HAL_TIM_Encoder_MspInit
                0x0800257c       0x88 ./Core/Src/stm32f7xx_hal_msp.o
                0x0800257c                HAL_TIM_Encoder_MspInit
 .text.HAL_TIM_MspPostInit
                0x08002604       0x70 ./Core/Src/stm32f7xx_hal_msp.o
                0x08002604                HAL_TIM_MspPostInit
 .text.HAL_UART_MspInit
                0x08002674       0xc0 ./Core/Src/stm32f7xx_hal_msp.o
                0x08002674                HAL_UART_MspInit
 .text.HAL_PCD_MspInit
                0x08002734       0xf4 ./Core/Src/stm32f7xx_hal_msp.o
                0x08002734                HAL_PCD_MspInit
 .text.NMI_Handler
                0x08002828        0x8 ./Core/Src/stm32f7xx_it.o
                0x08002828                NMI_Handler
 .text.HardFault_Handler
                0x08002830        0x8 ./Core/Src/stm32f7xx_it.o
                0x08002830                HardFault_Handler
 .text.MemManage_Handler
                0x08002838        0x8 ./Core/Src/stm32f7xx_it.o
                0x08002838                MemManage_Handler
 .text.BusFault_Handler
                0x08002840        0x8 ./Core/Src/stm32f7xx_it.o
                0x08002840                BusFault_Handler
 .text.UsageFault_Handler
                0x08002848        0x8 ./Core/Src/stm32f7xx_it.o
                0x08002848                UsageFault_Handler
 .text.SVC_Handler
                0x08002850        0xe ./Core/Src/stm32f7xx_it.o
                0x08002850                SVC_Handler
 .text.DebugMon_Handler
                0x0800285e        0xe ./Core/Src/stm32f7xx_it.o
                0x0800285e                DebugMon_Handler
 .text.PendSV_Handler
                0x0800286c        0xe ./Core/Src/stm32f7xx_it.o
                0x0800286c                PendSV_Handler
 .text.SysTick_Handler
                0x0800287a        0xc ./Core/Src/stm32f7xx_it.o
                0x0800287a                SysTick_Handler
 .text.EXTI0_IRQHandler
                0x08002886        0xe ./Core/Src/stm32f7xx_it.o
                0x08002886                EXTI0_IRQHandler
 .text.EXTI1_IRQHandler
                0x08002894        0xe ./Core/Src/stm32f7xx_it.o
                0x08002894                EXTI1_IRQHandler
 .text.EXTI2_IRQHandler
                0x080028a2        0xe ./Core/Src/stm32f7xx_it.o
                0x080028a2                EXTI2_IRQHandler
 .text.EXTI3_IRQHandler
                0x080028b0        0xe ./Core/Src/stm32f7xx_it.o
                0x080028b0                EXTI3_IRQHandler
 *fill*         0x080028be        0x2 
 .text.TIM2_IRQHandler
                0x080028c0       0x20 ./Core/Src/stm32f7xx_it.o
                0x080028c0                TIM2_IRQHandler
 .text.EXTI15_10_IRQHandler
                0x080028e0       0x10 ./Core/Src/stm32f7xx_it.o
                0x080028e0                EXTI15_10_IRQHandler
 .text._getpid  0x080028f0       0x10 ./Core/Src/syscalls.o
                0x080028f0                _getpid
 .text._kill    0x08002900       0x20 ./Core/Src/syscalls.o
                0x08002900                _kill
 .text._exit    0x08002920       0x16 ./Core/Src/syscalls.o
                0x08002920                _exit
 .text._read    0x08002936       0x3a ./Core/Src/syscalls.o
                0x08002936                _read
 .text._write   0x08002970       0x38 ./Core/Src/syscalls.o
                0x08002970                _write
 .text._close   0x080029a8       0x18 ./Core/Src/syscalls.o
                0x080029a8                _close
 .text._fstat   0x080029c0       0x20 ./Core/Src/syscalls.o
                0x080029c0                _fstat
 .text._isatty  0x080029e0       0x16 ./Core/Src/syscalls.o
                0x080029e0                _isatty
 .text._lseek   0x080029f6       0x1a ./Core/Src/syscalls.o
                0x080029f6                _lseek
 .text._sbrk    0x08002a10       0x6c ./Core/Src/sysmem.o
                0x08002a10                _sbrk
 .text.SystemInit
                0x08002a7c       0x24 ./Core/Src/system_stm32f7xx.o
                0x08002a7c                SystemInit
 .text.Reset_Handler
                0x08002aa0       0x50 ./Core/Startup/startup_stm32f746zgtx.o
                0x08002aa0                Reset_Handler
 .text.Default_Handler
                0x08002af0        0x2 ./Core/Startup/startup_stm32f746zgtx.o
                0x08002af0                RTC_Alarm_IRQHandler
                0x08002af0                TIM8_CC_IRQHandler
                0x08002af0                UART8_IRQHandler
                0x08002af0                SPI4_IRQHandler
                0x08002af0                TIM1_CC_IRQHandler
                0x08002af0                DMA2_Stream5_IRQHandler
                0x08002af0                DMA1_Stream5_IRQHandler
                0x08002af0                PVD_IRQHandler
                0x08002af0                TAMP_STAMP_IRQHandler
                0x08002af0                CAN2_RX1_IRQHandler
                0x08002af0                TIM8_TRG_COM_TIM14_IRQHandler
                0x08002af0                TIM1_UP_TIM10_IRQHandler
                0x08002af0                TIM8_UP_TIM13_IRQHandler
                0x08002af0                I2C3_ER_IRQHandler
                0x08002af0                I2C2_EV_IRQHandler
                0x08002af0                DMA1_Stream2_IRQHandler
                0x08002af0                CAN1_RX0_IRQHandler
                0x08002af0                FPU_IRQHandler
                0x08002af0                OTG_HS_WKUP_IRQHandler
                0x08002af0                LTDC_ER_IRQHandler
                0x08002af0                CAN2_SCE_IRQHandler
                0x08002af0                DMA2_Stream2_IRQHandler
                0x08002af0                SPI1_IRQHandler
                0x08002af0                TIM6_DAC_IRQHandler
                0x08002af0                TIM1_BRK_TIM9_IRQHandler
                0x08002af0                DCMI_IRQHandler
                0x08002af0                CAN2_RX0_IRQHandler
                0x08002af0                DMA2_Stream3_IRQHandler
                0x08002af0                SAI2_IRQHandler
                0x08002af0                USART6_IRQHandler
                0x08002af0                USART3_IRQHandler
                0x08002af0                CAN1_RX1_IRQHandler
                0x08002af0                UART5_IRQHandler
                0x08002af0                DMA2_Stream0_IRQHandler
                0x08002af0                TIM4_IRQHandler
                0x08002af0                QUADSPI_IRQHandler
                0x08002af0                I2C1_EV_IRQHandler
                0x08002af0                DMA1_Stream6_IRQHandler
                0x08002af0                DMA1_Stream1_IRQHandler
                0x08002af0                UART4_IRQHandler
                0x08002af0                TIM3_IRQHandler
                0x08002af0                RCC_IRQHandler
                0x08002af0                TIM8_BRK_TIM12_IRQHandler
                0x08002af0                Default_Handler
                0x08002af0                CEC_IRQHandler
                0x08002af0                ADC_IRQHandler
                0x08002af0                DMA1_Stream7_IRQHandler
                0x08002af0                SPI5_IRQHandler
                0x08002af0                TIM7_IRQHandler
                0x08002af0                SDMMC1_IRQHandler
                0x08002af0                CAN2_TX_IRQHandler
                0x08002af0                TIM5_IRQHandler
                0x08002af0                DMA2_Stream7_IRQHandler
                0x08002af0                I2C3_EV_IRQHandler
                0x08002af0                EXTI9_5_IRQHandler
                0x08002af0                RTC_WKUP_IRQHandler
                0x08002af0                LTDC_IRQHandler
                0x08002af0                ETH_WKUP_IRQHandler
                0x08002af0                SPDIF_RX_IRQHandler
                0x08002af0                SPI2_IRQHandler
                0x08002af0                OTG_HS_EP1_IN_IRQHandler
                0x08002af0                DMA1_Stream0_IRQHandler
                0x08002af0                CAN1_TX_IRQHandler
                0x08002af0                EXTI4_IRQHandler
                0x08002af0                RNG_IRQHandler
                0x08002af0                ETH_IRQHandler
                0x08002af0                OTG_HS_EP1_OUT_IRQHandler
                0x08002af0                WWDG_IRQHandler
                0x08002af0                SPI6_IRQHandler
                0x08002af0                I2C4_EV_IRQHandler
                0x08002af0                OTG_FS_WKUP_IRQHandler
                0x08002af0                TIM1_TRG_COM_TIM11_IRQHandler
                0x08002af0                OTG_HS_IRQHandler
                0x08002af0                DMA2D_IRQHandler
                0x08002af0                UART7_IRQHandler
                0x08002af0                USART2_IRQHandler
                0x08002af0                I2C2_ER_IRQHandler
                0x08002af0                DMA2_Stream1_IRQHandler
                0x08002af0                CAN1_SCE_IRQHandler
                0x08002af0                FLASH_IRQHandler
                0x08002af0                DMA2_Stream4_IRQHandler
                0x08002af0                USART1_IRQHandler
                0x08002af0                OTG_FS_IRQHandler
                0x08002af0                SPI3_IRQHandler
                0x08002af0                DMA1_Stream4_IRQHandler
                0x08002af0                I2C1_ER_IRQHandler
                0x08002af0                FMC_IRQHandler
                0x08002af0                LPTIM1_IRQHandler
                0x08002af0                I2C4_ER_IRQHandler
                0x08002af0                DMA2_Stream6_IRQHandler
                0x08002af0                SAI1_IRQHandler
                0x08002af0                DMA1_Stream3_IRQHandler
 *fill*         0x08002af2        0x2 
 .text.HAL_TIM_PeriodElapsedCallback
                0x08002af4       0x54 ./Drivers/Libraries/Src/invaders.o
                0x08002af4                HAL_TIM_PeriodElapsedCallback
 .text.ssd1306_Reset
                0x08002b48        0xe ./Drivers/Libraries/Src/ssd1306.o
                0x08002b48                ssd1306_Reset
 *fill*         0x08002b56        0x2 
 .text.ssd1306_WriteCommand
                0x08002b58       0x30 ./Drivers/Libraries/Src/ssd1306.o
                0x08002b58                ssd1306_WriteCommand
 .text.ssd1306_WriteData
                0x08002b88       0x34 ./Drivers/Libraries/Src/ssd1306.o
                0x08002b88                ssd1306_WriteData
 .text.ssd1306_Init
                0x08002bbc       0xd4 ./Drivers/Libraries/Src/ssd1306.o
                0x08002bbc                ssd1306_Init
 .text.ssd1306_Fill
                0x08002c90       0x30 ./Drivers/Libraries/Src/ssd1306.o
                0x08002c90                ssd1306_Fill
 .text.ssd1306_UpdateScreen
                0x08002cc0       0x50 ./Drivers/Libraries/Src/ssd1306.o
                0x08002cc0                ssd1306_UpdateScreen
 .text.ssd1306_DrawPixel
                0x08002d10       0xa8 ./Drivers/Libraries/Src/ssd1306.o
                0x08002d10                ssd1306_DrawPixel
 .text.ssd1306_WriteChar
                0x08002db8      0x120 ./Drivers/Libraries/Src/ssd1306.o
                0x08002db8                ssd1306_WriteChar
 .text.ssd1306_WriteString
                0x08002ed8       0x4c ./Drivers/Libraries/Src/ssd1306.o
                0x08002ed8                ssd1306_WriteString
 .text.ssd1306_SetCursor
                0x08002f24       0x30 ./Drivers/Libraries/Src/ssd1306.o
                0x08002f24                ssd1306_SetCursor
 .text.ssd1306_DrawBitmap
                0x08002f54       0xb6 ./Drivers/Libraries/Src/ssd1306.o
                0x08002f54                ssd1306_DrawBitmap
 .text.ssd1306_SetContrast
                0x0800300a       0x26 ./Drivers/Libraries/Src/ssd1306.o
                0x0800300a                ssd1306_SetContrast
 .text.ssd1306_SetDisplayOn
                0x08003030       0x3c ./Drivers/Libraries/Src/ssd1306.o
                0x08003030                ssd1306_SetDisplayOn
 .text.HAL_Init
                0x0800306c       0x1a ./Drivers/STM32F7xx_HAL_Driver/Src/stm32f7xx_hal.o
                0x0800306c                HAL_Init
 *fill*         0x08003086        0x2 
 .text.HAL_InitTick
                0x08003088       0x60 ./Drivers/STM32F7xx_HAL_Driver/Src/stm32f7xx_hal.o
                0x08003088                HAL_InitTick
 .text.HAL_IncTick
                0x080030e8       0x28 ./Drivers/STM32F7xx_HAL_Driver/Src/stm32f7xx_hal.o
                0x080030e8                HAL_IncTick
 .text.HAL_GetTick
                0x08003110       0x18 ./Drivers/STM32F7xx_HAL_Driver/Src/stm32f7xx_hal.o
                0x08003110                HAL_GetTick
 .text.HAL_Delay
                0x08003128       0x48 ./Drivers/STM32F7xx_HAL_Driver/Src/stm32f7xx_hal.o
                0x08003128                HAL_Delay
 .text.__NVIC_SetPriorityGrouping
                0x08003170       0x48 ./Drivers/STM32F7xx_HAL_Driver/Src/stm32f7xx_hal_cortex.o
 .text.__NVIC_GetPriorityGrouping
                0x080031b8       0x1c ./Drivers/STM32F7xx_HAL_Driver/Src/stm32f7xx_hal_cortex.o
 .text.__NVIC_EnableIRQ
                0x080031d4       0x3c ./Drivers/STM32F7xx_HAL_Driver/Src/stm32f7xx_hal_cortex.o
 .text.__NVIC_SetPriority
                0x08003210       0x54 ./Drivers/STM32F7xx_HAL_Driver/Src/stm32f7xx_hal_cortex.o
 .text.NVIC_EncodePriority
                0x08003264       0x66 ./Drivers/STM32F7xx_HAL_Driver/Src/stm32f7xx_hal_cortex.o
 *fill*         0x080032ca        0x2 
 .text.SysTick_Config
                0x080032cc       0x44 ./Drivers/STM32F7xx_HAL_Driver/Src/stm32f7xx_hal_cortex.o
 .text.HAL_NVIC_SetPriorityGrouping
                0x08003310       0x16 ./Drivers/STM32F7xx_HAL_Driver/Src/stm32f7xx_hal_cortex.o
                0x08003310                HAL_NVIC_SetPriorityGrouping
 .text.HAL_NVIC_SetPriority
                0x08003326       0x38 ./Drivers/STM32F7xx_HAL_Driver/Src/stm32f7xx_hal_cortex.o
                0x08003326                HAL_NVIC_SetPriority
 .text.HAL_NVIC_EnableIRQ
                0x0800335e       0x1c ./Drivers/STM32F7xx_HAL_Driver/Src/stm32f7xx_hal_cortex.o
                0x0800335e                HAL_NVIC_EnableIRQ
 .text.HAL_SYSTICK_Config
                0x0800337a       0x18 ./Drivers/STM32F7xx_HAL_Driver/Src/stm32f7xx_hal_cortex.o
                0x0800337a                HAL_SYSTICK_Config
 *fill*         0x08003392        0x2 
 .text.HAL_ETH_Init
                0x08003394      0x134 ./Drivers/STM32F7xx_HAL_Driver/Src/stm32f7xx_hal_eth.o
                0x08003394                HAL_ETH_Init
 .text.ETH_SetMACConfig
                0x080034c8      0x168 ./Drivers/STM32F7xx_HAL_Driver/Src/stm32f7xx_hal_eth.o
 .text.ETH_SetDMAConfig
                0x08003630      0x114 ./Drivers/STM32F7xx_HAL_Driver/Src/stm32f7xx_hal_eth.o
 .text.ETH_MACDMAConfig
                0x08003744       0xea ./Drivers/STM32F7xx_HAL_Driver/Src/stm32f7xx_hal_eth.o
 *fill*         0x0800382e        0x2 
 .text.ETH_MACAddressConfig
                0x08003830       0x70 ./Drivers/STM32F7xx_HAL_Driver/Src/stm32f7xx_hal_eth.o
 .text.ETH_DMATxDescListInit
                0x080038a0       0xb2 ./Drivers/STM32F7xx_HAL_Driver/Src/stm32f7xx_hal_eth.o
 .text.ETH_DMARxDescListInit
                0x08003952       0xde ./Drivers/STM32F7xx_HAL_Driver/Src/stm32f7xx_hal_eth.o
 .text.HAL_GPIO_Init
                0x08003a30      0x358 ./Drivers/STM32F7xx_HAL_Driver/Src/stm32f7xx_hal_gpio.o
                0x08003a30                HAL_GPIO_Init
 .text.HAL_GPIO_ReadPin
                0x08003d88       0x30 ./Drivers/STM32F7xx_HAL_Driver/Src/stm32f7xx_hal_gpio.o
                0x08003d88                HAL_GPIO_ReadPin
 .text.HAL_GPIO_WritePin
                0x08003db8       0x32 ./Drivers/STM32F7xx_HAL_Driver/Src/stm32f7xx_hal_gpio.o
                0x08003db8                HAL_GPIO_WritePin
 .text.HAL_GPIO_TogglePin
                0x08003dea       0x34 ./Drivers/STM32F7xx_HAL_Driver/Src/stm32f7xx_hal_gpio.o
                0x08003dea                HAL_GPIO_TogglePin
 *fill*         0x08003e1e        0x2 
 .text.HAL_GPIO_EXTI_IRQHandler
                0x08003e20       0x30 ./Drivers/STM32F7xx_HAL_Driver/Src/stm32f7xx_hal_gpio.o
                0x08003e20                HAL_GPIO_EXTI_IRQHandler
 .text.HAL_I2C_Init
                0x08003e50      0x138 ./Drivers/STM32F7xx_HAL_Driver/Src/stm32f7xx_hal_i2c.o
                0x08003e50                HAL_I2C_Init
 .text.HAL_I2C_Mem_Write
                0x08003f88      0x228 ./Drivers/STM32F7xx_HAL_Driver/Src/stm32f7xx_hal_i2c.o
                0x08003f88                HAL_I2C_Mem_Write
 .text.HAL_I2C_IsDeviceReady
                0x080041b0      0x1d8 ./Drivers/STM32F7xx_HAL_Driver/Src/stm32f7xx_hal_i2c.o
                0x080041b0                HAL_I2C_IsDeviceReady
 .text.I2C_RequestMemoryWrite
                0x08004388       0xa8 ./Drivers/STM32F7xx_HAL_Driver/Src/stm32f7xx_hal_i2c.o
 .text.I2C_Flush_TXDR
                0x08004430       0x48 ./Drivers/STM32F7xx_HAL_Driver/Src/stm32f7xx_hal_i2c.o
 .text.I2C_WaitOnFlagUntilTimeout
                0x08004478       0xb2 ./Drivers/STM32F7xx_HAL_Driver/Src/stm32f7xx_hal_i2c.o
 .text.I2C_WaitOnTXISFlagUntilTimeout
                0x0800452a       0x8e ./Drivers/STM32F7xx_HAL_Driver/Src/stm32f7xx_hal_i2c.o
 .text.I2C_WaitOnSTOPFlagUntilTimeout
                0x080045b8       0x86 ./Drivers/STM32F7xx_HAL_Driver/Src/stm32f7xx_hal_i2c.o
 *fill*         0x0800463e        0x2 
 .text.I2C_IsErrorOccurred
                0x08004640      0x1c0 ./Drivers/STM32F7xx_HAL_Driver/Src/stm32f7xx_hal_i2c.o
 .text.I2C_TransferConfig
                0x08004800       0x64 ./Drivers/STM32F7xx_HAL_Driver/Src/stm32f7xx_hal_i2c.o
 .text.HAL_I2CEx_ConfigAnalogFilter
                0x08004864       0x96 ./Drivers/STM32F7xx_HAL_Driver/Src/stm32f7xx_hal_i2c_ex.o
                0x08004864                HAL_I2CEx_ConfigAnalogFilter
 .text.HAL_I2CEx_ConfigDigitalFilter
                0x080048fa       0x98 ./Drivers/STM32F7xx_HAL_Driver/Src/stm32f7xx_hal_i2c_ex.o
                0x080048fa                HAL_I2CEx_ConfigDigitalFilter
 *fill*         0x08004992        0x2 
 .text.HAL_I2CEx_EnableFastModePlus
                0x08004994       0x40 ./Drivers/STM32F7xx_HAL_Driver/Src/stm32f7xx_hal_i2c_ex.o
                0x08004994                HAL_I2CEx_EnableFastModePlus
 .text.HAL_PCD_Init
                0x080049d4      0x22c ./Drivers/STM32F7xx_HAL_Driver/Src/stm32f7xx_hal_pcd.o
                0x080049d4                HAL_PCD_Init
 .text.HAL_PCDEx_ActivateLPM
                0x08004c00       0x48 ./Drivers/STM32F7xx_HAL_Driver/Src/stm32f7xx_hal_pcd_ex.o
                0x08004c00                HAL_PCDEx_ActivateLPM
 .text.HAL_PWR_EnableBkUpAccess
                0x08004c48       0x20 ./Drivers/STM32F7xx_HAL_Driver/Src/stm32f7xx_hal_pwr.o
                0x08004c48                HAL_PWR_EnableBkUpAccess
 .text.HAL_PWREx_EnableOverDrive
                0x08004c68       0xa0 ./Drivers/STM32F7xx_HAL_Driver/Src/stm32f7xx_hal_pwr_ex.o
                0x08004c68                HAL_PWREx_EnableOverDrive
 .text.HAL_RCC_OscConfig
                0x08004d08      0x548 ./Drivers/STM32F7xx_HAL_Driver/Src/stm32f7xx_hal_rcc.o
                0x08004d08                HAL_RCC_OscConfig
 .text.HAL_RCC_ClockConfig
                0x08005250      0x1d8 ./Drivers/STM32F7xx_HAL_Driver/Src/stm32f7xx_hal_rcc.o
                0x08005250                HAL_RCC_ClockConfig
 .text.HAL_RCC_GetSysClockFreq
                0x08005428      0x20c ./Drivers/STM32F7xx_HAL_Driver/Src/stm32f7xx_hal_rcc.o
                0x08005428                HAL_RCC_GetSysClockFreq
 .text.HAL_RCC_GetHCLKFreq
                0x08005634       0x18 ./Drivers/STM32F7xx_HAL_Driver/Src/stm32f7xx_hal_rcc.o
                0x08005634                HAL_RCC_GetHCLKFreq
 .text.HAL_RCC_GetPCLK1Freq
                0x0800564c       0x28 ./Drivers/STM32F7xx_HAL_Driver/Src/stm32f7xx_hal_rcc.o
                0x0800564c                HAL_RCC_GetPCLK1Freq
 .text.HAL_RCC_GetPCLK2Freq
                0x08005674       0x28 ./Drivers/STM32F7xx_HAL_Driver/Src/stm32f7xx_hal_rcc.o
                0x08005674                HAL_RCC_GetPCLK2Freq
 .text.HAL_RCCEx_PeriphCLKConfig
                0x0800569c      0x7e0 ./Drivers/STM32F7xx_HAL_Driver/Src/stm32f7xx_hal_rcc_ex.o
                0x0800569c                HAL_RCCEx_PeriphCLKConfig
 .text.HAL_TIM_Base_Init
                0x08005e7c       0xae ./Drivers/STM32F7xx_HAL_Driver/Src/stm32f7xx_hal_tim.o
                0x08005e7c                HAL_TIM_Base_Init
 .text.HAL_TIM_OC_Init
                0x08005f2a       0xae ./Drivers/STM32F7xx_HAL_Driver/Src/stm32f7xx_hal_tim.o
                0x08005f2a                HAL_TIM_OC_Init
 .text.HAL_TIM_OC_MspInit
                0x08005fd8       0x14 ./Drivers/STM32F7xx_HAL_Driver/Src/stm32f7xx_hal_tim.o
                0x08005fd8                HAL_TIM_OC_MspInit
 .text.HAL_TIM_OC_Start
                0x08005fec      0x1f4 ./Drivers/STM32F7xx_HAL_Driver/Src/stm32f7xx_hal_tim.o
                0x08005fec                HAL_TIM_OC_Start
 .text.HAL_TIM_OC_Stop
                0x080061e0      0x100 ./Drivers/STM32F7xx_HAL_Driver/Src/stm32f7xx_hal_tim.o
                0x080061e0                HAL_TIM_OC_Stop
 .text.HAL_TIM_Encoder_Init
                0x080062e0      0x14c ./Drivers/STM32F7xx_HAL_Driver/Src/stm32f7xx_hal_tim.o
                0x080062e0                HAL_TIM_Encoder_Init
 .text.HAL_TIM_Encoder_Start
                0x0800642c      0x11c ./Drivers/STM32F7xx_HAL_Driver/Src/stm32f7xx_hal_tim.o
                0x0800642c                HAL_TIM_Encoder_Start
 .text.HAL_TIM_IRQHandler
                0x08006548      0x20e ./Drivers/STM32F7xx_HAL_Driver/Src/stm32f7xx_hal_tim.o
                0x08006548                HAL_TIM_IRQHandler
 *fill*         0x08006756        0x2 
 .text.HAL_TIM_OC_ConfigChannel
                0x08006758       0xf4 ./Drivers/STM32F7xx_HAL_Driver/Src/stm32f7xx_hal_tim.o
                0x08006758                HAL_TIM_OC_ConfigChannel
 .text.HAL_TIM_ConfigClockSource
                0x0800684c      0x194 ./Drivers/STM32F7xx_HAL_Driver/Src/stm32f7xx_hal_tim.o
                0x0800684c                HAL_TIM_ConfigClockSource
 .text.HAL_TIM_OC_DelayElapsedCallback
                0x080069e0       0x14 ./Drivers/STM32F7xx_HAL_Driver/Src/stm32f7xx_hal_tim.o
                0x080069e0                HAL_TIM_OC_DelayElapsedCallback
 .text.HAL_TIM_IC_CaptureCallback
                0x080069f4       0x14 ./Drivers/STM32F7xx_HAL_Driver/Src/stm32f7xx_hal_tim.o
                0x080069f4                HAL_TIM_IC_CaptureCallback
 .text.HAL_TIM_PWM_PulseFinishedCallback
                0x08006a08       0x14 ./Drivers/STM32F7xx_HAL_Driver/Src/stm32f7xx_hal_tim.o
                0x08006a08                HAL_TIM_PWM_PulseFinishedCallback
 .text.HAL_TIM_TriggerCallback
                0x08006a1c       0x14 ./Drivers/STM32F7xx_HAL_Driver/Src/stm32f7xx_hal_tim.o
                0x08006a1c                HAL_TIM_TriggerCallback
 .text.TIM_Base_SetConfig
                0x08006a30      0x158 ./Drivers/STM32F7xx_HAL_Driver/Src/stm32f7xx_hal_tim.o
                0x08006a30                TIM_Base_SetConfig
 .text.TIM_OC1_SetConfig
                0x08006b88       0xe4 ./Drivers/STM32F7xx_HAL_Driver/Src/stm32f7xx_hal_tim.o
 .text.TIM_OC2_SetConfig
                0x08006c6c       0xf0 ./Drivers/STM32F7xx_HAL_Driver/Src/stm32f7xx_hal_tim.o
                0x08006c6c                TIM_OC2_SetConfig
 .text.TIM_OC3_SetConfig
                0x08006d5c       0xec ./Drivers/STM32F7xx_HAL_Driver/Src/stm32f7xx_hal_tim.o
 .text.TIM_OC4_SetConfig
                0x08006e48       0xb0 ./Drivers/STM32F7xx_HAL_Driver/Src/stm32f7xx_hal_tim.o
 .text.TIM_OC5_SetConfig
                0x08006ef8       0xa4 ./Drivers/STM32F7xx_HAL_Driver/Src/stm32f7xx_hal_tim.o
 .text.TIM_OC6_SetConfig
                0x08006f9c       0xa8 ./Drivers/STM32F7xx_HAL_Driver/Src/stm32f7xx_hal_tim.o
 .text.TIM_TI1_ConfigInputStage
                0x08007044       0x5e ./Drivers/STM32F7xx_HAL_Driver/Src/stm32f7xx_hal_tim.o
 .text.TIM_TI2_ConfigInputStage
                0x080070a2       0x60 ./Drivers/STM32F7xx_HAL_Driver/Src/stm32f7xx_hal_tim.o
 .text.TIM_ITRx_SetConfig
                0x08007102       0x36 ./Drivers/STM32F7xx_HAL_Driver/Src/stm32f7xx_hal_tim.o
 .text.TIM_ETR_SetConfig
                0x08007138       0x40 ./Drivers/STM32F7xx_HAL_Driver/Src/stm32f7xx_hal_tim.o
                0x08007138                TIM_ETR_SetConfig
 .text.TIM_CCxChannelCmd
                0x08007178       0x4a ./Drivers/STM32F7xx_HAL_Driver/Src/stm32f7xx_hal_tim.o
                0x08007178                TIM_CCxChannelCmd
 *fill*         0x080071c2        0x2 
 .text.HAL_TIMEx_MasterConfigSynchronization
                0x080071c4      0x11c ./Drivers/STM32F7xx_HAL_Driver/Src/stm32f7xx_hal_tim_ex.o
                0x080071c4                HAL_TIMEx_MasterConfigSynchronization
 .text.HAL_TIMEx_CommutCallback
                0x080072e0       0x14 ./Drivers/STM32F7xx_HAL_Driver/Src/stm32f7xx_hal_tim_ex.o
                0x080072e0                HAL_TIMEx_CommutCallback
 .text.HAL_TIMEx_BreakCallback
                0x080072f4       0x14 ./Drivers/STM32F7xx_HAL_Driver/Src/stm32f7xx_hal_tim_ex.o
                0x080072f4                HAL_TIMEx_BreakCallback
 .text.HAL_TIMEx_Break2Callback
                0x08007308       0x14 ./Drivers/STM32F7xx_HAL_Driver/Src/stm32f7xx_hal_tim_ex.o
                0x08007308                HAL_TIMEx_Break2Callback
 .text.HAL_UART_Init
                0x0800731c       0x9c ./Drivers/STM32F7xx_HAL_Driver/Src/stm32f7xx_hal_uart.o
                0x0800731c                HAL_UART_Init
 .text.UART_SetConfig
                0x080073b8      0x4c8 ./Drivers/STM32F7xx_HAL_Driver/Src/stm32f7xx_hal_uart.o
                0x080073b8                UART_SetConfig
 .text.UART_AdvFeatureConfig
                0x08007880      0x144 ./Drivers/STM32F7xx_HAL_Driver/Src/stm32f7xx_hal_uart.o
                0x08007880                UART_AdvFeatureConfig
 .text.UART_CheckIdleState
                0x080079c4       0xae ./Drivers/STM32F7xx_HAL_Driver/Src/stm32f7xx_hal_uart.o
                0x080079c4                UART_CheckIdleState
 .text.UART_WaitOnFlagUntilTimeout
                0x08007a72       0xda ./Drivers/STM32F7xx_HAL_Driver/Src/stm32f7xx_hal_uart.o
                0x08007a72                UART_WaitOnFlagUntilTimeout
 .text.UART_EndRxTransfer
                0x08007b4c       0xc8 ./Drivers/STM32F7xx_HAL_Driver/Src/stm32f7xx_hal_uart.o
 .text.USB_CoreInit
                0x08007c14       0xb4 ./Drivers/STM32F7xx_HAL_Driver/Src/stm32f7xx_ll_usb.o
                0x08007c14                USB_CoreInit
 .text.USB_DisableGlobalInt
                0x08007cc8       0x22 ./Drivers/STM32F7xx_HAL_Driver/Src/stm32f7xx_ll_usb.o
                0x08007cc8                USB_DisableGlobalInt
 .text.USB_SetCurrentMode
                0x08007cea       0x98 ./Drivers/STM32F7xx_HAL_Driver/Src/stm32f7xx_ll_usb.o
                0x08007cea                USB_SetCurrentMode
 *fill*         0x08007d82        0x2 
 .text.USB_DevInit
                0x08007d84      0x2bc ./Drivers/STM32F7xx_HAL_Driver/Src/stm32f7xx_ll_usb.o
                0x08007d84                USB_DevInit
 .text.USB_FlushTxFifo
                0x08008040       0x64 ./Drivers/STM32F7xx_HAL_Driver/Src/stm32f7xx_ll_usb.o
                0x08008040                USB_FlushTxFifo
 .text.USB_FlushRxFifo
                0x080080a4       0x5c ./Drivers/STM32F7xx_HAL_Driver/Src/stm32f7xx_ll_usb.o
                0x080080a4                USB_FlushRxFifo
 .text.USB_SetDevSpeed
                0x08008100       0x32 ./Drivers/STM32F7xx_HAL_Driver/Src/stm32f7xx_ll_usb.o
                0x08008100                USB_SetDevSpeed
 .text.USB_DevDisconnect
                0x08008132       0x42 ./Drivers/STM32F7xx_HAL_Driver/Src/stm32f7xx_ll_usb.o
                0x08008132                USB_DevDisconnect
 .text.USB_GetMode
                0x08008174       0x1c ./Drivers/STM32F7xx_HAL_Driver/Src/stm32f7xx_ll_usb.o
                0x08008174                USB_GetMode
 .text.USB_CoreReset
                0x08008190       0x62 ./Drivers/STM32F7xx_HAL_Driver/Src/stm32f7xx_ll_usb.o
 *fill*         0x080081f2        0x2 
 .text.malloc   0x080081f4       0x10 C:/ST/STM32CubeIDE_1.16.0/STM32CubeIDE/plugins/com.st.stm32cube.ide.mcu.externaltools.gnu-tools-for-stm32.13.3.rel1.win32_1.0.0.202411081344/tools/bin/../lib/gcc/arm-none-eabi/13.3.1/../../../../arm-none-eabi/lib/thumb/v7e-m+fp/hard\libc_nano.a(libc_a-malloc.o)
                0x080081f4                malloc
 .text.free     0x08008204       0x10 C:/ST/STM32CubeIDE_1.16.0/STM32CubeIDE/plugins/com.st.stm32cube.ide.mcu.externaltools.gnu-tools-for-stm32.13.3.rel1.win32_1.0.0.202411081344/tools/bin/../lib/gcc/arm-none-eabi/13.3.1/../../../../arm-none-eabi/lib/thumb/v7e-m+fp/hard\libc_nano.a(libc_a-malloc.o)
                0x08008204                free
 .text.sbrk_aligned
                0x08008214       0x44 C:/ST/STM32CubeIDE_1.16.0/STM32CubeIDE/plugins/com.st.stm32cube.ide.mcu.externaltools.gnu-tools-for-stm32.13.3.rel1.win32_1.0.0.202411081344/tools/bin/../lib/gcc/arm-none-eabi/13.3.1/../../../../arm-none-eabi/lib/thumb/v7e-m+fp/hard\libc_nano.a(libc_a-mallocr.o)
 .text._malloc_r
                0x08008258      0x100 C:/ST/STM32CubeIDE_1.16.0/STM32CubeIDE/plugins/com.st.stm32cube.ide.mcu.externaltools.gnu-tools-for-stm32.13.3.rel1.win32_1.0.0.202411081344/tools/bin/../lib/gcc/arm-none-eabi/13.3.1/../../../../arm-none-eabi/lib/thumb/v7e-m+fp/hard\libc_nano.a(libc_a-mallocr.o)
                0x08008258                _malloc_r
 .text.__malloc_lock
                0x08008358        0xc C:/ST/STM32CubeIDE_1.16.0/STM32CubeIDE/plugins/com.st.stm32cube.ide.mcu.externaltools.gnu-tools-for-stm32.13.3.rel1.win32_1.0.0.202411081344/tools/bin/../lib/gcc/arm-none-eabi/13.3.1/../../../../arm-none-eabi/lib/thumb/v7e-m+fp/hard\libc_nano.a(libc_a-mlock.o)
                0x08008358                __malloc_lock
 .text.__malloc_unlock
                0x08008364        0xc C:/ST/STM32CubeIDE_1.16.0/STM32CubeIDE/plugins/com.st.stm32cube.ide.mcu.externaltools.gnu-tools-for-stm32.13.3.rel1.win32_1.0.0.202411081344/tools/bin/../lib/gcc/arm-none-eabi/13.3.1/../../../../arm-none-eabi/lib/thumb/v7e-m+fp/hard\libc_nano.a(libc_a-mlock.o)
                0x08008364                __malloc_unlock
 .text.__cvt    0x08008370       0xca C:/ST/STM32CubeIDE_1.16.0/STM32CubeIDE/plugins/com.st.stm32cube.ide.mcu.externaltools.gnu-tools-for-stm32.13.3.rel1.win32_1.0.0.202411081344/tools/bin/../lib/gcc/arm-none-eabi/13.3.1/../../../../arm-none-eabi/lib/thumb/v7e-m+fp/hard\libc_nano.a(libc_a-nano-vfprintf_float.o)
                0x08008370                __cvt
 .text.__exponent
                0x0800843a       0x74 C:/ST/STM32CubeIDE_1.16.0/STM32CubeIDE/plugins/com.st.stm32cube.ide.mcu.externaltools.gnu-tools-for-stm32.13.3.rel1.win32_1.0.0.202411081344/tools/bin/../lib/gcc/arm-none-eabi/13.3.1/../../../../arm-none-eabi/lib/thumb/v7e-m+fp/hard\libc_nano.a(libc_a-nano-vfprintf_float.o)
                0x0800843a                __exponent
 *fill*         0x080084ae        0x2 
 .text._printf_float
                0x080084b0      0x454 C:/ST/STM32CubeIDE_1.16.0/STM32CubeIDE/plugins/com.st.stm32cube.ide.mcu.externaltools.gnu-tools-for-stm32.13.3.rel1.win32_1.0.0.202411081344/tools/bin/../lib/gcc/arm-none-eabi/13.3.1/../../../../arm-none-eabi/lib/thumb/v7e-m+fp/hard\libc_nano.a(libc_a-nano-vfprintf_float.o)
                0x080084b0                _printf_float
 .text._printf_common
                0x08008904       0xda C:/ST/STM32CubeIDE_1.16.0/STM32CubeIDE/plugins/com.st.stm32cube.ide.mcu.externaltools.gnu-tools-for-stm32.13.3.rel1.win32_1.0.0.202411081344/tools/bin/../lib/gcc/arm-none-eabi/13.3.1/../../../../arm-none-eabi/lib/thumb/v7e-m+fp/hard\libc_nano.a(libc_a-nano-vfprintf_i.o)
                0x08008904                _printf_common
 *fill*         0x080089de        0x2 
 .text._printf_i
                0x080089e0      0x23c C:/ST/STM32CubeIDE_1.16.0/STM32CubeIDE/plugins/com.st.stm32cube.ide.mcu.externaltools.gnu-tools-for-stm32.13.3.rel1.win32_1.0.0.202411081344/tools/bin/../lib/gcc/arm-none-eabi/13.3.1/../../../../arm-none-eabi/lib/thumb/v7e-m+fp/hard\libc_nano.a(libc_a-nano-vfprintf_i.o)
                0x080089e0                _printf_i
 .text.std      0x08008c1c       0x6c C:/ST/STM32CubeIDE_1.16.0/STM32CubeIDE/plugins/com.st.stm32cube.ide.mcu.externaltools.gnu-tools-for-stm32.13.3.rel1.win32_1.0.0.202411081344/tools/bin/../lib/gcc/arm-none-eabi/13.3.1/../../../../arm-none-eabi/lib/thumb/v7e-m+fp/hard\libc_nano.a(libc_a-findfp.o)
 .text.stdio_exit_handler
                0x08008c88       0x18 C:/ST/STM32CubeIDE_1.16.0/STM32CubeIDE/plugins/com.st.stm32cube.ide.mcu.externaltools.gnu-tools-for-stm32.13.3.rel1.win32_1.0.0.202411081344/tools/bin/../lib/gcc/arm-none-eabi/13.3.1/../../../../arm-none-eabi/lib/thumb/v7e-m+fp/hard\libc_nano.a(libc_a-findfp.o)
 .text.cleanup_stdio
                0x08008ca0       0x40 C:/ST/STM32CubeIDE_1.16.0/STM32CubeIDE/plugins/com.st.stm32cube.ide.mcu.externaltools.gnu-tools-for-stm32.13.3.rel1.win32_1.0.0.202411081344/tools/bin/../lib/gcc/arm-none-eabi/13.3.1/../../../../arm-none-eabi/lib/thumb/v7e-m+fp/hard\libc_nano.a(libc_a-findfp.o)
 .text.global_stdio_init.part.0
                0x08008ce0       0x3c C:/ST/STM32CubeIDE_1.16.0/STM32CubeIDE/plugins/com.st.stm32cube.ide.mcu.externaltools.gnu-tools-for-stm32.13.3.rel1.win32_1.0.0.202411081344/tools/bin/../lib/gcc/arm-none-eabi/13.3.1/../../../../arm-none-eabi/lib/thumb/v7e-m+fp/hard\libc_nano.a(libc_a-findfp.o)
 .text.__sfp_lock_acquire
                0x08008d1c        0xc C:/ST/STM32CubeIDE_1.16.0/STM32CubeIDE/plugins/com.st.stm32cube.ide.mcu.externaltools.gnu-tools-for-stm32.13.3.rel1.win32_1.0.0.202411081344/tools/bin/../lib/gcc/arm-none-eabi/13.3.1/../../../../arm-none-eabi/lib/thumb/v7e-m+fp/hard\libc_nano.a(libc_a-findfp.o)
                0x08008d1c                __sfp_lock_acquire
 .text.__sfp_lock_release
                0x08008d28        0xc C:/ST/STM32CubeIDE_1.16.0/STM32CubeIDE/plugins/com.st.stm32cube.ide.mcu.externaltools.gnu-tools-for-stm32.13.3.rel1.win32_1.0.0.202411081344/tools/bin/../lib/gcc/arm-none-eabi/13.3.1/../../../../arm-none-eabi/lib/thumb/v7e-m+fp/hard\libc_nano.a(libc_a-findfp.o)
                0x08008d28                __sfp_lock_release
 .text.__sinit  0x08008d34       0x30 C:/ST/STM32CubeIDE_1.16.0/STM32CubeIDE/plugins/com.st.stm32cube.ide.mcu.externaltools.gnu-tools-for-stm32.13.3.rel1.win32_1.0.0.202411081344/tools/bin/../lib/gcc/arm-none-eabi/13.3.1/../../../../arm-none-eabi/lib/thumb/v7e-m+fp/hard\libc_nano.a(libc_a-findfp.o)
                0x08008d34                __sinit
 .text._fwalk_sglue
                0x08008d64       0x3c C:/ST/STM32CubeIDE_1.16.0/STM32CubeIDE/plugins/com.st.stm32cube.ide.mcu.externaltools.gnu-tools-for-stm32.13.3.rel1.win32_1.0.0.202411081344/tools/bin/../lib/gcc/arm-none-eabi/13.3.1/../../../../arm-none-eabi/lib/thumb/v7e-m+fp/hard\libc_nano.a(libc_a-fwalk.o)
                0x08008d64                _fwalk_sglue
 .text.__sread  0x08008da0       0x22 C:/ST/STM32CubeIDE_1.16.0/STM32CubeIDE/plugins/com.st.stm32cube.ide.mcu.externaltools.gnu-tools-for-stm32.13.3.rel1.win32_1.0.0.202411081344/tools/bin/../lib/gcc/arm-none-eabi/13.3.1/../../../../arm-none-eabi/lib/thumb/v7e-m+fp/hard\libc_nano.a(libc_a-stdio.o)
                0x08008da0                __sread
 .text.__swrite
                0x08008dc2       0x38 C:/ST/STM32CubeIDE_1.16.0/STM32CubeIDE/plugins/com.st.stm32cube.ide.mcu.externaltools.gnu-tools-for-stm32.13.3.rel1.win32_1.0.0.202411081344/tools/bin/../lib/gcc/arm-none-eabi/13.3.1/../../../../arm-none-eabi/lib/thumb/v7e-m+fp/hard\libc_nano.a(libc_a-stdio.o)
                0x08008dc2                __swrite
 .text.__sseek  0x08008dfa       0x24 C:/ST/STM32CubeIDE_1.16.0/STM32CubeIDE/plugins/com.st.stm32cube.ide.mcu.externaltools.gnu-tools-for-stm32.13.3.rel1.win32_1.0.0.202411081344/tools/bin/../lib/gcc/arm-none-eabi/13.3.1/../../../../arm-none-eabi/lib/thumb/v7e-m+fp/hard\libc_nano.a(libc_a-stdio.o)
                0x08008dfa                __sseek
 .text.__sclose
                0x08008e1e        0x8 C:/ST/STM32CubeIDE_1.16.0/STM32CubeIDE/plugins/com.st.stm32cube.ide.mcu.externaltools.gnu-tools-for-stm32.13.3.rel1.win32_1.0.0.202411081344/tools/bin/../lib/gcc/arm-none-eabi/13.3.1/../../../../arm-none-eabi/lib/thumb/v7e-m+fp/hard\libc_nano.a(libc_a-stdio.o)
                0x08008e1e                __sclose
 .text._vsnprintf_r
                0x08008e26       0x5c C:/ST/STM32CubeIDE_1.16.0/STM32CubeIDE/plugins/com.st.stm32cube.ide.mcu.externaltools.gnu-tools-for-stm32.13.3.rel1.win32_1.0.0.202411081344/tools/bin/../lib/gcc/arm-none-eabi/13.3.1/../../../../arm-none-eabi/lib/thumb/v7e-m+fp/hard\libc_nano.a(libc_a-vsnprintf.o)
                0x08008e26                _vsniprintf_r
                0x08008e26                _vsnprintf_r
 *fill*         0x08008e82        0x2 
 .text.vsnprintf
                0x08008e84       0x1c C:/ST/STM32CubeIDE_1.16.0/STM32CubeIDE/plugins/com.st.stm32cube.ide.mcu.externaltools.gnu-tools-for-stm32.13.3.rel1.win32_1.0.0.202411081344/tools/bin/../lib/gcc/arm-none-eabi/13.3.1/../../../../arm-none-eabi/lib/thumb/v7e-m+fp/hard\libc_nano.a(libc_a-vsnprintf.o)
                0x08008e84                vsniprintf
                0x08008e84                vsnprintf
 .text.memmove  0x08008ea0       0x34 C:/ST/STM32CubeIDE_1.16.0/STM32CubeIDE/plugins/com.st.stm32cube.ide.mcu.externaltools.gnu-tools-for-stm32.13.3.rel1.win32_1.0.0.202411081344/tools/bin/../lib/gcc/arm-none-eabi/13.3.1/../../../../arm-none-eabi/lib/thumb/v7e-m+fp/hard\libc_nano.a(libc_a-memmove.o)
                0x08008ea0                memmove
 .text.memset   0x08008ed4       0x10 C:/ST/STM32CubeIDE_1.16.0/STM32CubeIDE/plugins/com.st.stm32cube.ide.mcu.externaltools.gnu-tools-for-stm32.13.3.rel1.win32_1.0.0.202411081344/tools/bin/../lib/gcc/arm-none-eabi/13.3.1/../../../../arm-none-eabi/lib/thumb/v7e-m+fp/hard\libc_nano.a(libc_a-memset.o)
                0x08008ed4                memset
 .text._localeconv_r
                0x08008ee4        0x8 C:/ST/STM32CubeIDE_1.16.0/STM32CubeIDE/plugins/com.st.stm32cube.ide.mcu.externaltools.gnu-tools-for-stm32.13.3.rel1.win32_1.0.0.202411081344/tools/bin/../lib/gcc/arm-none-eabi/13.3.1/../../../../arm-none-eabi/lib/thumb/v7e-m+fp/hard\libc_nano.a(libc_a-localeconv.o)
                0x08008ee4                _localeconv_r
 .text._close_r
                0x08008eec       0x20 C:/ST/STM32CubeIDE_1.16.0/STM32CubeIDE/plugins/com.st.stm32cube.ide.mcu.externaltools.gnu-tools-for-stm32.13.3.rel1.win32_1.0.0.202411081344/tools/bin/../lib/gcc/arm-none-eabi/13.3.1/../../../../arm-none-eabi/lib/thumb/v7e-m+fp/hard\libc_nano.a(libc_a-closer.o)
                0x08008eec                _close_r
 .text._lseek_r
                0x08008f0c       0x24 C:/ST/STM32CubeIDE_1.16.0/STM32CubeIDE/plugins/com.st.stm32cube.ide.mcu.externaltools.gnu-tools-for-stm32.13.3.rel1.win32_1.0.0.202411081344/tools/bin/../lib/gcc/arm-none-eabi/13.3.1/../../../../arm-none-eabi/lib/thumb/v7e-m+fp/hard\libc_nano.a(libc_a-lseekr.o)
                0x08008f0c                _lseek_r
 .text._read_r  0x08008f30       0x24 C:/ST/STM32CubeIDE_1.16.0/STM32CubeIDE/plugins/com.st.stm32cube.ide.mcu.externaltools.gnu-tools-for-stm32.13.3.rel1.win32_1.0.0.202411081344/tools/bin/../lib/gcc/arm-none-eabi/13.3.1/../../../../arm-none-eabi/lib/thumb/v7e-m+fp/hard\libc_nano.a(libc_a-readr.o)
                0x08008f30                _read_r
 .text._sbrk_r  0x08008f54       0x20 C:/ST/STM32CubeIDE_1.16.0/STM32CubeIDE/plugins/com.st.stm32cube.ide.mcu.externaltools.gnu-tools-for-stm32.13.3.rel1.win32_1.0.0.202411081344/tools/bin/../lib/gcc/arm-none-eabi/13.3.1/../../../../arm-none-eabi/lib/thumb/v7e-m+fp/hard\libc_nano.a(libc_a-sbrkr.o)
                0x08008f54                _sbrk_r
 .text._write_r
                0x08008f74       0x24 C:/ST/STM32CubeIDE_1.16.0/STM32CubeIDE/plugins/com.st.stm32cube.ide.mcu.externaltools.gnu-tools-for-stm32.13.3.rel1.win32_1.0.0.202411081344/tools/bin/../lib/gcc/arm-none-eabi/13.3.1/../../../../arm-none-eabi/lib/thumb/v7e-m+fp/hard\libc_nano.a(libc_a-writer.o)
                0x08008f74                _write_r
 .text.__errno  0x08008f98        0xc C:/ST/STM32CubeIDE_1.16.0/STM32CubeIDE/plugins/com.st.stm32cube.ide.mcu.externaltools.gnu-tools-for-stm32.13.3.rel1.win32_1.0.0.202411081344/tools/bin/../lib/gcc/arm-none-eabi/13.3.1/../../../../arm-none-eabi/lib/thumb/v7e-m+fp/hard\libc_nano.a(libc_a-errno.o)
                0x08008f98                __errno
 .text.__libc_init_array
                0x08008fa4       0x48 C:/ST/STM32CubeIDE_1.16.0/STM32CubeIDE/plugins/com.st.stm32cube.ide.mcu.externaltools.gnu-tools-for-stm32.13.3.rel1.win32_1.0.0.202411081344/tools/bin/../lib/gcc/arm-none-eabi/13.3.1/../../../../arm-none-eabi/lib/thumb/v7e-m+fp/hard\libc_nano.a(libc_a-init.o)
                0x08008fa4                __libc_init_array
 .text.__retarget_lock_init_recursive
                0x08008fec        0x2 C:/ST/STM32CubeIDE_1.16.0/STM32CubeIDE/plugins/com.st.stm32cube.ide.mcu.externaltools.gnu-tools-for-stm32.13.3.rel1.win32_1.0.0.202411081344/tools/bin/../lib/gcc/arm-none-eabi/13.3.1/../../../../arm-none-eabi/lib/thumb/v7e-m+fp/hard\libc_nano.a(libc_a-lock.o)
                0x08008fec                __retarget_lock_init_recursive
 .text.__retarget_lock_acquire_recursive
                0x08008fee        0x2 C:/ST/STM32CubeIDE_1.16.0/STM32CubeIDE/plugins/com.st.stm32cube.ide.mcu.externaltools.gnu-tools-for-stm32.13.3.rel1.win32_1.0.0.202411081344/tools/bin/../lib/gcc/arm-none-eabi/13.3.1/../../../../arm-none-eabi/lib/thumb/v7e-m+fp/hard\libc_nano.a(libc_a-lock.o)
                0x08008fee                __retarget_lock_acquire_recursive
 .text.__retarget_lock_release_recursive
                0x08008ff0        0x2 C:/ST/STM32CubeIDE_1.16.0/STM32CubeIDE/plugins/com.st.stm32cube.ide.mcu.externaltools.gnu-tools-for-stm32.13.3.rel1.win32_1.0.0.202411081344/tools/bin/../lib/gcc/arm-none-eabi/13.3.1/../../../../arm-none-eabi/lib/thumb/v7e-m+fp/hard\libc_nano.a(libc_a-lock.o)
                0x08008ff0                __retarget_lock_release_recursive
 .text.memcpy   0x08008ff2       0x1c C:/ST/STM32CubeIDE_1.16.0/STM32CubeIDE/plugins/com.st.stm32cube.ide.mcu.externaltools.gnu-tools-for-stm32.13.3.rel1.win32_1.0.0.202411081344/tools/bin/../lib/gcc/arm-none-eabi/13.3.1/../../../../arm-none-eabi/lib/thumb/v7e-m+fp/hard\libc_nano.a(libc_a-memcpy-stub.o)
                0x08008ff2                memcpy
 .text.quorem   0x0800900e      0x110 C:/ST/STM32CubeIDE_1.16.0/STM32CubeIDE/plugins/com.st.stm32cube.ide.mcu.externaltools.gnu-tools-for-stm32.13.3.rel1.win32_1.0.0.202411081344/tools/bin/../lib/gcc/arm-none-eabi/13.3.1/../../../../arm-none-eabi/lib/thumb/v7e-m+fp/hard\libc_nano.a(libc_a-dtoa.o)
 *fill*         0x0800911e        0x2 
 .text._dtoa_r  0x08009120      0xba0 C:/ST/STM32CubeIDE_1.16.0/STM32CubeIDE/plugins/com.st.stm32cube.ide.mcu.externaltools.gnu-tools-for-stm32.13.3.rel1.win32_1.0.0.202411081344/tools/bin/../lib/gcc/arm-none-eabi/13.3.1/../../../../arm-none-eabi/lib/thumb/v7e-m+fp/hard\libc_nano.a(libc_a-dtoa.o)
                0x08009120                _dtoa_r
 .text._free_r  0x08009cc0       0x94 C:/ST/STM32CubeIDE_1.16.0/STM32CubeIDE/plugins/com.st.stm32cube.ide.mcu.externaltools.gnu-tools-for-stm32.13.3.rel1.win32_1.0.0.202411081344/tools/bin/../lib/gcc/arm-none-eabi/13.3.1/../../../../arm-none-eabi/lib/thumb/v7e-m+fp/hard\libc_nano.a(libc_a-freer.o)
                0x08009cc0                _free_r
 .text._Balloc  0x08009d54       0x80 C:/ST/STM32CubeIDE_1.16.0/STM32CubeIDE/plugins/com.st.stm32cube.ide.mcu.externaltools.gnu-tools-for-stm32.13.3.rel1.win32_1.0.0.202411081344/tools/bin/../lib/gcc/arm-none-eabi/13.3.1/../../../../arm-none-eabi/lib/thumb/v7e-m+fp/hard\libc_nano.a(libc_a-mprec.o)
                0x08009d54                _Balloc
 .text._Bfree   0x08009dd4       0x44 C:/ST/STM32CubeIDE_1.16.0/STM32CubeIDE/plugins/com.st.stm32cube.ide.mcu.externaltools.gnu-tools-for-stm32.13.3.rel1.win32_1.0.0.202411081344/tools/bin/../lib/gcc/arm-none-eabi/13.3.1/../../../../arm-none-eabi/lib/thumb/v7e-m+fp/hard\libc_nano.a(libc_a-mprec.o)
                0x08009dd4                _Bfree
 .text.__multadd
                0x08009e18       0x8c C:/ST/STM32CubeIDE_1.16.0/STM32CubeIDE/plugins/com.st.stm32cube.ide.mcu.externaltools.gnu-tools-for-stm32.13.3.rel1.win32_1.0.0.202411081344/tools/bin/../lib/gcc/arm-none-eabi/13.3.1/../../../../arm-none-eabi/lib/thumb/v7e-m+fp/hard\libc_nano.a(libc_a-mprec.o)
                0x08009e18                __multadd
 .text.__hi0bits
                0x08009ea4       0x3e C:/ST/STM32CubeIDE_1.16.0/STM32CubeIDE/plugins/com.st.stm32cube.ide.mcu.externaltools.gnu-tools-for-stm32.13.3.rel1.win32_1.0.0.202411081344/tools/bin/../lib/gcc/arm-none-eabi/13.3.1/../../../../arm-none-eabi/lib/thumb/v7e-m+fp/hard\libc_nano.a(libc_a-mprec.o)
                0x08009ea4                __hi0bits
 .text.__lo0bits
                0x08009ee2       0x5a C:/ST/STM32CubeIDE_1.16.0/STM32CubeIDE/plugins/com.st.stm32cube.ide.mcu.externaltools.gnu-tools-for-stm32.13.3.rel1.win32_1.0.0.202411081344/tools/bin/../lib/gcc/arm-none-eabi/13.3.1/../../../../arm-none-eabi/lib/thumb/v7e-m+fp/hard\libc_nano.a(libc_a-mprec.o)
                0x08009ee2                __lo0bits
 .text.__i2b    0x08009f3c       0x2c C:/ST/STM32CubeIDE_1.16.0/STM32CubeIDE/plugins/com.st.stm32cube.ide.mcu.externaltools.gnu-tools-for-stm32.13.3.rel1.win32_1.0.0.202411081344/tools/bin/../lib/gcc/arm-none-eabi/13.3.1/../../../../arm-none-eabi/lib/thumb/v7e-m+fp/hard\libc_nano.a(libc_a-mprec.o)
                0x08009f3c                __i2b
 .text.__multiply
                0x08009f68      0x144 C:/ST/STM32CubeIDE_1.16.0/STM32CubeIDE/plugins/com.st.stm32cube.ide.mcu.externaltools.gnu-tools-for-stm32.13.3.rel1.win32_1.0.0.202411081344/tools/bin/../lib/gcc/arm-none-eabi/13.3.1/../../../../arm-none-eabi/lib/thumb/v7e-m+fp/hard\libc_nano.a(libc_a-mprec.o)
                0x08009f68                __multiply
 .text.__pow5mult
                0x0800a0ac       0xb4 C:/ST/STM32CubeIDE_1.16.0/STM32CubeIDE/plugins/com.st.stm32cube.ide.mcu.externaltools.gnu-tools-for-stm32.13.3.rel1.win32_1.0.0.202411081344/tools/bin/../lib/gcc/arm-none-eabi/13.3.1/../../../../arm-none-eabi/lib/thumb/v7e-m+fp/hard\libc_nano.a(libc_a-mprec.o)
                0x0800a0ac                __pow5mult
 .text.__lshift
                0x0800a160       0xd8 C:/ST/STM32CubeIDE_1.16.0/STM32CubeIDE/plugins/com.st.stm32cube.ide.mcu.externaltools.gnu-tools-for-stm32.13.3.rel1.win32_1.0.0.202411081344/tools/bin/../lib/gcc/arm-none-eabi/13.3.1/../../../../arm-none-eabi/lib/thumb/v7e-m+fp/hard\libc_nano.a(libc_a-mprec.o)
                0x0800a160                __lshift
 .text.__mcmp   0x0800a238       0x36 C:/ST/STM32CubeIDE_1.16.0/STM32CubeIDE/plugins/com.st.stm32cube.ide.mcu.externaltools.gnu-tools-for-stm32.13.3.rel1.win32_1.0.0.202411081344/tools/bin/../lib/gcc/arm-none-eabi/13.3.1/../../../../arm-none-eabi/lib/thumb/v7e-m+fp/hard\libc_nano.a(libc_a-mprec.o)
                0x0800a238                __mcmp
 *fill*         0x0800a26e        0x2 
 .text.__mdiff  0x0800a270      0x128 C:/ST/STM32CubeIDE_1.16.0/STM32CubeIDE/plugins/com.st.stm32cube.ide.mcu.externaltools.gnu-tools-for-stm32.13.3.rel1.win32_1.0.0.202411081344/tools/bin/../lib/gcc/arm-none-eabi/13.3.1/../../../../arm-none-eabi/lib/thumb/v7e-m+fp/hard\libc_nano.a(libc_a-mprec.o)
                0x0800a270                __mdiff
 .text.__d2b    0x0800a398       0xb0 C:/ST/STM32CubeIDE_1.16.0/STM32CubeIDE/plugins/com.st.stm32cube.ide.mcu.externaltools.gnu-tools-for-stm32.13.3.rel1.win32_1.0.0.202411081344/tools/bin/../lib/gcc/arm-none-eabi/13.3.1/../../../../arm-none-eabi/lib/thumb/v7e-m+fp/hard\libc_nano.a(libc_a-mprec.o)
                0x0800a398                __d2b
 .text.__ssputs_r
                0x0800a448       0xb6 C:/ST/STM32CubeIDE_1.16.0/STM32CubeIDE/plugins/com.st.stm32cube.ide.mcu.externaltools.gnu-tools-for-stm32.13.3.rel1.win32_1.0.0.202411081344/tools/bin/../lib/gcc/arm-none-eabi/13.3.1/../../../../arm-none-eabi/lib/thumb/v7e-m+fp/hard\libc_nano.a(libc_a-nano-svfprintf.o)
                0x0800a448                __ssputs_r
 *fill*         0x0800a4fe        0x2 
 .text._svfprintf_r
                0x0800a500      0x1f8 C:/ST/STM32CubeIDE_1.16.0/STM32CubeIDE/plugins/com.st.stm32cube.ide.mcu.externaltools.gnu-tools-for-stm32.13.3.rel1.win32_1.0.0.202411081344/tools/bin/../lib/gcc/arm-none-eabi/13.3.1/../../../../arm-none-eabi/lib/thumb/v7e-m+fp/hard\libc_nano.a(libc_a-nano-svfprintf.o)
                0x0800a500                _svfiprintf_r
                0x0800a500                _svfprintf_r
 .text.__sflush_r
                0x0800a6f8      0x108 C:/ST/STM32CubeIDE_1.16.0/STM32CubeIDE/plugins/com.st.stm32cube.ide.mcu.externaltools.gnu-tools-for-stm32.13.3.rel1.win32_1.0.0.202411081344/tools/bin/../lib/gcc/arm-none-eabi/13.3.1/../../../../arm-none-eabi/lib/thumb/v7e-m+fp/hard\libc_nano.a(libc_a-fflush.o)
                0x0800a6f8                __sflush_r
 .text._fflush_r
                0x0800a800       0x50 C:/ST/STM32CubeIDE_1.16.0/STM32CubeIDE/plugins/com.st.stm32cube.ide.mcu.externaltools.gnu-tools-for-stm32.13.3.rel1.win32_1.0.0.202411081344/tools/bin/../lib/gcc/arm-none-eabi/13.3.1/../../../../arm-none-eabi/lib/thumb/v7e-m+fp/hard\libc_nano.a(libc_a-fflush.o)
                0x0800a800                _fflush_r
 .text.__assert_func
                0x0800a850       0x3c C:/ST/STM32CubeIDE_1.16.0/STM32CubeIDE/plugins/com.st.stm32cube.ide.mcu.externaltools.gnu-tools-for-stm32.13.3.rel1.win32_1.0.0.202411081344/tools/bin/../lib/gcc/arm-none-eabi/13.3.1/../../../../arm-none-eabi/lib/thumb/v7e-m+fp/hard\libc_nano.a(libc_a-assert.o)
                0x0800a850                __assert_func
 .text._calloc_r
                0x0800a88c       0x28 C:/ST/STM32CubeIDE_1.16.0/STM32CubeIDE/plugins/com.st.stm32cube.ide.mcu.externaltools.gnu-tools-for-stm32.13.3.rel1.win32_1.0.0.202411081344/tools/bin/../lib/gcc/arm-none-eabi/13.3.1/../../../../arm-none-eabi/lib/thumb/v7e-m+fp/hard\libc_nano.a(libc_a-callocr.o)
                0x0800a88c                _calloc_r
 .text.__ascii_mbtowc
                0x0800a8b4       0x24 C:/ST/STM32CubeIDE_1.16.0/STM32CubeIDE/plugins/com.st.stm32cube.ide.mcu.externaltools.gnu-tools-for-stm32.13.3.rel1.win32_1.0.0.202411081344/tools/bin/../lib/gcc/arm-none-eabi/13.3.1/../../../../arm-none-eabi/lib/thumb/v7e-m+fp/hard\libc_nano.a(libc_a-mbtowc_r.o)
                0x0800a8b4                __ascii_mbtowc
 .text._realloc_r
                0x0800a8d8       0x5c C:/ST/STM32CubeIDE_1.16.0/STM32CubeIDE/plugins/com.st.stm32cube.ide.mcu.externaltools.gnu-tools-for-stm32.13.3.rel1.win32_1.0.0.202411081344/tools/bin/../lib/gcc/arm-none-eabi/13.3.1/../../../../arm-none-eabi/lib/thumb/v7e-m+fp/hard\libc_nano.a(libc_a-reallocr.o)
                0x0800a8d8                _realloc_r
 .text.__ascii_wctomb
                0x0800a934       0x1a C:/ST/STM32CubeIDE_1.16.0/STM32CubeIDE/plugins/com.st.stm32cube.ide.mcu.externaltools.gnu-tools-for-stm32.13.3.rel1.win32_1.0.0.202411081344/tools/bin/../lib/gcc/arm-none-eabi/13.3.1/../../../../arm-none-eabi/lib/thumb/v7e-m+fp/hard\libc_nano.a(libc_a-wctomb_r.o)
                0x0800a934                __ascii_wctomb
 *fill*         0x0800a94e        0x2 
 .text.fprintf  0x0800a950       0x24 C:/ST/STM32CubeIDE_1.16.0/STM32CubeIDE/plugins/com.st.stm32cube.ide.mcu.externaltools.gnu-tools-for-stm32.13.3.rel1.win32_1.0.0.202411081344/tools/bin/../lib/gcc/arm-none-eabi/13.3.1/../../../../arm-none-eabi/lib/thumb/v7e-m+fp/hard\libc_nano.a(libc_a-fprintf.o)
                0x0800a950                fiprintf
                0x0800a950                fprintf
 .text.abort    0x0800a974        0xe C:/ST/STM32CubeIDE_1.16.0/STM32CubeIDE/plugins/com.st.stm32cube.ide.mcu.externaltools.gnu-tools-for-stm32.13.3.rel1.win32_1.0.0.202411081344/tools/bin/../lib/gcc/arm-none-eabi/13.3.1/../../../../arm-none-eabi/lib/thumb/v7e-m+fp/hard\libc_nano.a(libc_a-abort.o)
                0x0800a974                abort
 .text._malloc_usable_size_r
                0x0800a982       0x10 C:/ST/STM32CubeIDE_1.16.0/STM32CubeIDE/plugins/com.st.stm32cube.ide.mcu.externaltools.gnu-tools-for-stm32.13.3.rel1.win32_1.0.0.202411081344/tools/bin/../lib/gcc/arm-none-eabi/13.3.1/../../../../arm-none-eabi/lib/thumb/v7e-m+fp/hard\libc_nano.a(libc_a-msizer.o)
                0x0800a982                _malloc_usable_size_r
 .text.__sfputc_r
                0x0800a992       0x2e C:/ST/STM32CubeIDE_1.16.0/STM32CubeIDE/plugins/com.st.stm32cube.ide.mcu.externaltools.gnu-tools-for-stm32.13.3.rel1.win32_1.0.0.202411081344/tools/bin/../lib/gcc/arm-none-eabi/13.3.1/../../../../arm-none-eabi/lib/thumb/v7e-m+fp/hard\libc_nano.a(libc_a-nano-vfprintf.o)
 .text.__sfputs_r
                0x0800a9c0       0x24 C:/ST/STM32CubeIDE_1.16.0/STM32CubeIDE/plugins/com.st.stm32cube.ide.mcu.externaltools.gnu-tools-for-stm32.13.3.rel1.win32_1.0.0.202411081344/tools/bin/../lib/gcc/arm-none-eabi/13.3.1/../../../../arm-none-eabi/lib/thumb/v7e-m+fp/hard\libc_nano.a(libc_a-nano-vfprintf.o)
                0x0800a9c0                __sfputs_r
 .text._vfprintf_r
                0x0800a9e4      0x230 C:/ST/STM32CubeIDE_1.16.0/STM32CubeIDE/plugins/com.st.stm32cube.ide.mcu.externaltools.gnu-tools-for-stm32.13.3.rel1.win32_1.0.0.202411081344/tools/bin/../lib/gcc/arm-none-eabi/13.3.1/../../../../arm-none-eabi/lib/thumb/v7e-m+fp/hard\libc_nano.a(libc_a-nano-vfprintf.o)
                0x0800a9e4                _vfprintf_r
                0x0800a9e4                _vfiprintf_r
 .text.__swbuf_r
                0x0800ac14       0x7c C:/ST/STM32CubeIDE_1.16.0/STM32CubeIDE/plugins/com.st.stm32cube.ide.mcu.externaltools.gnu-tools-for-stm32.13.3.rel1.win32_1.0.0.202411081344/tools/bin/../lib/gcc/arm-none-eabi/13.3.1/../../../../arm-none-eabi/lib/thumb/v7e-m+fp/hard\libc_nano.a(libc_a-wbuf.o)
                0x0800ac14                __swbuf_r
 .text.__swsetup_r
                0x0800ac90       0xac C:/ST/STM32CubeIDE_1.16.0/STM32CubeIDE/plugins/com.st.stm32cube.ide.mcu.externaltools.gnu-tools-for-stm32.13.3.rel1.win32_1.0.0.202411081344/tools/bin/../lib/gcc/arm-none-eabi/13.3.1/../../../../arm-none-eabi/lib/thumb/v7e-m+fp/hard\libc_nano.a(libc_a-wsetup.o)
                0x0800ac90                __swsetup_r
 .text._raise_r
                0x0800ad3c       0x50 C:/ST/STM32CubeIDE_1.16.0/STM32CubeIDE/plugins/com.st.stm32cube.ide.mcu.externaltools.gnu-tools-for-stm32.13.3.rel1.win32_1.0.0.202411081344/tools/bin/../lib/gcc/arm-none-eabi/13.3.1/../../../../arm-none-eabi/lib/thumb/v7e-m+fp/hard\libc_nano.a(libc_a-signal.o)
                0x0800ad3c                _raise_r
 .text.raise    0x0800ad8c       0x10 C:/ST/STM32CubeIDE_1.16.0/STM32CubeIDE/plugins/com.st.stm32cube.ide.mcu.externaltools.gnu-tools-for-stm32.13.3.rel1.win32_1.0.0.202411081344/tools/bin/../lib/gcc/arm-none-eabi/13.3.1/../../../../arm-none-eabi/lib/thumb/v7e-m+fp/hard\libc_nano.a(libc_a-signal.o)
                0x0800ad8c                raise
 .text._kill_r  0x0800ad9c       0x24 C:/ST/STM32CubeIDE_1.16.0/STM32CubeIDE/plugins/com.st.stm32cube.ide.mcu.externaltools.gnu-tools-for-stm32.13.3.rel1.win32_1.0.0.202411081344/tools/bin/../lib/gcc/arm-none-eabi/13.3.1/../../../../arm-none-eabi/lib/thumb/v7e-m+fp/hard\libc_nano.a(libc_a-signalr.o)
                0x0800ad9c                _kill_r
 .text._getpid_r
                0x0800adc0        0x4 C:/ST/STM32CubeIDE_1.16.0/STM32CubeIDE/plugins/com.st.stm32cube.ide.mcu.externaltools.gnu-tools-for-stm32.13.3.rel1.win32_1.0.0.202411081344/tools/bin/../lib/gcc/arm-none-eabi/13.3.1/../../../../arm-none-eabi/lib/thumb/v7e-m+fp/hard\libc_nano.a(libc_a-signalr.o)
                0x0800adc0                _getpid_r
 .text.__swhatbuf_r
                0x0800adc4       0x4c C:/ST/STM32CubeIDE_1.16.0/STM32CubeIDE/plugins/com.st.stm32cube.ide.mcu.externaltools.gnu-tools-for-stm32.13.3.rel1.win32_1.0.0.202411081344/tools/bin/../lib/gcc/arm-none-eabi/13.3.1/../../../../arm-none-eabi/lib/thumb/v7e-m+fp/hard\libc_nano.a(libc_a-makebuf.o)
                0x0800adc4                __swhatbuf_r
 .text.__smakebuf_r
                0x0800ae10       0x78 C:/ST/STM32CubeIDE_1.16.0/STM32CubeIDE/plugins/com.st.stm32cube.ide.mcu.externaltools.gnu-tools-for-stm32.13.3.rel1.win32_1.0.0.202411081344/tools/bin/../lib/gcc/arm-none-eabi/13.3.1/../../../../arm-none-eabi/lib/thumb/v7e-m+fp/hard\libc_nano.a(libc_a-makebuf.o)
                0x0800ae10                __smakebuf_r
 .text._fstat_r
                0x0800ae88       0x24 C:/ST/STM32CubeIDE_1.16.0/STM32CubeIDE/plugins/com.st.stm32cube.ide.mcu.externaltools.gnu-tools-for-stm32.13.3.rel1.win32_1.0.0.202411081344/tools/bin/../lib/gcc/arm-none-eabi/13.3.1/../../../../arm-none-eabi/lib/thumb/v7e-m+fp/hard\libc_nano.a(libc_a-fstatr.o)
                0x0800ae88                _fstat_r
 .text._isatty_r
                0x0800aeac       0x20 C:/ST/STM32CubeIDE_1.16.0/STM32CubeIDE/plugins/com.st.stm32cube.ide.mcu.externaltools.gnu-tools-for-stm32.13.3.rel1.win32_1.0.0.202411081344/tools/bin/../lib/gcc/arm-none-eabi/13.3.1/../../../../arm-none-eabi/lib/thumb/v7e-m+fp/hard\libc_nano.a(libc_a-isattyr.o)
                0x0800aeac                _isatty_r
 *(.glue_7)
 .glue_7        0x0800aecc        0x0 linker stubs
 *(.glue_7t)
 .glue_7t       0x0800aecc        0x0 linker stubs
 *(.eh_frame)
 .eh_frame      0x0800aecc        0x0 C:/ST/STM32CubeIDE_1.16.0/STM32CubeIDE/plugins/com.st.stm32cube.ide.mcu.externaltools.gnu-tools-for-stm32.13.3.rel1.win32_1.0.0.202411081344/tools/bin/../lib/gcc/arm-none-eabi/13.3.1/thumb/v7e-m+fp/hard/crtbegin.o
 *(.init)
 .init          0x0800aecc        0x4 C:/ST/STM32CubeIDE_1.16.0/STM32CubeIDE/plugins/com.st.stm32cube.ide.mcu.externaltools.gnu-tools-for-stm32.13.3.rel1.win32_1.0.0.202411081344/tools/bin/../lib/gcc/arm-none-eabi/13.3.1/thumb/v7e-m+fp/hard/crti.o
                0x0800aecc                _init
 .init          0x0800aed0        0x8 C:/ST/STM32CubeIDE_1.16.0/STM32CubeIDE/plugins/com.st.stm32cube.ide.mcu.externaltools.gnu-tools-for-stm32.13.3.rel1.win32_1.0.0.202411081344/tools/bin/../lib/gcc/arm-none-eabi/13.3.1/thumb/v7e-m+fp/hard/crtn.o
 *(.fini)
 .fini          0x0800aed8        0x4 C:/ST/STM32CubeIDE_1.16.0/STM32CubeIDE/plugins/com.st.stm32cube.ide.mcu.externaltools.gnu-tools-for-stm32.13.3.rel1.win32_1.0.0.202411081344/tools/bin/../lib/gcc/arm-none-eabi/13.3.1/thumb/v7e-m+fp/hard/crti.o
                0x0800aed8                _fini
 .fini          0x0800aedc        0x8 C:/ST/STM32CubeIDE_1.16.0/STM32CubeIDE/plugins/com.st.stm32cube.ide.mcu.externaltools.gnu-tools-for-stm32.13.3.rel1.win32_1.0.0.202411081344/tools/bin/../lib/gcc/arm-none-eabi/13.3.1/thumb/v7e-m+fp/hard/crtn.o
                0x0800aee4                        . = ALIGN (0x4)
                0x0800aee4                        _etext = .

.vfp11_veneer   0x0800aee4        0x0
 .vfp11_veneer  0x0800aee4        0x0 linker stubs

.v4_bx          0x0800aee4        0x0
 .v4_bx         0x0800aee4        0x0 linker stubs

.iplt           0x0800aee4        0x0
 .iplt          0x0800aee4        0x0 C:/ST/STM32CubeIDE_1.16.0/STM32CubeIDE/plugins/com.st.stm32cube.ide.mcu.externaltools.gnu-tools-for-stm32.13.3.rel1.win32_1.0.0.202411081344/tools/bin/../lib/gcc/arm-none-eabi/13.3.1/thumb/v7e-m+fp/hard/crtbegin.o

.rodata         0x0800aee8     0x2adc
                0x0800aee8                        . = ALIGN (0x4)
 *(.rodata)
 .rodata        0x0800aee8        0x3 ./Core/Src/customMain.o
 *fill*         0x0800aeeb        0x1 
 .rodata        0x0800aeec       0x46 ./Core/Src/menus.o
 *(.rodata*)
 *fill*         0x0800af32        0x2 
 .rodata.AHBPrescTable
                0x0800af34       0x10 ./Core/Src/system_stm32f7xx.o
                0x0800af34                AHBPrescTable
 .rodata.APBPrescTable
                0x0800af44        0x8 ./Core/Src/system_stm32f7xx.o
                0x0800af44                APBPrescTable
 .rodata.gunship
                0x0800af4c        0x8 ./Drivers/Libraries/Src/invaders_assets.o
                0x0800af4c                gunship
 .rodata.Font7x10
                0x0800af54      0x76c ./Drivers/Libraries/Src/ssd1306_fonts.o
 .rodata.Font11x18
                0x0800b6c0      0xd5c ./Drivers/Libraries/Src/ssd1306_fonts.o
 .rodata.Font6x8
                0x0800c41c      0x5f0 ./Drivers/Libraries/Src/ssd1306_fonts.o
 .rodata.Font_6x8
                0x0800ca0c        0xc ./Drivers/Libraries/Src/ssd1306_fonts.o
                0x0800ca0c                Font_6x8
 .rodata.Font_7x10
                0x0800ca18        0xc ./Drivers/Libraries/Src/ssd1306_fonts.o
                0x0800ca18                Font_7x10
 .rodata.Font_11x18
                0x0800ca24        0xc ./Drivers/Libraries/Src/ssd1306_fonts.o
                0x0800ca24                Font_11x18
 .rodata.Return_16x8
                0x0800ca30       0x10 ./Drivers/Libraries/Src/ssd1306_tests.o
                0x0800ca30                Return_16x8
 .rodata.Help_16x8
                0x0800ca40       0x10 ./Drivers/Libraries/Src/ssd1306_tests.o
                0x0800ca40                Help_16x8
 .rodata.CoopC_128x64
                0x0800ca50      0x400 ./Drivers/Libraries/Src/ssd1306_tests.o
                0x0800ca50                CoopC_128x64
 .rodata.CoopF_128x64
                0x0800ce50      0x400 ./Drivers/Libraries/Src/ssd1306_tests.o
                0x0800ce50                CoopF_128x64
 .rodata.CoopR_128x64
                0x0800d250      0x400 ./Drivers/Libraries/Src/ssd1306_tests.o
                0x0800d250                CoopR_128x64
 .rodata._printf_float.str1.1
                0x0800d650      0x171 C:/ST/STM32CubeIDE_1.16.0/STM32CubeIDE/plugins/com.st.stm32cube.ide.mcu.externaltools.gnu-tools-for-stm32.13.3.rel1.win32_1.0.0.202411081344/tools/bin/../lib/gcc/arm-none-eabi/13.3.1/../../../../arm-none-eabi/lib/thumb/v7e-m+fp/hard\libc_nano.a(libc_a-nano-vfprintf_float.o)
                                 0x12 (size before relaxing)
 .rodata._printf_i.str1.1
                0x0800d7c1       0x22 C:/ST/STM32CubeIDE_1.16.0/STM32CubeIDE/plugins/com.st.stm32cube.ide.mcu.externaltools.gnu-tools-for-stm32.13.3.rel1.win32_1.0.0.202411081344/tools/bin/../lib/gcc/arm-none-eabi/13.3.1/../../../../arm-none-eabi/lib/thumb/v7e-m+fp/hard\libc_nano.a(libc_a-nano-vfprintf_i.o)
 .rodata._dtoa_r.str1.1
                0x0800d7c1       0x8f C:/ST/STM32CubeIDE_1.16.0/STM32CubeIDE/plugins/com.st.stm32cube.ide.mcu.externaltools.gnu-tools-for-stm32.13.3.rel1.win32_1.0.0.202411081344/tools/bin/../lib/gcc/arm-none-eabi/13.3.1/../../../../arm-none-eabi/lib/thumb/v7e-m+fp/hard\libc_nano.a(libc_a-dtoa.o)
 .rodata._Balloc.str1.1
                0x0800d7c1       0x70 C:/ST/STM32CubeIDE_1.16.0/STM32CubeIDE/plugins/com.st.stm32cube.ide.mcu.externaltools.gnu-tools-for-stm32.13.3.rel1.win32_1.0.0.202411081344/tools/bin/../lib/gcc/arm-none-eabi/13.3.1/../../../../arm-none-eabi/lib/thumb/v7e-m+fp/hard\libc_nano.a(libc_a-mprec.o)
 .rodata.__multadd.str1.1
                0x0800d7c1       0x11 C:/ST/STM32CubeIDE_1.16.0/STM32CubeIDE/plugins/com.st.stm32cube.ide.mcu.externaltools.gnu-tools-for-stm32.13.3.rel1.win32_1.0.0.202411081344/tools/bin/../lib/gcc/arm-none-eabi/13.3.1/../../../../arm-none-eabi/lib/thumb/v7e-m+fp/hard\libc_nano.a(libc_a-mprec.o)
 *fill*         0x0800d7c1        0x3 
 .rodata.p05.0  0x0800d7c4        0xc C:/ST/STM32CubeIDE_1.16.0/STM32CubeIDE/plugins/com.st.stm32cube.ide.mcu.externaltools.gnu-tools-for-stm32.13.3.rel1.win32_1.0.0.202411081344/tools/bin/../lib/gcc/arm-none-eabi/13.3.1/../../../../arm-none-eabi/lib/thumb/v7e-m+fp/hard\libc_nano.a(libc_a-mprec.o)
 .rodata.__mprec_bigtens
                0x0800d7d0       0x28 C:/ST/STM32CubeIDE_1.16.0/STM32CubeIDE/plugins/com.st.stm32cube.ide.mcu.externaltools.gnu-tools-for-stm32.13.3.rel1.win32_1.0.0.202411081344/tools/bin/../lib/gcc/arm-none-eabi/13.3.1/../../../../arm-none-eabi/lib/thumb/v7e-m+fp/hard\libc_nano.a(libc_a-mprec.o)
                0x0800d7d0                __mprec_bigtens
 .rodata.__mprec_tens
                0x0800d7f8       0xc8 C:/ST/STM32CubeIDE_1.16.0/STM32CubeIDE/plugins/com.st.stm32cube.ide.mcu.externaltools.gnu-tools-for-stm32.13.3.rel1.win32_1.0.0.202411081344/tools/bin/../lib/gcc/arm-none-eabi/13.3.1/../../../../arm-none-eabi/lib/thumb/v7e-m+fp/hard\libc_nano.a(libc_a-mprec.o)
                0x0800d7f8                __mprec_tens
 .rodata._svfprintf_r.str1.1
                0x0800d8c0       0x11 C:/ST/STM32CubeIDE_1.16.0/STM32CubeIDE/plugins/com.st.stm32cube.ide.mcu.externaltools.gnu-tools-for-stm32.13.3.rel1.win32_1.0.0.202411081344/tools/bin/../lib/gcc/arm-none-eabi/13.3.1/../../../../arm-none-eabi/lib/thumb/v7e-m+fp/hard\libc_nano.a(libc_a-nano-svfprintf.o)
 .rodata._setlocale_r.str1.1
                0x0800d8c0        0x9 C:/ST/STM32CubeIDE_1.16.0/STM32CubeIDE/plugins/com.st.stm32cube.ide.mcu.externaltools.gnu-tools-for-stm32.13.3.rel1.win32_1.0.0.202411081344/tools/bin/../lib/gcc/arm-none-eabi/13.3.1/../../../../arm-none-eabi/lib/thumb/v7e-m+fp/hard\libc_nano.a(libc_a-locale.o)
 .rodata.str1.1
                0x0800d8c0        0x2 C:/ST/STM32CubeIDE_1.16.0/STM32CubeIDE/plugins/com.st.stm32cube.ide.mcu.externaltools.gnu-tools-for-stm32.13.3.rel1.win32_1.0.0.202411081344/tools/bin/../lib/gcc/arm-none-eabi/13.3.1/../../../../arm-none-eabi/lib/thumb/v7e-m+fp/hard\libc_nano.a(libc_a-locale.o)
 .rodata.__assert_func.str1.1
                0x0800d8c0       0x3d C:/ST/STM32CubeIDE_1.16.0/STM32CubeIDE/plugins/com.st.stm32cube.ide.mcu.externaltools.gnu-tools-for-stm32.13.3.rel1.win32_1.0.0.202411081344/tools/bin/../lib/gcc/arm-none-eabi/13.3.1/../../../../arm-none-eabi/lib/thumb/v7e-m+fp/hard\libc_nano.a(libc_a-assert.o)
 .rodata._ctype_
                0x0800d8c0      0x101 C:/ST/STM32CubeIDE_1.16.0/STM32CubeIDE/plugins/com.st.stm32cube.ide.mcu.externaltools.gnu-tools-for-stm32.13.3.rel1.win32_1.0.0.202411081344/tools/bin/../lib/gcc/arm-none-eabi/13.3.1/../../../../arm-none-eabi/lib/thumb/v7e-m+fp/hard\libc_nano.a(libc_a-ctype_.o)
                0x0800d8c0                _ctype_
 .rodata._vfprintf_r.str1.1
                0x0800d9c1       0x11 C:/ST/STM32CubeIDE_1.16.0/STM32CubeIDE/plugins/com.st.stm32cube.ide.mcu.externaltools.gnu-tools-for-stm32.13.3.rel1.win32_1.0.0.202411081344/tools/bin/../lib/gcc/arm-none-eabi/13.3.1/../../../../arm-none-eabi/lib/thumb/v7e-m+fp/hard\libc_nano.a(libc_a-nano-vfprintf.o)
                0x0800d9d4                        . = ALIGN (0x4)
 *fill*         0x0800d9c1        0x3 

.ARM.extab      0x0800d9c4        0x0
                0x0800d9c4                        . = ALIGN (0x4)
 *(.ARM.extab* .gnu.linkonce.armextab.*)
                0x0800d9c4                        . = ALIGN (0x4)

.ARM            0x0800d9c4        0x8
                0x0800d9c4                        . = ALIGN (0x4)
                0x0800d9c4                        __exidx_start = .
 *(.ARM.exidx*)
 .ARM.exidx     0x0800d9c4        0x8 C:/ST/STM32CubeIDE_1.16.0/STM32CubeIDE/plugins/com.st.stm32cube.ide.mcu.externaltools.gnu-tools-for-stm32.13.3.rel1.win32_1.0.0.202411081344/tools/bin/../lib/gcc/arm-none-eabi/13.3.1/../../../../arm-none-eabi/lib/thumb/v7e-m+fp/hard\libc_nano.a(libc_a-memchr.o)
 .ARM.exidx     0x0800d9cc        0x0 C:/ST/STM32CubeIDE_1.16.0/STM32CubeIDE/plugins/com.st.stm32cube.ide.mcu.externaltools.gnu-tools-for-stm32.13.3.rel1.win32_1.0.0.202411081344/tools/bin/../lib/gcc/arm-none-eabi/13.3.1/../../../../arm-none-eabi/lib/thumb/v7e-m+fp/hard\libc_nano.a(libc_a-strlen.o)
                                  0x8 (size before relaxing)
 .ARM.exidx     0x0800d9cc        0x0 C:/ST/STM32CubeIDE_1.16.0/STM32CubeIDE/plugins/com.st.stm32cube.ide.mcu.externaltools.gnu-tools-for-stm32.13.3.rel1.win32_1.0.0.202411081344/tools/bin/../lib/gcc/arm-none-eabi/13.3.1/thumb/v7e-m+fp/hard\libgcc.a(_udivmoddi4.o)
                                  0x8 (size before relaxing)
                0x0800d9cc                        __exidx_end = .
                0x0800d9cc                        . = ALIGN (0x4)

.preinit_array  0x0800d9cc        0x0
                0x0800d9cc                        . = ALIGN (0x4)
                0x0800d9cc                        PROVIDE (__preinit_array_start = .)
 *(.preinit_array*)
                0x0800d9cc                        PROVIDE (__preinit_array_end = .)
                0x0800d9cc                        . = ALIGN (0x4)

.init_array     0x0800d9cc        0x4
                0x0800d9cc                        . = ALIGN (0x4)
                0x0800d9cc                        PROVIDE (__init_array_start = .)
 *(SORT_BY_NAME(.init_array.*))
 *(.init_array*)
 .init_array    0x0800d9cc        0x4 C:/ST/STM32CubeIDE_1.16.0/STM32CubeIDE/plugins/com.st.stm32cube.ide.mcu.externaltools.gnu-tools-for-stm32.13.3.rel1.win32_1.0.0.202411081344/tools/bin/../lib/gcc/arm-none-eabi/13.3.1/thumb/v7e-m+fp/hard/crtbegin.o
                0x0800d9d0                        PROVIDE (__init_array_end = .)
                0x0800d9d0                        . = ALIGN (0x4)

.fini_array     0x0800d9d0        0x4
                0x0800d9d0                        . = ALIGN (0x4)
                [!provide]                        PROVIDE (__fini_array_start = .)
 *(SORT_BY_NAME(.fini_array.*))
 *(.fini_array*)
 .fini_array    0x0800d9d0        0x4 C:/ST/STM32CubeIDE_1.16.0/STM32CubeIDE/plugins/com.st.stm32cube.ide.mcu.externaltools.gnu-tools-for-stm32.13.3.rel1.win32_1.0.0.202411081344/tools/bin/../lib/gcc/arm-none-eabi/13.3.1/thumb/v7e-m+fp/hard/crtbegin.o
                [!provide]                        PROVIDE (__fini_array_end = .)
                0x0800d9d4                        . = ALIGN (0x4)
                0x0800d9d4                        _sidata = LOADADDR (.data)

.rel.dyn        0x0800d9d4        0x0
 .rel.iplt      0x0800d9d4        0x0 C:/ST/STM32CubeIDE_1.16.0/STM32CubeIDE/plugins/com.st.stm32cube.ide.mcu.externaltools.gnu-tools-for-stm32.13.3.rel1.win32_1.0.0.202411081344/tools/bin/../lib/gcc/arm-none-eabi/13.3.1/thumb/v7e-m+fp/hard/crtbegin.o

.data           0x20000000      0x328 load address 0x0800d9d4
                0x20000000                        . = ALIGN (0x4)
                0x20000000                        _sdata = .
 *(.data)
 *(.data*)
 .data.millisecondsPerFrame
                0x20000000        0x4 ./Core/Src/customMain.o
                0x20000000                millisecondsPerFrame
 .data.MainMenu
                0x20000004       0x10 ./Core/Src/menus.o
                0x20000004                MainMenu
 .data.ControlMenu
                0x20000014       0x10 ./Core/Src/menus.o
                0x20000014                ControlMenu
 .data.ManualMenu
                0x20000024       0x10 ./Core/Src/menus.o
                0x20000024                ManualMenu
 .data.SpeedMenu
                0x20000034       0x10 ./Core/Src/menus.o
                0x20000034                SpeedMenu
 .data.StepMenu
                0x20000044       0x10 ./Core/Src/menus.o
                0x20000044                StepMenu
 .data.StepMenuItems
                0x20000054        0xc ./Core/Src/menus.o
                0x20000054                StepMenuItems
 .data.SpeedMenuItems
                0x20000060        0xc ./Core/Src/menus.o
                0x20000060                SpeedMenuItems
 .data.ManualMenuItems
                0x2000006c       0x18 ./Core/Src/menus.o
                0x2000006c                ManualMenuItems
 .data.ControlMenuItems
                0x20000084       0x18 ./Core/Src/menus.o
                0x20000084                ControlMenuItems
 .data.MainMenuItems
                0x2000009c       0x24 ./Core/Src/menus.o
                0x2000009c                MainMenuItems
 .data.menuState
                0x200000c0        0x8 ./Core/Src/menus.o
                0x200000c0                menuState
 .data.servo    0x200000c8       0x4c ./Core/Src/servos.o
                0x200000c8                servo
 .data.extiHandlers
                0x20000114       0x40 ./Core/Src/servos.o
                0x20000114                extiHandlers
 .data.SystemCoreClock
                0x20000154        0x4 ./Core/Src/system_stm32f7xx.o
                0x20000154                SystemCoreClock
 .data.uwTickPrio
                0x20000158        0x4 ./Drivers/STM32F7xx_HAL_Driver/Src/stm32f7xx_hal.o
                0x20000158                uwTickPrio
 .data.uwTickFreq
                0x2000015c        0x1 ./Drivers/STM32F7xx_HAL_Driver/Src/stm32f7xx_hal.o
                0x2000015c                uwTickFreq
 *fill*         0x2000015d        0x3 
 .data.__sglue  0x20000160        0xc C:/ST/STM32CubeIDE_1.16.0/STM32CubeIDE/plugins/com.st.stm32cube.ide.mcu.externaltools.gnu-tools-for-stm32.13.3.rel1.win32_1.0.0.202411081344/tools/bin/../lib/gcc/arm-none-eabi/13.3.1/../../../../arm-none-eabi/lib/thumb/v7e-m+fp/hard\libc_nano.a(libc_a-findfp.o)
                0x20000160                __sglue
 .data._impure_ptr
                0x2000016c        0x4 C:/ST/STM32CubeIDE_1.16.0/STM32CubeIDE/plugins/com.st.stm32cube.ide.mcu.externaltools.gnu-tools-for-stm32.13.3.rel1.win32_1.0.0.202411081344/tools/bin/../lib/gcc/arm-none-eabi/13.3.1/../../../../arm-none-eabi/lib/thumb/v7e-m+fp/hard\libc_nano.a(libc_a-impure.o)
                0x2000016c                _impure_ptr
 .data._impure_data
                0x20000170       0x4c C:/ST/STM32CubeIDE_1.16.0/STM32CubeIDE/plugins/com.st.stm32cube.ide.mcu.externaltools.gnu-tools-for-stm32.13.3.rel1.win32_1.0.0.202411081344/tools/bin/../lib/gcc/arm-none-eabi/13.3.1/../../../../arm-none-eabi/lib/thumb/v7e-m+fp/hard\libc_nano.a(libc_a-impure.o)
                0x20000170                _impure_data
 .data.__global_locale
                0x200001bc      0x16c C:/ST/STM32CubeIDE_1.16.0/STM32CubeIDE/plugins/com.st.stm32cube.ide.mcu.externaltools.gnu-tools-for-stm32.13.3.rel1.win32_1.0.0.202411081344/tools/bin/../lib/gcc/arm-none-eabi/13.3.1/../../../../arm-none-eabi/lib/thumb/v7e-m+fp/hard\libc_nano.a(libc_a-locale.o)
                0x200001bc                __global_locale
 *(.RamFunc)
 *(.RamFunc*)
                0x20000328                        . = ALIGN (0x4)
                0x20000328                        _edata = .

.igot.plt       0x20000328        0x0 load address 0x0800dcfc
 .igot.plt      0x20000328        0x0 C:/ST/STM32CubeIDE_1.16.0/STM32CubeIDE/plugins/com.st.stm32cube.ide.mcu.externaltools.gnu-tools-for-stm32.13.3.rel1.win32_1.0.0.202411081344/tools/bin/../lib/gcc/arm-none-eabi/13.3.1/thumb/v7e-m+fp/hard/crtbegin.o

.RxDecripSection
                0x20000328       0xa0 load address 0x0800dcfc
 .RxDecripSection
                0x20000328       0xa0 ./Core/Src/main.o
                0x20000328                DMARxDscrTab

.TxDecripSection
                0x200003c8       0xa0 load address 0x0800dd9c
 .TxDecripSection
                0x200003c8       0xa0 ./Core/Src/main.o
                0x200003c8                DMATxDscrTab
                0x20000468                        . = ALIGN (0x4)

.bss            0x20000468      0xe1c load address 0x0800de3c
                0x20000468                        _sbss = .
                0x20000468                        __bss_start__ = _sbss
 *(.bss)
 .bss           0x20000468       0x1c C:/ST/STM32CubeIDE_1.16.0/STM32CubeIDE/plugins/com.st.stm32cube.ide.mcu.externaltools.gnu-tools-for-stm32.13.3.rel1.win32_1.0.0.202411081344/tools/bin/../lib/gcc/arm-none-eabi/13.3.1/thumb/v7e-m+fp/hard/crtbegin.o
 *(.bss*)
 .bss.prevRPM   0x20000484        0x2 ./Core/Src/control.o
                0x20000484                prevRPM
 *fill*         0x20000486        0x2 
 .bss.startTime
                0x20000488        0x4 ./Core/Src/control.o
                0x20000488                startTime
 .bss.timer     0x2000048c        0x4 ./Core/Src/customMain.o
                0x2000048c                timer
 .bss.oledStatus
                0x20000490        0x1 ./Core/Src/interface.o
                0x20000490                oledStatus
 *fill*         0x20000491        0x3 
 .bss.btnATimer
                0x20000494        0x4 ./Core/Src/interface.o
                0x20000494                btnATimer
 .bss.btnBTimer
                0x20000498        0x4 ./Core/Src/interface.o
                0x20000498                btnBTimer
 .bss.btnEncTimer
                0x2000049c        0x4 ./Core/Src/interface.o