../Drivers/Libraries/Src/ssd1306_tests.c:658:6:ssd1306_TestBorder	16	static
../Drivers/Libraries/Src/ssd1306_tests.c:684:6:ssd1306_TestFonts1	24	static
../Drivers/Libraries/Src/ssd1306_tests.c:717:6:ssd1306_TestFonts2	32	static
../Drivers/Libraries/Src/ssd1306_tests.c:742:6:ssd1306_TestFonts3	16	static
../Drivers/Libraries/Src/ssd1306_tests.c:762:6:ssd1306_TestFPS	120	static
../Drivers/Libraries/Src/ssd1306_tests.c:800:6:ssd1306_TestLine	16	static
../Drivers/Libraries/Src/ssd1306_tests.c:808:6:ssd1306_TestRectangle	32	static
../Drivers/Libraries/Src/ssd1306_tests.c:818:6:ssd1306_TestRectangleFill	16	static
../Drivers/Libraries/Src/ssd1306_tests.c:826:6:ssd1306_TestRectangleInvert	16	static
../Drivers/Libraries/Src/ssd1306_tests.c:850:6:ssd1306_TestCircle	16	static
../Drivers/Libraries/Src/ssd1306_tests.c:865:6:ssd1306_TestArc	16	static
../Drivers/Libraries/Src/ssd1306_tests.c:872:6:ssd1306_TestPolyline	32	static
../Drivers/Libraries/Src/ssd1306_tests.c:889:6:ssd1306_TestDrawBitmap	16	static
../Drivers/Libraries/Src/ssd1306_tests.c:904:6:ssd1306_TestAll	8	static
