Archive member included to satisfy reference by file (symbol)

C:/ST/STM32CubeIDE_1.16.0/STM32CubeIDE/plugins/com.st.stm32cube.ide.mcu.externaltools.gnu-tools-for-stm32.13.3.rel1.win32_1.0.0.202411081344/tools/bin/../lib/gcc/arm-none-eabi/13.3.1/../../../../arm-none-eabi/lib/thumb/v7e-m+dp/hard\libc_nano.a(libc_a-exit.o)
                              C:/ST/STM32CubeIDE_1.16.0/STM32CubeIDE/plugins/com.st.stm32cube.ide.mcu.externaltools.gnu-tools-for-stm32.13.3.rel1.win32_1.0.0.202411081344/tools/bin/../lib/gcc/arm-none-eabi/13.3.1/../../../../arm-none-eabi/lib/thumb/v7e-m+dp/hard/crt0.o (exit)
C:/ST/STM32CubeIDE_1.16.0/STM32CubeIDE/plugins/com.st.stm32cube.ide.mcu.externaltools.gnu-tools-for-stm32.13.3.rel1.win32_1.0.0.202411081344/tools/bin/../lib/gcc/arm-none-eabi/13.3.1/../../../../arm-none-eabi/lib/thumb/v7e-m+dp/hard\libc_nano.a(libc_a-findfp.o)
                              C:/ST/STM32CubeIDE_1.16.0/STM32CubeIDE/plugins/com.st.stm32cube.ide.mcu.externaltools.gnu-tools-for-stm32.13.3.rel1.win32_1.0.0.202411081344/tools/bin/../lib/gcc/arm-none-eabi/13.3.1/../../../../arm-none-eabi/lib/thumb/v7e-m+dp/hard\libc_nano.a(libc_a-exit.o) (__stdio_exit_handler)
C:/ST/STM32CubeIDE_1.16.0/STM32CubeIDE/plugins/com.st.stm32cube.ide.mcu.externaltools.gnu-tools-for-stm32.13.3.rel1.win32_1.0.0.202411081344/tools/bin/../lib/gcc/arm-none-eabi/13.3.1/../../../../arm-none-eabi/lib/thumb/v7e-m+dp/hard\libc_nano.a(libc_a-fwalk.o)
                              C:/ST/STM32CubeIDE_1.16.0/STM32CubeIDE/plugins/com.st.stm32cube.ide.mcu.externaltools.gnu-tools-for-stm32.13.3.rel1.win32_1.0.0.202411081344/tools/bin/../lib/gcc/arm-none-eabi/13.3.1/../../../../arm-none-eabi/lib/thumb/v7e-m+dp/hard\libc_nano.a(libc_a-findfp.o) (_fwalk_sglue)
C:/ST/STM32CubeIDE_1.16.0/STM32CubeIDE/plugins/com.st.stm32cube.ide.mcu.externaltools.gnu-tools-for-stm32.13.3.rel1.win32_1.0.0.202411081344/tools/bin/../lib/gcc/arm-none-eabi/13.3.1/../../../../arm-none-eabi/lib/thumb/v7e-m+dp/hard\libc_nano.a(libc_a-stdio.o)
                              C:/ST/STM32CubeIDE_1.16.0/STM32CubeIDE/plugins/com.st.stm32cube.ide.mcu.externaltools.gnu-tools-for-stm32.13.3.rel1.win32_1.0.0.202411081344/tools/bin/../lib/gcc/arm-none-eabi/13.3.1/../../../../arm-none-eabi/lib/thumb/v7e-m+dp/hard\libc_nano.a(libc_a-findfp.o) (__sread)
C:/ST/STM32CubeIDE_1.16.0/STM32CubeIDE/plugins/com.st.stm32cube.ide.mcu.externaltools.gnu-tools-for-stm32.13.3.rel1.win32_1.0.0.202411081344/tools/bin/../lib/gcc/arm-none-eabi/13.3.1/../../../../arm-none-eabi/lib/thumb/v7e-m+dp/hard\libc_nano.a(libc_a-memset.o)
                              C:/ST/STM32CubeIDE_1.16.0/STM32CubeIDE/plugins/com.st.stm32cube.ide.mcu.externaltools.gnu-tools-for-stm32.13.3.rel1.win32_1.0.0.202411081344/tools/bin/../lib/gcc/arm-none-eabi/13.3.1/../../../../arm-none-eabi/lib/thumb/v7e-m+dp/hard/crt0.o (memset)
C:/ST/STM32CubeIDE_1.16.0/STM32CubeIDE/plugins/com.st.stm32cube.ide.mcu.externaltools.gnu-tools-for-stm32.13.3.rel1.win32_1.0.0.202411081344/tools/bin/../lib/gcc/arm-none-eabi/13.3.1/../../../../arm-none-eabi/lib/thumb/v7e-m+dp/hard\libc_nano.a(libc_a-closer.o)
                              C:/ST/STM32CubeIDE_1.16.0/STM32CubeIDE/plugins/com.st.stm32cube.ide.mcu.externaltools.gnu-tools-for-stm32.13.3.rel1.win32_1.0.0.202411081344/tools/bin/../lib/gcc/arm-none-eabi/13.3.1/../../../../arm-none-eabi/lib/thumb/v7e-m+dp/hard\libc_nano.a(libc_a-stdio.o) (_close_r)
C:/ST/STM32CubeIDE_1.16.0/STM32CubeIDE/plugins/com.st.stm32cube.ide.mcu.externaltools.gnu-tools-for-stm32.13.3.rel1.win32_1.0.0.202411081344/tools/bin/../lib/gcc/arm-none-eabi/13.3.1/../../../../arm-none-eabi/lib/thumb/v7e-m+dp/hard\libc_nano.a(libc_a-reent.o)
                              C:/ST/STM32CubeIDE_1.16.0/STM32CubeIDE/plugins/com.st.stm32cube.ide.mcu.externaltools.gnu-tools-for-stm32.13.3.rel1.win32_1.0.0.202411081344/tools/bin/../lib/gcc/arm-none-eabi/13.3.1/../../../../arm-none-eabi/lib/thumb/v7e-m+dp/hard\libc_nano.a(libc_a-closer.o) (errno)
C:/ST/STM32CubeIDE_1.16.0/STM32CubeIDE/plugins/com.st.stm32cube.ide.mcu.externaltools.gnu-tools-for-stm32.13.3.rel1.win32_1.0.0.202411081344/tools/bin/../lib/gcc/arm-none-eabi/13.3.1/../../../../arm-none-eabi/lib/thumb/v7e-m+dp/hard\libc_nano.a(libc_a-impure.o)
                              C:/ST/STM32CubeIDE_1.16.0/STM32CubeIDE/plugins/com.st.stm32cube.ide.mcu.externaltools.gnu-tools-for-stm32.13.3.rel1.win32_1.0.0.202411081344/tools/bin/../lib/gcc/arm-none-eabi/13.3.1/../../../../arm-none-eabi/lib/thumb/v7e-m+dp/hard\libc_nano.a(libc_a-reent.o) (_impure_ptr)
C:/ST/STM32CubeIDE_1.16.0/STM32CubeIDE/plugins/com.st.stm32cube.ide.mcu.externaltools.gnu-tools-for-stm32.13.3.rel1.win32_1.0.0.202411081344/tools/bin/../lib/gcc/arm-none-eabi/13.3.1/../../../../arm-none-eabi/lib/thumb/v7e-m+dp/hard\libc_nano.a(libc_a-lseekr.o)
[...]
Memory Configuration

Name             Origin             Length             Attributes
FLASH            0x08000000         0x00020000         xr
DTCMRAM          0x20000000         0x00020000         xrw
RAM_D1           0x24000000         0x00080000         xrw
RAM_D2           0x30000000         0x00048000         xrw
RAM_D3           0x38000000         0x00010000         xrw
ITCMRAM          0x00000000         0x00010000         xrw
*default*        0x00000000         0xffffffff

Linker script and memory map

LOAD C:/ST/STM32CubeIDE_1.16.0/STM32CubeIDE/plugins/com.st.stm32cube.ide.mcu.externaltools.gnu-tools-for-stm32.13.3.rel1.win32_1.0.0.202411081344/tools/bin/../lib/gcc/arm-none-eabi/13.3.1/thumb/v7e-m+dp/hard/crti.o
LOAD C:/ST/STM32CubeIDE_1.16.0/STM32CubeIDE/plugins/com.st.stm32cube.ide.mcu.externaltools.gnu-tools-for-stm32.13.3.rel1.win32_1.0.0.202411081344/tools/bin/../lib/gcc/arm-none-eabi/13.3.1/thumb/v7e-m+dp/hard/crtbegin.o
LOAD C:/ST/STM32CubeIDE_1.16.0/STM32CubeIDE/plugins/com.st.stm32cube.ide.mcu.externaltools.gnu-tools-for-stm32.13.3.rel1.win32_1.0.0.202411081344/tools/bin/../lib/gcc/arm-none-eabi/13.3.1/../../../../arm-none-eabi/lib/thumb/v7e-m+dp/hard/crt0.o
LOAD ./Core/Src/main.o
LOAD ./Core/Src/stm32h7xx_hal_msp.o
LOAD ./Core/Src/stm32h7xx_it.o
LOAD ./Core/Src/syscalls.o
LOAD ./Core/Src/sysmem.o
LOAD ./Core/Src/system_stm32h7xx.o
LOAD ./Core/Startup/startup_stm32h750vbtx.o
LOAD ./Drivers/STM32H7xx_HAL_Driver/Src/stm32h7xx_hal.o
LOAD ./Drivers/STM32H7xx_HAL_Driver/Src/stm32h7xx_hal_cortex.o
LOAD ./Drivers/STM32H7xx_HAL_Driver/Src/stm32h7xx_hal_dma.o
LOAD ./Drivers/STM32H7xx_HAL_Driver/Src/stm32h7xx_hal_dma_ex.o
LOAD ./Drivers/STM32H7xx_HAL_Driver/Src/stm32h7xx_hal_exti.o
LOAD ./Drivers/STM32H7xx_HAL_Driver/Src/stm32h7xx_hal_flash.o
LOAD ./Drivers/STM32H7xx_HAL_Driver/Src/stm32h7xx_hal_flash_ex.o
LOAD ./Drivers/STM32H7xx_HAL_Driver/Src/stm32h7xx_hal_gpio.o
LOAD ./Drivers/STM32H7xx_HAL_Driver/Src/stm32h7xx_hal_hrtim.o
LOAD ./Drivers/STM32H7xx_HAL_Driver/Src/stm32h7xx_hal_hsem.o
LOAD ./Drivers/STM32H7xx_HAL_Driver/Src/stm32h7xx_hal_i2c.o
LOAD ./Drivers/STM32H7xx_HAL_Driver/Src/stm32h7xx_hal_i2c_ex.o
LOAD ./Drivers/STM32H7xx_HAL_Driver/Src/stm32h7xx_hal_lptim.o
LOAD ./Drivers/STM32H7xx_HAL_Driver/Src/stm32h7xx_hal_mdma.o
LOAD ./Drivers/STM32H7xx_HAL_Driver/Src/stm32h7xx_hal_pcd.o
LOAD ./Drivers/STM32H7xx_HAL_Driver/Src/stm32h7xx_hal_pcd_ex.o
LOAD ./Drivers/STM32H7xx_HAL_Driver/Src/stm32h7xx_hal_pwr.o
LOAD ./Drivers/STM32H7xx_HAL_Driver/Src/stm32h7xx_hal_pwr_ex.o
LOAD ./Drivers/STM32H7xx_HAL_Driver/Src/stm32h7xx_hal_rcc.o
LOAD ./Drivers/STM32H7xx_HAL_Driver/Src/stm32h7xx_hal_rcc_ex.o
LOAD ./Drivers/STM32H7xx_HAL_Driver/Src/stm32h7xx_hal_tim.o
LOAD ./Drivers/STM32H7xx_HAL_Driver/Src/stm32h7xx_hal_tim_ex.o
LOAD ./Drivers/STM32H7xx_HAL_Driver/Src/stm32h7xx_hal_uart.o
LOAD ./Drivers/STM32H7xx_HAL_Driver/Src/stm32h7xx_hal_uart_ex.o
LOAD ./Drivers/STM32H7xx_HAL_Driver/Src/stm32h7xx_ll_usb.o
LOAD ./Middlewares/ST/STM32_USB_Device_Library/Class/CDC/Src/usbd_cdc.o
LOAD ./Middlewares/ST/STM32_USB_Device_Library/Core/Src/usbd_core.o
LOAD ./Middlewares/ST/STM32_USB_Device_Library/Core/Src/usbd_ctlreq.o
LOAD ./Middlewares/ST/STM32_USB_Device_Library/Core/Src/usbd_ioreq.o
LOAD ./USB_DEVICE/App/usb_device.o
LOAD ./USB_DEVICE/App/usbd_cdc_if.o
LOAD ./USB_DEVICE/App/usbd_desc.o
LOAD ./USB_DEVICE/Target/usbd_conf.o
START GROUP
LOAD C:/ST/STM32CubeIDE_1.16.0/STM32CubeIDE/plugins/com.st.stm32cube.ide.mcu.externaltools.gnu-tools-for-stm32.13.3.rel1.win32_1.0.0.202411081344/tools/bin/../lib/gcc/arm-none-eabi/13.3.1/../../../../arm-none-eabi/lib/thumb/v7e-m+dp/hard\libc_nano.a
LOAD C:/ST/STM32CubeIDE_1.16.0/STM32CubeIDE/plugins/com.st.stm32cube.ide.mcu.externaltools.gnu-tools-for-stm32.13.3.rel1.win32_1.0.0.202411081344/tools/bin/../lib/gcc/arm-none-eabi/13.3.1/../../../../arm-none-eabi/lib/thumb/v7e-m+dp/hard\libm.a
END GROUP
START GROUP
LOAD C:/ST/STM32CubeIDE_1.16.0/STM32CubeIDE/plugins/com.st.stm32cube.ide.mcu.externaltools.gnu-tools-for-stm32.13.3.rel1.win32_1.0.0.202411081344/tools/bin/../lib/gcc/arm-none-eabi/13.3.1/thumb/v7e-m+dp/hard\libgcc.a
LOAD C:/ST/STM32CubeIDE_1.16.0/STM32CubeIDE/plugins/com.st.stm32cube.ide.mcu.externaltools.gnu-tools-for-stm32.13.3.rel1.win32_1.0.0.202411081344/tools/bin/../lib/gcc/arm-none-eabi/13.3.1/../../../../arm-none-eabi/lib/thumb/v7e-m+dp/hard\libc_nano.a
END GROUP
START GROUP
LOAD C:/ST/STM32CubeIDE_1.16.0/STM32CubeIDE/plugins/com.st.stm32cube.ide.mcu.externaltools.gnu-tools-for-stm32.13.3.rel1.win32_1.0.0.202411081344/tools/bin/../lib/gcc/arm-none-eabi/13.3.1/thumb/v7e-m+dp/hard\libgcc.a
LOAD C:/ST/STM32CubeIDE_1.16.0/STM32CubeIDE/plugins/com.st.stm32cube.ide.mcu.externaltools.gnu-tools-for-stm32.13.3.rel1.win32_1.0.0.202411081344/tools/bin/../lib/gcc/arm-none-eabi/13.3.1/../../../../arm-none-eabi/lib/thumb/v7e-m+dp/hard\libc_nano.a
LOAD C:/ST/STM32CubeIDE_1.16.0/STM32CubeIDE/plugins/com.st.stm32cube.ide.mcu.externaltools.gnu-tools-for-stm32.13.3.rel1.win32_1.0.0.202411081344/tools/bin/../lib/gcc/arm-none-eabi/13.3.1/../../../../arm-none-eabi/lib/thumb/v7e-m+dp/hard\libnosys.a
END GROUP
START GROUP
LOAD C:/ST/STM32CubeIDE_1.16.0/STM32CubeIDE/plugins/com.st.stm32cube.ide.mcu.externaltools.gnu-tools-for-stm32.13.3.rel1.win32_1.0.0.202411081344/tools/bin/../lib/gcc/arm-none-eabi/13.3.1/thumb/v7e-m+dp/hard\libgcc.a
LOAD C:/ST/STM32CubeIDE_1.16.0/STM32CubeIDE/plugins/com.st.stm32cube.ide.mcu.externaltools.gnu-tools-for-stm32.13.3.rel1.win32_1.0.0.202411081344/tools/bin/../lib/gcc/arm-none-eabi/13.3.1/../../../../arm-none-eabi/lib/thumb/v7e-m+dp/hard\libc_nano.a
LOAD C:/ST/STM32CubeIDE_1.16.0/STM32CubeIDE/plugins/com.st.stm32cube.ide.mcu.externaltools.gnu-tools-for-stm32.13.3.rel1.win32_1.0.0.202411081344/tools/bin/../lib/gcc/arm-none-eabi/13.3.1/../../../../arm-none-eabi/lib/thumb/v7e-m+dp/hard\libnosys.a
END GROUP
LOAD C:/ST/STM32CubeIDE_1.16.0/STM32CubeIDE/plugins/com.st.stm32cube.ide.mcu.externaltools.gnu-tools-for-stm32.13.3.rel1.win32_1.0.0.202411081344/tools/bin/../lib/gcc/arm-none-eabi/13.3.1/thumb/v7e-m+dp/hard/crtend.o
LOAD C:/ST/STM32CubeIDE_1.16.0/STM32CubeIDE/plugins/com.st.stm32cube.ide.mcu.externaltools.gnu-tools-for-stm32.13.3.rel1.win32_1.0.0.202411081344/tools/bin/../lib/gcc/arm-none-eabi/13.3.1/thumb/v7e-m+dp/hard/crtn.o
                0x24080000                        _estack = (ORIGIN (RAM_D1) + LENGTH (RAM_D1))
                0x00000200                        _Min_Heap_Size = 0x200
                0x00000400                        _Min_Stack_Size = 0x400

.isr_vector     0x08000000      0x298
                0x08000000                        . = ALIGN (0x4)
 *(.isr_vector)
 .isr_vector    0x08000000      0x298 ./Core/Startup/startup_stm32h750vbtx.o
                0x08000000                g_pfnVectors
                0x08000298                        . = ALIGN (0x4)

.text           0x08000298     0xd904
                0x08000298                        . = ALIGN (0x4)
 *(.text)
 .text          0x08000298       0x40 C:/ST/STM32CubeIDE_1.16.0/STM32CubeIDE/plugins/com.st.stm32cube.ide.mcu.externaltools.gnu-tools-for-stm32.13.3.rel1.win32_1.0.0.202411081344/tools/bin/../lib/gcc/arm-none-eabi/13.3.1/thumb/v7e-m+dp/hard/crtbegin.o
 .text          0x080002d8       0x30 C:/ST/STM32CubeIDE_1.16.0/STM32CubeIDE/plugins/com.st.stm32cube.ide.mcu.externaltools.gnu-tools-for-stm32.13.3.rel1.win32_1.0.0.202411081344/tools/bin/../lib/gcc/arm-none-eabi/13.3.1/thumb/v7e-m+dp/hard\libgcc.a(_aeabi_uldivmod.o)
                0x080002d8                __aeabi_uldivmod
 .text          0x08000308      0x2f8 C:/ST/STM32CubeIDE_1.16.0/STM32CubeIDE/plugins/com.st.stm32cube.ide.mcu.externaltools.gnu-tools-for-stm32.13.3.rel1.win32_1.0.0.202411081344/tools/bin/../lib/gcc/arm-none-eabi/13.3.1/thumb/v7e-m+dp/hard\libgcc.a(_udivmoddi4.o)
                0x08000308                __udivmoddi4
 .text          0x08000600        0x4 C:/ST/STM32CubeIDE_1.16.0/STM32CubeIDE/plugins/com.st.stm32cube.ide.mcu.externaltools.gnu-tools-for-stm32.13.3.rel1.win32_1.0.0.202411081344/tools/bin/../lib/gcc/arm-none-eabi/13.3.1/thumb/v7e-m+dp/hard\libgcc.a(_dvmd_tls.o)
                0x08000600                __aeabi_idiv0
                0x08000600                __aeabi_ldiv0
 *(.text*)
 .text.main     0x08000604       0x58 ./Core/Src/main.o
                0x08000604                main
 .text.SystemClock_Config
                0x0800065c       0xf8 ./Core/Src/main.o
                0x0800065c                SystemClock_Config
 .text.MX_HRTIM_Init
                0x08000754      0x1c4 ./Core/Src/main.o
 .text.MX_I2C1_Init
                0x08000918       0x80 ./Core/Src/main.o
 .text.MX_I2C4_Init
                0x08000998       0x80 ./Core/Src/main.o
 .text.MX_LPTIM2_Init
                0x08000a18       0x68 ./Core/Src/main.o
 .text.MX_TIM1_Init
                0x08000a80       0xb4 ./Core/Src/main.o
 .text.MX_TIM2_Init
                0x08000b34       0xa8 ./Core/Src/main.o
 .text.MX_TIM3_Init
                0x08000bdc       0xac ./Core/Src/main.o
 .text.MX_TIM4_Init
                0x08000c88       0xac ./Core/Src/main.o
 .text.MX_TIM5_Init
                0x08000d34       0xac ./Core/Src/main.o
 .text.MX_TIM8_Init
                0x08000de0      0x154 ./Core/Src/main.o
 .text.MX_TIM12_Init
                0x08000f34       0xb4 ./Core/Src/main.o
 .text.MX_TIM13_Init
                0x08000fe8       0x9c ./Core/Src/main.o
 .text.MX_TIM14_Init
                0x08001084       0x9c ./Core/Src/main.o
 .text.MX_USART2_UART_Init
                0x08001120       0x98 ./Core/Src/main.o
 .text.MX_USART3_UART_Init
                0x080011b8       0x98 ./Core/Src/main.o
 .text.MX_GPIO_Init
                0x08001250      0x258 ./Core/Src/main.o
 .text.MPU_Config
                0x080014a8       0x58 ./Core/Src/main.o
 .text.Error_Handler
                0x08001500        0xc ./Core/Src/main.o
                0x08001500                Error_Handler
 .text.HAL_MspInit
                0x0800150c       0x34 ./Core/Src/stm32h7xx_hal_msp.o
                0x0800150c                HAL_MspInit
 .text.HAL_HRTIM_MspInit
                0x08001540       0x74 ./Core/Src/stm32h7xx_hal_msp.o
                0x08001540                HAL_HRTIM_MspInit
 .text.HAL_HRTIM_MspPostInit
                0x080015b4       0xbc ./Core/Src/stm32h7xx_hal_msp.o
                0x080015b4                HAL_HRTIM_MspPostInit
 .text.HAL_I2C_MspInit
                0x08001670      0x170 ./Core/Src/stm32h7xx_hal_msp.o
                0x08001670                HAL_I2C_MspInit
 .text.HAL_LPTIM_MspInit
                0x080017e0      0x120 ./Core/Src/stm32h7xx_hal_msp.o
                0x080017e0                HAL_LPTIM_MspInit
 .text.HAL_TIM_Encoder_MspInit
                0x08001900      0x290 ./Core/Src/stm32h7xx_hal_msp.o
                0x08001900                HAL_TIM_Encoder_MspInit
 .text.HAL_TIM_Base_MspInit
                0x08001b90       0xa0 ./Core/Src/stm32h7xx_hal_msp.o
                0x08001b90                HAL_TIM_Base_MspInit
 .text.HAL_TIM_OC_MspInit
                0x08001c30       0x44 ./Core/Src/stm32h7xx_hal_msp.o
                0x08001c30                HAL_TIM_OC_MspInit
 .text.HAL_TIM_MspPostInit
                0x08001c74      0x16c ./Core/Src/stm32h7xx_hal_msp.o
                0x08001c74                HAL_TIM_MspPostInit
 .text.HAL_UART_MspInit
                0x08001de0      0x174 ./Core/Src/stm32h7xx_hal_msp.o
                0x08001de0                HAL_UART_MspInit
 .text.NMI_Handler
                0x08001f54        0x8 ./Core/Src/stm32h7xx_it.o
                0x08001f54                NMI_Handler
 .text.HardFault_Handler
                0x08001f5c        0x8 ./Core/Src/stm32h7xx_it.o
                0x08001f5c                HardFault_Handler
 .text.MemManage_Handler
                0x08001f64        0x8 ./Core/Src/stm32h7xx_it.o
                0x08001f64                MemManage_Handler
 .text.BusFault_Handler
                0x08001f6c        0x8 ./Core/Src/stm32h7xx_it.o
                0x08001f6c                BusFault_Handler
 .text.UsageFault_Handler
                0x08001f74        0x8 ./Core/Src/stm32h7xx_it.o
                0x08001f74                UsageFault_Handler
 .text.SVC_Handler
                0x08001f7c        0xe ./Core/Src/stm32h7xx_it.o
                0x08001f7c                SVC_Handler
 .text.DebugMon_Handler
                0x08001f8a        0xe ./Core/Src/stm32h7xx_it.o
                0x08001f8a                DebugMon_Handler
 .text.PendSV_Handler
                0x08001f98        0xe ./Core/Src/stm32h7xx_it.o
                0x08001f98                PendSV_Handler
 .text.SysTick_Handler
                0x08001fa6        0xc ./Core/Src/stm32h7xx_it.o
                0x08001fa6                SysTick_Handler
 *fill*         0x08001fb2        0x2 
 .text.OTG_FS_IRQHandler
                0x08001fb4       0x14 ./Core/Src/stm32h7xx_it.o
                0x08001fb4                OTG_FS_IRQHandler
 .text.SystemInit
                0x08001fc8      0x140 ./Core/Src/system_stm32h7xx.o
                0x08001fc8                SystemInit
 .text.ExitRun0Mode
                0x08002108       0x30 ./Core/Src/system_stm32h7xx.o
                0x08002108                ExitRun0Mode
 .text.Reset_Handler
                0x08002138       0x54 ./Core/Startup/startup_stm32h750vbtx.o
                0x08002138                Reset_Handler
 .text.Default_Handler
                0x0800218c        0x2 ./Core/Startup/startup_stm32h750vbtx.o
                0x0800218c                RTC_Alarm_IRQHandler
                0x0800218c                HASH_RNG_IRQHandler
                0x0800218c                EXTI2_IRQHandler
                0x0800218c                TIM8_CC_IRQHandler
                0x0800218c                HRTIM1_Master_IRQHandler
                0x0800218c                UART8_IRQHandler
                0x0800218c                SPI4_IRQHandler
                0x0800218c                TIM1_CC_IRQHandler
                0x0800218c                BDMA_Channel6_IRQHandler
                0x0800218c                DMA2_Stream5_IRQHandler
                0x0800218c                HRTIM1_FLT_IRQHandler
                0x0800218c                JPEG_IRQHandler
                0x0800218c                DMA1_Stream5_IRQHandler
                0x0800218c                BDMA_Channel1_IRQHandler
                0x0800218c                HRTIM1_TIMD_IRQHandler
                0x0800218c                TAMP_STAMP_IRQHandler
                0x0800218c                EXTI3_IRQHandler
                0x0800218c                LPTIM4_IRQHandler
                0x0800218c                TIM8_TRG_COM_TIM14_IRQHandler
                0x0800218c                LPTIM2_IRQHandler
                0x0800218c                DFSDM1_FLT1_IRQHandler
                0x0800218c                DMAMUX2_OVR_IRQHandler
                0x0800218c                TIM8_UP_TIM13_IRQHandler
                0x0800218c                I2C3_ER_IRQHandler
                0x0800218c                DFSDM1_FLT2_IRQHandler
                0x0800218c                MDMA_IRQHandler
                0x0800218c                LPTIM3_IRQHandler
                0x0800218c                HSEM1_IRQHandler
                0x0800218c                EXTI0_IRQHandler
                0x0800218c                I2C2_EV_IRQHandler
                0x0800218c                DMA1_Stream2_IRQHandler
                0x0800218c                FPU_IRQHandler
                0x0800218c                OTG_HS_WKUP_IRQHandler
                0x0800218c                FDCAN1_IT1_IRQHandler
                0x0800218c                LTDC_ER_IRQHandler
                0x0800218c                DMA2_Stream2_IRQHandler
                0x0800218c                HRTIM1_TIME_IRQHandler
                0x0800218c                SPI1_IRQHandler
                0x0800218c                TIM6_DAC_IRQHandler
                0x0800218c                DCMI_IRQHandler
                0x0800218c                HRTIM1_TIMC_IRQHandler
                0x0800218c                DMA2_Stream3_IRQHandler
                0x0800218c                SAI2_IRQHandler
                0x0800218c                DFSDM1_FLT3_IRQHandler
                0x0800218c                USART6_IRQHandler
                0x0800218c                TIM17_IRQHandler
                0x0800218c                USART3_IRQHandler
                0x0800218c                BDMA_Channel7_IRQHandler
                0x0800218c                CRYP_IRQHandler
                0x0800218c                LPTIM5_IRQHandler
                0x0800218c                UART5_IRQHandler
                0x0800218c                ADC3_IRQHandler
                0x0800218c                DMA2_Stream0_IRQHandler
                0x0800218c                TIM4_IRQHandler
                0x0800218c                BDMA_Channel2_IRQHandler
                0x0800218c                QUADSPI_IRQHandler
                0x0800218c                I2C1_EV_IRQHandler
                0x0800218c                DMA1_Stream6_IRQHandler
                0x0800218c                DMAMUX1_OVR_IRQHandler
                0x0800218c                DMA1_Stream1_IRQHandler
                0x0800218c                TIM16_IRQHandler
                0x0800218c                UART4_IRQHandler
                0x0800218c                BDMA_Channel5_IRQHandler
                0x0800218c                TIM3_IRQHandler
                0x0800218c                RCC_IRQHandler
                0x0800218c                TIM8_BRK_TIM12_IRQHandler
                0x0800218c                TIM1_TRG_COM_IRQHandler
                0x0800218c                Default_Handler
                0x0800218c                ECC_IRQHandler
                0x0800218c                CEC_IRQHandler
                0x0800218c                EXTI15_10_IRQHandler
                0x0800218c                BDMA_Channel0_IRQHandler
                0x0800218c                ADC_IRQHandler
                0x0800218c                DMA1_Stream7_IRQHandler
                0x0800218c                HRTIM1_TIMA_IRQHandler
                0x0800218c                SPI5_IRQHandler
                0x0800218c                TIM7_IRQHandler
                0x0800218c                SDMMC1_IRQHandler
                0x0800218c                TIM5_IRQHandler
                0x0800218c                DMA2_Stream7_IRQHandler
                0x0800218c                TIM15_IRQHandler
                0x0800218c                PVD_AVD_IRQHandler
                0x0800218c                I2C3_EV_IRQHandler
                0x0800218c                EXTI9_5_IRQHandler
                0x0800218c                RTC_WKUP_IRQHandler
                0x0800218c                LTDC_IRQHandler
                0x0800218c                SAI3_IRQHandler
                0x0800218c                ETH_WKUP_IRQHandler
                0x0800218c                SPDIF_RX_IRQHandler
                0x0800218c                SPI2_IRQHandler
                0x0800218c                OTG_HS_EP1_IN_IRQHandler
                0x0800218c                DMA1_Stream0_IRQHandler
                0x0800218c                CRS_IRQHandler
                0x0800218c                EXTI4_IRQHandler
                0x0800218c                HRTIM1_TIMB_IRQHandler
                0x0800218c                FDCAN2_IT1_IRQHandler
                0x0800218c                ETH_IRQHandler
                0x0800218c                TIM1_UP_IRQHandler
                0x0800218c                BDMA_Channel4_IRQHandler
                0x0800218c                OTG_HS_EP1_OUT_IRQHandler
                0x0800218c                WWDG_IRQHandler
                0x0800218c                SPI6_IRQHandler
                0x0800218c                MDIOS_IRQHandler
                0x0800218c                I2C4_EV_IRQHandler
                0x0800218c                FDCAN2_IT0_IRQHandler
                0x0800218c                LPUART1_IRQHandler
                0x0800218c                FDCAN1_IT0_IRQHandler
                0x0800218c                TIM2_IRQHandler
                0x0800218c                OTG_FS_WKUP_IRQHandler
                0x0800218c                OTG_HS_IRQHandler
                0x0800218c                DMA2D_IRQHandler
                0x0800218c                TIM1_BRK_IRQHandler
                0x0800218c                EXTI1_IRQHandler
                0x0800218c                SDMMC2_IRQHandler
                0x0800218c                OTG_FS_EP1_OUT_IRQHandler
                0x0800218c                BDMA_Channel3_IRQHandler
                0x0800218c                UART7_IRQHandler
                0x0800218c                MDIOS_WKUP_IRQHandler
                0x0800218c                USART2_IRQHandler
                0x0800218c                DFSDM1_FLT0_IRQHandler
                0x0800218c                SAI4_IRQHandler
                0x0800218c                I2C2_ER_IRQHandler
                0x0800218c                DMA2_Stream1_IRQHandler
                0x0800218c                FLASH_IRQHandler
                0x0800218c                DMA2_Stream4_IRQHandler
                0x0800218c                USART1_IRQHandler
                0x0800218c                SPI3_IRQHandler
                0x0800218c                WAKEUP_PIN_IRQHandler
                0x0800218c                DMA1_Stream4_IRQHandler
                0x0800218c                OTG_FS_EP1_IN_IRQHandler
                0x0800218c                I2C1_ER_IRQHandler
                0x0800218c                FMC_IRQHandler
                0x0800218c                FDCAN_CAL_IRQHandler
                0x0800218c                SWPMI1_IRQHandler
                0x0800218c                COMP1_IRQHandler
                0x0800218c                LPTIM1_IRQHandler
                0x0800218c                I2C4_ER_IRQHandler
                0x0800218c                DMA2_Stream6_IRQHandler
                0x0800218c                SAI1_IRQHandler
                0x0800218c                DMA1_Stream3_IRQHandler
 *fill*         0x0800218e        0x2 
 .text.HAL_Init
                0x08002190       0x78 ./Drivers/STM32H7xx_HAL_Driver/Src/stm32h7xx_hal.o
                0x08002190                HAL_Init
 .text.HAL_InitTick
                0x08002208       0x6c ./Drivers/STM32H7xx_HAL_Driver/Src/stm32h7xx_hal.o
                0x08002208                HAL_InitTick
 .text.HAL_IncTick
                0x08002274       0x28 ./Drivers/STM32H7xx_HAL_Driver/Src/stm32h7xx_hal.o
                0x08002274                HAL_IncTick
 .text.HAL_GetTick
                0x0800229c       0x18 ./Drivers/STM32H7xx_HAL_Driver/Src/stm32h7xx_hal.o
                0x0800229c                HAL_GetTick
 .text.HAL_Delay
                0x080022b4       0x48 ./Drivers/STM32H7xx_HAL_Driver/Src/stm32h7xx_hal.o
                0x080022b4                HAL_Delay
 .text.HAL_GetREVID
                0x080022fc       0x18 ./Drivers/STM32H7xx_HAL_Driver/Src/stm32h7xx_hal.o
                0x080022fc                HAL_GetREVID
 .text.__NVIC_SetPriorityGrouping
                0x08002314       0x48 ./Drivers/STM32H7xx_HAL_Driver/Src/stm32h7xx_hal_cortex.o
 .text.__NVIC_GetPriorityGrouping
                0x0800235c       0x1c ./Drivers/STM32H7xx_HAL_Driver/Src/stm32h7xx_hal_cortex.o
 .text.__NVIC_EnableIRQ
                0x08002378       0x3c ./Drivers/STM32H7xx_HAL_Driver/Src/stm32h7xx_hal_cortex.o
 .text.__NVIC_SetPriority
                0x080023b4       0x54 ./Drivers/STM32H7xx_HAL_Driver/Src/stm32h7xx_hal_cortex.o
 .text.NVIC_EncodePriority
                0x08002408       0x66 ./Drivers/STM32H7xx_HAL_Driver/Src/stm32h7xx_hal_cortex.o
 *fill*         0x0800246e        0x2 
 .text.SysTick_Config
                0x08002470       0x44 ./Drivers/STM32H7xx_HAL_Driver/Src/stm32h7xx_hal_cortex.o
 .text.HAL_NVIC_SetPriorityGrouping
                0x080024b4       0x16 ./Drivers/STM32H7xx_HAL_Driver/Src/stm32h7xx_hal_cortex.o
                0x080024b4                HAL_NVIC_SetPriorityGrouping
 .text.HAL_NVIC_SetPriority
                0x080024ca       0x34 ./Drivers/STM32H7xx_HAL_Driver/Src/stm32h7xx_hal_cortex.o
                0x080024ca                HAL_NVIC_SetPriority
 .text.HAL_NVIC_EnableIRQ
                0x080024fe       0x1c ./Drivers/STM32H7xx_HAL_Driver/Src/stm32h7xx_hal_cortex.o
                0x080024fe                HAL_NVIC_EnableIRQ
 .text.HAL_SYSTICK_Config
                0x0800251a       0x18 ./Drivers/STM32H7xx_HAL_Driver/Src/stm32h7xx_hal_cortex.o
                0x0800251a                HAL_SYSTICK_Config
 *fill*         0x08002532        0x2 
 .text.HAL_MPU_Disable
                0x08002534       0x30 ./Drivers/STM32H7xx_HAL_Driver/Src/stm32h7xx_hal_cortex.o
                0x08002534                HAL_MPU_Disable
 .text.HAL_MPU_Enable
                0x08002564       0x40 ./Drivers/STM32H7xx_HAL_Driver/Src/stm32h7xx_hal_cortex.o
                0x08002564                HAL_MPU_Enable
 .text.HAL_MPU_ConfigRegion
                0x080025a4       0x80 ./Drivers/STM32H7xx_HAL_Driver/Src/stm32h7xx_hal_cortex.o
                0x080025a4                HAL_MPU_ConfigRegion
 .text.HAL_GPIO_Init
                0x08002624      0x360 ./Drivers/STM32H7xx_HAL_Driver/Src/stm32h7xx_hal_gpio.o
                0x08002624                HAL_GPIO_Init
 .text.HAL_GPIO_WritePin
                0x08002984       0x32 ./Drivers/STM32H7xx_HAL_Driver/Src/stm32h7xx_hal_gpio.o
                0x08002984                HAL_GPIO_WritePin
 *fill*         0x080029b6        0x2 
 .text.HAL_HRTIM_Init
                0x080029b8      0x1a0 ./Drivers/STM32H7xx_HAL_Driver/Src/stm32h7xx_hal_hrtim.o
                0x080029b8                HAL_HRTIM_Init
 .text.HAL_HRTIM_TimeBaseConfig
                0x08002b58       0x50 ./Drivers/STM32H7xx_HAL_Driver/Src/stm32h7xx_hal_hrtim.o
                0x08002b58                HAL_HRTIM_TimeBaseConfig
 .text.HAL_HRTIM_WaveformTimerConfig
                0x08002ba8       0xe4 ./Drivers/STM32H7xx_HAL_Driver/Src/stm32h7xx_hal_hrtim.o
                0x08002ba8                HAL_HRTIM_WaveformTimerConfig
 .text.HAL_HRTIM_WaveformOutputConfig
                0x08002c8c       0x62 ./Drivers/STM32H7xx_HAL_Driver/Src/stm32h7xx_hal_hrtim.o
                0x08002c8c                HAL_HRTIM_WaveformOutputConfig
 .text.HRTIM_MasterBase_Config
                0x08002cee       0x5e ./Drivers/STM32H7xx_HAL_Driver/Src/stm32h7xx_hal_hrtim.o
 .text.HRTIM_TimingUnitBase_Config
                0x08002d4c       0x80 ./Drivers/STM32H7xx_HAL_Driver/Src/stm32h7xx_hal_hrtim.o
 .text.HRTIM_MasterWaveform_Config
                0x08002dcc       0xcc ./Drivers/STM32H7xx_HAL_Driver/Src/stm32h7xx_hal_hrtim.o
 .text.HRTIM_TimingUnitWaveform_Config
                0x08002e98      0x280 ./Drivers/STM32H7xx_HAL_Driver/Src/stm32h7xx_hal_hrtim.o
 .text.HRTIM_OutputConfig
                0x08003118      0x1b0 ./Drivers/STM32H7xx_HAL_Driver/Src/stm32h7xx_hal_hrtim.o
 .text.HRTIM_ForceRegistersUpdate
                0x080032c8       0xc4 ./Drivers/STM32H7xx_HAL_Driver/Src/stm32h7xx_hal_hrtim.o
 .text.HAL_I2C_Init
                0x0800338c      0x138 ./Drivers/STM32H7xx_HAL_Driver/Src/stm32h7xx_hal_i2c.o
                0x0800338c                HAL_I2C_Init
 .text.HAL_I2CEx_ConfigAnalogFilter
                0x080034c4       0x96 ./Drivers/STM32H7xx_HAL_Driver/Src/stm32h7xx_hal_i2c_ex.o
                0x080034c4                HAL_I2CEx_ConfigAnalogFilter
 .text.HAL_I2CEx_ConfigDigitalFilter
                0x0800355a       0x98 ./Drivers/STM32H7xx_HAL_Driver/Src/stm32h7xx_hal_i2c_ex.o
                0x0800355a                HAL_I2CEx_ConfigDigitalFilter
 *fill*         0x080035f2        0x2 
 .text.HAL_LPTIM_Init
                0x080035f4      0x160 ./Drivers/STM32H7xx_HAL_Driver/Src/stm32h7xx_hal_lptim.o
                0x080035f4                HAL_LPTIM_Init
 .text.HAL_PCD_Init
                0x08003754      0x218 ./Drivers/STM32H7xx_HAL_Driver/Src/stm32h7xx_hal_pcd.o
                0x08003754                HAL_PCD_Init
 .text.HAL_PCD_Start
                0x0800396c       0x6a ./Drivers/STM32H7xx_HAL_Driver/Src/stm32h7xx_hal_pcd.o
                0x0800396c                HAL_PCD_Start
 .text.HAL_PCD_IRQHandler
                0x080039d6      0x99c ./Drivers/STM32H7xx_HAL_Driver/Src/stm32h7xx_hal_pcd.o
                0x080039d6                HAL_PCD_IRQHandler
 .text.HAL_PCD_SetAddress
                0x08004372       0x48 ./Drivers/STM32H7xx_HAL_Driver/Src/stm32h7xx_hal_pcd.o
                0x08004372                HAL_PCD_SetAddress
 .text.HAL_PCD_EP_Open
                0x080043ba       0xd4 ./Drivers/STM32H7xx_HAL_Driver/Src/stm32h7xx_hal_pcd.o
                0x080043ba                HAL_PCD_EP_Open
 .text.HAL_PCD_EP_Close
                0x0800448e       0x94 ./Drivers/STM32H7xx_HAL_Driver/Src/stm32h7xx_hal_pcd.o
                0x0800448e                HAL_PCD_EP_Close
 .text.HAL_PCD_EP_Receive
                0x08004522       0x76 ./Drivers/STM32H7xx_HAL_Driver/Src/stm32h7xx_hal_pcd.o
                0x08004522                HAL_PCD_EP_Receive
 .text.HAL_PCD_EP_GetRxCount
                0x08004598       0x30 ./Drivers/STM32H7xx_HAL_Driver/Src/stm32h7xx_hal_pcd.o
                0x08004598                HAL_PCD_EP_GetRxCount
 .text.HAL_PCD_EP_Transmit
                0x080045c8       0x74 ./Drivers/STM32H7xx_HAL_Driver/Src/stm32h7xx_hal_pcd.o
                0x080045c8                HAL_PCD_EP_Transmit
 .text.HAL_PCD_EP_SetStall
                0x0800463c       0xc6 ./Drivers/STM32H7xx_HAL_Driver/Src/stm32h7xx_hal_pcd.o
                0x0800463c                HAL_PCD_EP_SetStall
 .text.HAL_PCD_EP_ClrStall
                0x08004702       0xac ./Drivers/STM32H7xx_HAL_Driver/Src/stm32h7xx_hal_pcd.o
                0x08004702                HAL_PCD_EP_ClrStall
 .text.HAL_PCD_EP_Abort
                0x080047ae       0x62 ./Drivers/STM32H7xx_HAL_Driver/Src/stm32h7xx_hal_pcd.o
                0x080047ae                HAL_PCD_EP_Abort
 .text.PCD_WriteEmptyTxFifo
                0x08004810      0x118 ./Drivers/STM32H7xx_HAL_Driver/Src/stm32h7xx_hal_pcd.o
 .text.PCD_EP_OutXfrComplete_int
                0x08004928      0x1d0 ./Drivers/STM32H7xx_HAL_Driver/Src/stm32h7xx_hal_pcd.o
 .text.PCD_EP_OutSetupPacket_int
                0x08004af8       0x8c ./Drivers/STM32H7xx_HAL_Driver/Src/stm32h7xx_hal_pcd.o
 .text.HAL_PCDEx_SetTxFiFo
                0x08004b84       0x8e ./Drivers/STM32H7xx_HAL_Driver/Src/stm32h7xx_hal_pcd_ex.o
                0x08004b84                HAL_PCDEx_SetTxFiFo
 .text.HAL_PCDEx_SetRxFiFo
                0x08004c12       0x22 ./Drivers/STM32H7xx_HAL_Driver/Src/stm32h7xx_hal_pcd_ex.o
                0x08004c12                HAL_PCDEx_SetRxFiFo
 .text.HAL_PCDEx_ActivateLPM
                0x08004c34       0x48 ./Drivers/STM32H7xx_HAL_Driver/Src/stm32h7xx_hal_pcd_ex.o
                0x08004c34                HAL_PCDEx_ActivateLPM
 .text.HAL_PCDEx_LPM_Callback
                0x08004c7c       0x18 ./Drivers/STM32H7xx_HAL_Driver/Src/stm32h7xx_hal_pcd_ex.o
                0x08004c7c                HAL_PCDEx_LPM_Callback
 .text.HAL_PWREx_ConfigSupply
                0x08004c94       0x74 ./Drivers/STM32H7xx_HAL_Driver/Src/stm32h7xx_hal_pwr_ex.o
                0x08004c94                HAL_PWREx_ConfigSupply
 .text.HAL_PWREx_EnableUSBVoltageDetector
                0x08004d08       0x20 ./Drivers/STM32H7xx_HAL_Driver/Src/stm32h7xx_hal_pwr_ex.o
                0x08004d08                HAL_PWREx_EnableUSBVoltageDetector
 .text.HAL_RCC_OscConfig
                0x08004d28      0x8b4 ./Drivers/STM32H7xx_HAL_Driver/Src/stm32h7xx_hal_rcc.o
                0x08004d28                HAL_RCC_OscConfig
 .text.HAL_RCC_ClockConfig
                0x080055dc      0x36c ./Drivers/STM32H7xx_HAL_Driver/Src/stm32h7xx_hal_rcc.o
                0x080055dc                HAL_RCC_ClockConfig
 .text.HAL_RCC_GetSysClockFreq
                0x08005948      0x2f4 ./Drivers/STM32H7xx_HAL_Driver/Src/stm32h7xx_hal_rcc.o
                0x08005948                HAL_RCC_GetSysClockFreq
 .text.HAL_RCC_GetHCLKFreq
                0x08005c3c       0x60 ./Drivers/STM32H7xx_HAL_Driver/Src/stm32h7xx_hal_rcc.o
                0x08005c3c                HAL_RCC_GetHCLKFreq
 .text.HAL_RCC_GetPCLK1Freq
                0x08005c9c       0x2c ./Drivers/STM32H7xx_HAL_Driver/Src/stm32h7xx_hal_rcc.o
                0x08005c9c                HAL_RCC_GetPCLK1Freq
 .text.HAL_RCC_GetPCLK2Freq
                0x08005cc8       0x2c ./Drivers/STM32H7xx_HAL_Driver/Src/stm32h7xx_hal_rcc.o
                0x08005cc8                HAL_RCC_GetPCLK2Freq
 .text.HAL_RCCEx_PeriphCLKConfig
                0x08005cf4     0x1414 ./Drivers/STM32H7xx_HAL_Driver/Src/stm32h7xx_hal_rcc_ex.o
                0x08005cf4                HAL_RCCEx_PeriphCLKConfig
 .text.HAL_RCCEx_GetD3PCLK1Freq
                0x08007108       0x2c ./Drivers/STM32H7xx_HAL_Driver/Src/stm32h7xx_hal_rcc_ex.o
                0x08007108                HAL_RCCEx_GetD3PCLK1Freq
 .text.HAL_RCCEx_GetPLL2ClockFreq
                0x08007134      0x2a8 ./Drivers/STM32H7xx_HAL_Driver/Src/stm32h7xx_hal_rcc_ex.o
                0x08007134                HAL_RCCEx_GetPLL2ClockFreq
 .text.HAL_RCCEx_GetPLL3ClockFreq
                0x080073dc      0x2a8 ./Drivers/STM32H7xx_HAL_Driver/Src/stm32h7xx_hal_rcc_ex.o
                0x080073dc                HAL_RCCEx_GetPLL3ClockFreq
 .text.RCCEx_PLL2_Config
                0x08007684      0x164 ./Drivers/STM32H7xx_HAL_Driver/Src/stm32h7xx_hal_rcc_ex.o
 .text.RCCEx_PLL3_Config
                0x080077e8      0x164 ./Drivers/STM32H7xx_HAL_Driver/Src/stm32h7xx_hal_rcc_ex.o
 .text.HAL_TIM_Base_Init
                0x0800794c       0xae ./Drivers/STM32H7xx_HAL_Driver/Src/stm32h7xx_hal_tim.o
                0x0800794c                HAL_TIM_Base_Init
 .text.HAL_TIM_OC_Init
                0x080079fa       0xae ./Drivers/STM32H7xx_HAL_Driver/Src/stm32h7xx_hal_tim.o
                0x080079fa                HAL_TIM_OC_Init
 .text.HAL_TIM_Encoder_Init
                0x08007aa8      0x14c ./Drivers/STM32H7xx_HAL_Driver/Src/stm32h7xx_hal_tim.o
                0x08007aa8                HAL_TIM_Encoder_Init
 .text.HAL_TIM_OC_ConfigChannel
                0x08007bf4       0xf4 ./Drivers/STM32H7xx_HAL_Driver/Src/stm32h7xx_hal_tim.o
                0x08007bf4                HAL_TIM_OC_ConfigChannel
 .text.HAL_TIM_ConfigClockSource
                0x08007ce8      0x1f0 ./Drivers/STM32H7xx_HAL_Driver/Src/stm32h7xx_hal_tim.o
                0x08007ce8                HAL_TIM_ConfigClockSource
 .text.TIM_Base_SetConfig
                0x08007ed8      0x140 ./Drivers/STM32H7xx_HAL_Driver/Src/stm32h7xx_hal_tim.o
                0x08007ed8                TIM_Base_SetConfig
 .text.TIM_OC1_SetConfig
                0x08008018      0x120 ./Drivers/STM32H7xx_HAL_Driver/Src/stm32h7xx_hal_tim.o
 .text.TIM_OC2_SetConfig
                0x08008138      0x114 ./Drivers/STM32H7xx_HAL_Driver/Src/stm32h7xx_hal_tim.o
                0x08008138                TIM_OC2_SetConfig
 .text.TIM_OC3_SetConfig
                0x0800824c      0x110 ./Drivers/STM32H7xx_HAL_Driver/Src/stm32h7xx_hal_tim.o
 .text.TIM_OC4_SetConfig
                0x0800835c       0xd4 ./Drivers/STM32H7xx_HAL_Driver/Src/stm32h7xx_hal_tim.o
 .text.TIM_OC5_SetConfig
                0x08008430       0xc8 ./Drivers/STM32H7xx_HAL_Driver/Src/stm32h7xx_hal_tim.o
 .text.TIM_OC6_SetConfig
                0x080084f8       0xcc ./Drivers/STM32H7xx_HAL_Driver/Src/stm32h7xx_hal_tim.o
 .text.TIM_TI1_ConfigInputStage
                0x080085c4       0x5e ./Drivers/STM32H7xx_HAL_Driver/Src/stm32h7xx_hal_tim.o
 .text.TIM_TI2_ConfigInputStage
                0x08008622       0x60 ./Drivers/STM32H7xx_HAL_Driver/Src/stm32h7xx_hal_tim.o
 *fill*         0x08008682        0x2 
 .text.TIM_ITRx_SetConfig
                0x08008684       0x3c ./Drivers/STM32H7xx_HAL_Driver/Src/stm32h7xx_hal_tim.o
 .text.TIM_ETR_SetConfig
                0x080086c0       0x40 ./Drivers/STM32H7xx_HAL_Driver/Src/stm32h7xx_hal_tim.o
                0x080086c0                TIM_ETR_SetConfig
 .text.HAL_TIMEx_MasterConfigSynchronization
                0x08008700      0x11c ./Drivers/STM32H7xx_HAL_Driver/Src/stm32h7xx_hal_tim_ex.o
                0x08008700                HAL_TIMEx_MasterConfigSynchronization
 .text.HAL_TIMEx_ConfigBreakDeadTime
                0x0800881c       0xfc ./Drivers/STM32H7xx_HAL_Driver/Src/stm32h7xx_hal_tim_ex.o
                0x0800881c                HAL_TIMEx_ConfigBreakDeadTime
 .text.HAL_UART_Init
                0x08008918       0xa0 ./Drivers/STM32H7xx_HAL_Driver/Src/stm32h7xx_hal_uart.o
                0x08008918                HAL_UART_Init
 .text.UART_SetConfig
                0x080089b8      0xad0 ./Drivers/STM32H7xx_HAL_Driver/Src/stm32h7xx_hal_uart.o
                0x080089b8                UART_SetConfig
 .text.UART_AdvFeatureConfig
                0x08009488      0x144 ./Drivers/STM32H7xx_HAL_Driver/Src/stm32h7xx_hal_uart.o
                0x08009488                UART_AdvFeatureConfig
 .text.UART_CheckIdleState
                0x080095cc      0x154 ./Drivers/STM32H7xx_HAL_Driver/Src/stm32h7xx_hal_uart.o
                0x080095cc                UART_CheckIdleState
 .text.UART_WaitOnFlagUntilTimeout
                0x08009720       0xda ./Drivers/STM32H7xx_HAL_Driver/Src/stm32h7xx_hal_uart.o
                0x08009720                UART_WaitOnFlagUntilTimeout
 *fill*         0x080097fa        0x2 
 .text.UART_EndRxTransfer
                0x080097fc       0xcc ./Drivers/STM32H7xx_HAL_Driver/Src/stm32h7xx_hal_uart.o
 .text.HAL_UARTEx_DisableFifoMode
                0x080098c8       0x72 ./Drivers/STM32H7xx_HAL_Driver/Src/stm32h7xx_hal_uart_ex.o
                0x080098c8                HAL_UARTEx_DisableFifoMode
 .text.HAL_UARTEx_SetTxFifoThreshold
                0x0800993a       0x7c ./Drivers/STM32H7xx_HAL_Driver/Src/stm32h7xx_hal_uart_ex.o
                0x0800993a                HAL_UARTEx_SetTxFifoThreshold
 .text.HAL_UARTEx_SetRxFifoThreshold
                0x080099b6       0x7c ./Drivers/STM32H7xx_HAL_Driver/Src/stm32h7xx_hal_uart_ex.o
                0x080099b6                HAL_UARTEx_SetRxFifoThreshold
 *fill*         0x08009a32        0x2 
 .text.UARTEx_SetNbDataToProcess
                0x08009a34       0x9c ./Drivers/STM32H7xx_HAL_Driver/Src/stm32h7xx_hal_uart_ex.o
 .text.USB_CoreInit
                0x08009ad0       0xe4 ./Drivers/STM32H7xx_HAL_Driver/Src/stm32h7xx_ll_usb.o
                0x08009ad0                USB_CoreInit
 .text.USB_SetTurnaroundTime
                0x08009bb4      0x144 ./Drivers/STM32H7xx_HAL_Driver/Src/stm32h7xx_ll_usb.o
                0x08009bb4                USB_SetTurnaroundTime
 .text.USB_EnableGlobalInt
                0x08009cf8       0x22 ./Drivers/STM32H7xx_HAL_Driver/Src/stm32h7xx_ll_usb.o
                0x08009cf8                USB_EnableGlobalInt
 .text.USB_DisableGlobalInt
                0x08009d1a       0x22 ./Drivers/STM32H7xx_HAL_Driver/Src/stm32h7xx_ll_usb.o
                0x08009d1a                USB_DisableGlobalInt
 .text.USB_SetCurrentMode
                0x08009d3c       0x98 ./Drivers/STM32H7xx_HAL_Driver/Src/stm32h7xx_ll_usb.o
                0x08009d3c                USB_SetCurrentMode
 .text.USB_DevInit
                0x08009dd4      0x2bc ./Drivers/STM32H7xx_HAL_Driver/Src/stm32h7xx_ll_usb.o
                0x08009dd4                USB_DevInit
 .text.USB_FlushTxFifo
                0x0800a090       0x64 ./Drivers/STM32H7xx_HAL_Driver/Src/stm32h7xx_ll_usb.o
                0x0800a090                USB_FlushTxFifo
 .text.USB_FlushRxFifo
                0x0800a0f4       0x5c ./Drivers/STM32H7xx_HAL_Driver/Src/stm32h7xx_ll_usb.o
                0x0800a0f4                USB_FlushRxFifo
 .text.USB_SetDevSpeed
                0x0800a150       0x32 ./Drivers/STM32H7xx_HAL_Driver/Src/stm32h7xx_ll_usb.o
                0x0800a150                USB_SetDevSpeed
 .text.USB_GetDevSpeed
                0x0800a182       0x4a ./Drivers/STM32H7xx_HAL_Driver/Src/stm32h7xx_ll_usb.o
                0x0800a182                USB_GetDevSpeed
 .text.USB_ActivateEndpoint
                0x0800a1cc      0x110 ./Drivers/STM32H7xx_HAL_Driver/Src/stm32h7xx_ll_usb.o
                0x0800a1cc                USB_ActivateEndpoint
 .text.USB_DeactivateEndpoint
                0x0800a2dc      0x1b8 ./Drivers/STM32H7xx_HAL_Driver/Src/stm32h7xx_ll_usb.o
                0x0800a2dc                USB_DeactivateEndpoint
 .text.USB_EPStartXfer
                0x0800a494      0x548 ./Drivers/STM32H7xx_HAL_Driver/Src/stm32h7xx_ll_usb.o
                0x0800a494                USB_EPStartXfer
 .text.USB_EPStopXfer
                0x0800a9dc      0x154 ./Drivers/STM32H7xx_HAL_Driver/Src/stm32h7xx_ll_usb.o
                0x0800a9dc                USB_EPStopXfer
 .text.USB_WritePacket
                0x0800ab30       0x7c ./Drivers/STM32H7xx_HAL_Driver/Src/stm32h7xx_ll_usb.o
                0x0800ab30                USB_WritePacket
 .text.USB_ReadPacket
                0x0800abac       0xb0 ./Drivers/STM32H7xx_HAL_Driver/Src/stm32h7xx_ll_usb.o
                0x0800abac                USB_ReadPacket
 .text.USB_EPSetStall
                0x0800ac5c       0xdc ./Drivers/STM32H7xx_HAL_Driver/Src/stm32h7xx_ll_usb.o
                0x0800ac5c                USB_EPSetStall
 .text.USB_EPClearStall
                0x0800ad38       0xcc ./Drivers/STM32H7xx_HAL_Driver/Src/stm32h7xx_ll_usb.o
                0x0800ad38                USB_EPClearStall
 .text.USB_SetDevAddress
                0x0800ae04       0x4c ./Drivers/STM32H7xx_HAL_Driver/Src/stm32h7xx_ll_usb.o
                0x0800ae04                USB_SetDevAddress
 .text.USB_DevConnect
                0x0800ae50       0x42 ./Drivers/STM32H7xx_HAL_Driver/Src/stm32h7xx_ll_usb.o
                0x0800ae50                USB_DevConnect
 .text.USB_DevDisconnect
                0x0800ae92       0x42 ./Drivers/STM32H7xx_HAL_Driver/Src/stm32h7xx_ll_usb.o
                0x0800ae92                USB_DevDisconnect
 .text.USB_ReadInterrupts
                0x0800aed4       0x26 ./Drivers/STM32H7xx_HAL_Driver/Src/stm32h7xx_ll_usb.o
                0x0800aed4                USB_ReadInterrupts
 .text.USB_ReadDevAllOutEpInterrupt
                0x0800aefa       0x34 ./Drivers/STM32H7xx_HAL_Driver/Src/stm32h7xx_ll_usb.o
                0x0800aefa                USB_ReadDevAllOutEpInterrupt
 .text.USB_ReadDevAllInEpInterrupt
                0x0800af2e       0x34 ./Drivers/STM32H7xx_HAL_Driver/Src/stm32h7xx_ll_usb.o
                0x0800af2e                USB_ReadDevAllInEpInterrupt
 .text.USB_ReadDevOutEPInterrupt
                0x0800af62       0x3c ./Drivers/STM32H7xx_HAL_Driver/Src/stm32h7xx_ll_usb.o
                0x0800af62                USB_ReadDevOutEPInterrupt
 .text.USB_ReadDevInEPInterrupt
                0x0800af9e       0x5c ./Drivers/STM32H7xx_HAL_Driver/Src/stm32h7xx_ll_usb.o
                0x0800af9e                USB_ReadDevInEPInterrupt
 .text.USB_GetMode
                0x0800affa       0x1c ./Drivers/STM32H7xx_HAL_Driver/Src/stm32h7xx_ll_usb.o
                0x0800affa                USB_GetMode
 *fill*         0x0800b016        0x2 
 .text.USB_ActivateSetup
                0x0800b018       0x48 ./Drivers/STM32H7xx_HAL_Driver/Src/stm32h7xx_ll_usb.o
                0x0800b018                USB_ActivateSetup
 .text.USB_EP0_OutStart
                0x0800b060       0xbc ./Drivers/STM32H7xx_HAL_Driver/Src/stm32h7xx_ll_usb.o
                0x0800b060                USB_EP0_OutStart
 .text.USB_CoreReset
                0x0800b11c       0x62 ./Drivers/STM32H7xx_HAL_Driver/Src/stm32h7xx_ll_usb.o
 *fill*         0x0800b17e        0x2 
 .text.USBD_CDC_Init
                0x0800b180      0x1f0 ./Middlewares/ST/STM32_USB_Device_Library/Class/CDC/Src/usbd_cdc.o
 .text.USBD_CDC_DeInit
                0x0800b370      0x104 ./Middlewares/ST/STM32_USB_Device_Library/Class/CDC/Src/usbd_cdc.o
 .text.USBD_CDC_Setup
                0x0800b474      0x1b8 ./Middlewares/ST/STM32_USB_Device_Library/Class/CDC/Src/usbd_cdc.o
 .text.USBD_CDC_DataIn
                0x0800b62c       0xfe ./Middlewares/ST/STM32_USB_Device_Library/Class/CDC/Src/usbd_cdc.o
 .text.USBD_CDC_DataOut
                0x0800b72a       0x70 ./Middlewares/ST/STM32_USB_Device_Library/Class/CDC/Src/usbd_cdc.o
 .text.USBD_CDC_EP0_RxReady
                0x0800b79a       0x74 ./Middlewares/ST/STM32_USB_Device_Library/Class/CDC/Src/usbd_cdc.o
 *fill*         0x0800b80e        0x2 
 .text.USBD_CDC_GetFSCfgDesc
                0x0800b810       0x70 ./Middlewares/ST/STM32_USB_Device_Library/Class/CDC/Src/usbd_cdc.o
 .text.USBD_CDC_GetHSCfgDesc
                0x0800b880       0x70 ./Middlewares/ST/STM32_USB_Device_Library/Class/CDC/Src/usbd_cdc.o
 .text.USBD_CDC_GetOtherSpeedCfgDesc
                0x0800b8f0       0x70 ./Middlewares/ST/STM32_USB_Device_Library/Class/CDC/Src/usbd_cdc.o
 .text.USBD_CDC_GetDeviceQualifierDescriptor
                0x0800b960       0x20 ./Middlewares/ST/STM32_USB_Device_Library/Class/CDC/Src/usbd_cdc.o
                0x0800b960                USBD_CDC_GetDeviceQualifierDescriptor
 .text.USBD_CDC_RegisterInterface
                0x0800b980       0x34 ./Middlewares/ST/STM32_USB_Device_Library/Class/CDC/Src/usbd_cdc.o
                0x0800b980                USBD_CDC_RegisterInterface
 .text.USBD_CDC_SetTxBuffer
                0x0800b9b4       0x44 ./Middlewares/ST/STM32_USB_Device_Library/Class/CDC/Src/usbd_cdc.o
                0x0800b9b4                USBD_CDC_SetTxBuffer
 .text.USBD_CDC_SetRxBuffer
                0x0800b9f8       0x3a ./Middlewares/ST/STM32_USB_Device_Library/Class/CDC/Src/usbd_cdc.o
                0x0800b9f8                USBD_CDC_SetRxBuffer
 *fill*         0x0800ba32        0x2 
 .text.USBD_CDC_ReceivePacket
                0x0800ba34       0x6c ./Middlewares/ST/STM32_USB_Device_Library/Class/CDC/Src/usbd_cdc.o
                0x0800ba34                USBD_CDC_ReceivePacket
 .text.USBD_Init
                0x0800baa0       0x60 ./Middlewares/ST/STM32_USB_Device_Library/Core/Src/usbd_core.o
                0x0800baa0                USBD_Init
 .text.USBD_RegisterClass
                0x0800bb00       0x6c ./Middlewares/ST/STM32_USB_Device_Library/Core/Src/usbd_core.o
                0x0800bb00                USBD_RegisterClass
 .text.USBD_Start
                0x0800bb6c       0x18 ./Middlewares/ST/STM32_USB_Device_Library/Core/Src/usbd_core.o
                0x0800bb6c                USBD_Start
 .text.USBD_RunTestMode
                0x0800bb84       0x16 ./Middlewares/ST/STM32_USB_Device_Library/Core/Src/usbd_core.o
                0x0800bb84                USBD_RunTestMode
 .text.USBD_SetClassConfig
                0x0800bb9a       0x38 ./Middlewares/ST/STM32_USB_Device_Library/Core/Src/usbd_core.o
                0x0800bb9a                USBD_SetClassConfig
 .text.USBD_ClrClassConfig
                0x0800bbd2       0x34 ./Middlewares/ST/STM32_USB_Device_Library/Core/Src/usbd_core.o
                0x0800bbd2                USBD_ClrClassConfig
 .text.USBD_LL_SetupStage
                0x0800bc06       0xaa ./Middlewares/ST/STM32_USB_Device_Library/Core/Src/usbd_core.o
                0x0800bc06                USBD_LL_SetupStage
 .text.USBD_LL_DataOutStage
                0x0800bcb0      0x166 ./Middlewares/ST/STM32_USB_Device_Library/Core/Src/usbd_core.o
                0x0800bcb0                USBD_LL_DataOutStage
 .text.USBD_LL_DataInStage
                0x0800be16      0x164 ./Middlewares/ST/STM32_USB_Device_Library/Core/Src/usbd_core.o
                0x0800be16                USBD_LL_DataInStage
 .text.USBD_LL_Reset
                0x0800bf7a       0xa4 ./Middlewares/ST/STM32_USB_Device_Library/Core/Src/usbd_core.o
                0x0800bf7a                USBD_LL_Reset
 .text.USBD_LL_SetSpeed
                0x0800c01e       0x20 ./Middlewares/ST/STM32_USB_Device_Library/Core/Src/usbd_core.o
                0x0800c01e                USBD_LL_SetSpeed
 .text.USBD_LL_Suspend
                0x0800c03e       0x38 ./Middlewares/ST/STM32_USB_Device_Library/Core/Src/usbd_core.o
                0x0800c03e                USBD_LL_Suspend
 .text.USBD_LL_Resume
                0x0800c076       0x30 ./Middlewares/ST/STM32_USB_Device_Library/Core/Src/usbd_core.o
                0x0800c076                USBD_LL_Resume
 .text.USBD_LL_SOF
                0x0800c0a6       0x40 ./Middlewares/ST/STM32_USB_Device_Library/Core/Src/usbd_core.o
                0x0800c0a6                USBD_LL_SOF
 .text.USBD_LL_IsoINIncomplete
                0x0800c0e6       0x64 ./Middlewares/ST/STM32_USB_Device_Library/Core/Src/usbd_core.o
                0x0800c0e6                USBD_LL_IsoINIncomplete
 .text.USBD_LL_IsoOUTIncomplete
                0x0800c14a       0x64 ./Middlewares/ST/STM32_USB_Device_Library/Core/Src/usbd_core.o
                0x0800c14a                USBD_LL_IsoOUTIncomplete
 .text.USBD_LL_DevConnected
                0x0800c1ae       0x16 ./Middlewares/ST/STM32_USB_Device_Library/Core/Src/usbd_core.o
                0x0800c1ae                USBD_LL_DevConnected
 .text.USBD_LL_DevDisconnected
                0x0800c1c4       0x46 ./Middlewares/ST/STM32_USB_Device_Library/Core/Src/usbd_core.o
                0x0800c1c4                USBD_LL_DevDisconnected
 .text.USBD_CoreFindIF
                0x0800c20a       0x1a ./Middlewares/ST/STM32_USB_Device_Library/Core/Src/usbd_core.o
                0x0800c20a                USBD_CoreFindIF
 .text.USBD_CoreFindEP
                0x0800c224       0x1a ./Middlewares/ST/STM32_USB_Device_Library/Core/Src/usbd_core.o
                0x0800c224                USBD_CoreFindEP
 .text.USBD_GetEpDesc
                0x0800c23e       0x70 ./Middlewares/ST/STM32_USB_Device_Library/Core/Src/usbd_core.o
                0x0800c23e                USBD_GetEpDesc
 .text.USBD_GetNextDesc
                0x0800c2ae       0x38 ./Middlewares/ST/STM32_USB_Device_Library/Core/Src/usbd_core.o
                0x0800c2ae                USBD_GetNextDesc
 .text.SWAPBYTE
                0x0800c2e6       0x3e ./Middlewares/ST/STM32_USB_Device_Library/Core/Src/usbd_ctlreq.o
 .text.USBD_StdDevReq
                0x0800c324       0xe4 ./Middlewares/ST/STM32_USB_Device_Library/Core/Src/usbd_ctlreq.o
                0x0800c324                USBD_StdDevReq
 .text.USBD_StdItfReq
                0x0800c408       0xd8 ./Middlewares/ST/STM32_USB_Device_Library/Core/Src/usbd_ctlreq.o
                0x0800c408                USBD_StdItfReq
 .text.USBD_StdEPReq
                0x0800c4e0      0x33a ./Middlewares/ST/STM32_USB_Device_Library/Core/Src/usbd_ctlreq.o
                0x0800c4e0                USBD_StdEPReq
 *fill*         0x0800c81a        0x2 
 .text.USBD_GetDescriptor
                0x0800c81c      0x328 ./Middlewares/ST/STM32_USB_Device_Library/Core/Src/usbd_ctlreq.o
 .text.USBD_SetAddress
                0x0800cb44       0x88 ./Middlewares/ST/STM32_USB_Device_Library/Core/Src/usbd_ctlreq.o
 .text.USBD_SetConfig
                0x0800cbcc      0x154 ./Middlewares/ST/STM32_USB_Device_Library/Core/Src/usbd_ctlreq.o
 .text.USBD_GetConfig
                0x0800cd20       0x6c ./Middlewares/ST/STM32_USB_Device_Library/Core/Src/usbd_ctlreq.o
 .text.USBD_GetStatus
                0x0800cd8c       0x68 ./Middlewares/ST/STM32_USB_Device_Library/Core/Src/usbd_ctlreq.o
 .text.USBD_SetFeature
                0x0800cdf4       0x52 ./Middlewares/ST/STM32_USB_Device_Library/Core/Src/usbd_ctlreq.o
 .text.USBD_ClrFeature
                0x0800ce46       0x44 ./Middlewares/ST/STM32_USB_Device_Library/Core/Src/usbd_ctlreq.o
 .text.USBD_ParseSetupRequest
                0x0800ce8a       0x74 ./Middlewares/ST/STM32_USB_Device_Library/Core/Src/usbd_ctlreq.o
                0x0800ce8a                USBD_ParseSetupRequest
 .text.USBD_CtlError
                0x0800cefe       0x22 ./Middlewares/ST/STM32_USB_Device_Library/Core/Src/usbd_ctlreq.o
                0x0800cefe                USBD_CtlError
 .text.USBD_GetString
                0x0800cf20       0xa4 ./Middlewares/ST/STM32_USB_Device_Library/Core/Src/usbd_ctlreq.o
                0x0800cf20                USBD_GetString
 .text.USBD_GetLen
                0x0800cfc4       0x34 ./Middlewares/ST/STM32_USB_Device_Library/Core/Src/usbd_ctlreq.o
 .text.USBD_CtlSendData
                0x0800cff8       0x36 ./Middlewares/ST/STM32_USB_Device_Library/Core/Src/usbd_ioreq.o
                0x0800cff8                USBD_CtlSendData
 .text.USBD_CtlContinueSendData
                0x0800d02e       0x22 ./Middlewares/ST/STM32_USB_Device_Library/Core/Src/usbd_ioreq.o
                0x0800d02e                USBD_CtlContinueSendData
 .text.USBD_CtlPrepareRx
                0x0800d050       0x3a ./Middlewares/ST/STM32_USB_Device_Library/Core/Src/usbd_ioreq.o
                0x0800d050                USBD_CtlPrepareRx
 .text.USBD_CtlContinueRx
                0x0800d08a       0x22 ./Middlewares/ST/STM32_USB_Device_Library/Core/Src/usbd_ioreq.o
                0x0800d08a                USBD_CtlContinueRx
 .text.USBD_CtlSendStatus
                0x0800d0ac       0x26 ./Middlewares/ST/STM32_USB_Device_Library/Core/Src/usbd_ioreq.o
                0x0800d0ac                USBD_CtlSendStatus
 .text.USBD_CtlReceiveStatus
                0x0800d0d2       0x26 ./Middlewares/ST/STM32_USB_Device_Library/Core/Src/usbd_ioreq.o
                0x0800d0d2                USBD_CtlReceiveStatus
 .text.MX_USB_DEVICE_Init
                0x0800d0f8       0x64 ./USB_DEVICE/App/usb_device.o
                0x0800d0f8                MX_USB_DEVICE_Init
 .text.CDC_Init_FS
                0x0800d15c       0x28 ./USB_DEVICE/App/usbd_cdc_if.o
 .text.CDC_DeInit_FS
                0x0800d184       0x10 ./USB_DEVICE/App/usbd_cdc_if.o
 .text.CDC_Control_FS
                0x0800d194       0xbc ./USB_DEVICE/App/usbd_cdc_if.o
 .text.CDC_Receive_FS
                0x0800d250       0x28 ./USB_DEVICE/App/usbd_cdc_if.o
 .text.CDC_TransmitCplt_FS
                0x0800d278       0x22 ./USB_DEVICE/App/usbd_cdc_if.o
 *fill*         0x0800d29a        0x2 
 .text.USBD_FS_DeviceDescriptor
                0x0800d29c       0x24 ./USB_DEVICE/App/usbd_desc.o
                0x0800d29c                USBD_FS_DeviceDescriptor
 .text.USBD_FS_LangIDStrDescriptor
                0x0800d2c0       0x24 ./USB_DEVICE/App/usbd_desc.o
                0x0800d2c0                USBD_FS_LangIDStrDescriptor
 .text.USBD_FS_ProductStrDescriptor
                0x0800d2e4       0x3c ./USB_DEVICE/App/usbd_desc.o
                0x0800d2e4                USBD_FS_ProductStrDescriptor
 .text.USBD_FS_ManufacturerStrDescriptor
                0x0800d320       0x28 ./USB_DEVICE/App/usbd_desc.o
                0x0800d320                USBD_FS_ManufacturerStrDescriptor
 .text.USBD_FS_SerialStrDescriptor
                0x0800d348       0x24 ./USB_DEVICE/App/usbd_desc.o
                0x0800d348                USBD_FS_SerialStrDescriptor
 .text.USBD_FS_ConfigStrDescriptor
                0x0800d36c       0x3c ./USB_DEVICE/App/usbd_desc.o
                0x0800d36c                USBD_FS_ConfigStrDescriptor
 .text.USBD_FS_InterfaceStrDescriptor
                0x0800d3a8       0x3c ./USB_DEVICE/App/usbd_desc.o
                0x0800d3a8                USBD_FS_InterfaceStrDescriptor
 .text.Get_SerialNum
                0x0800d3e4       0x58 ./USB_DEVICE/App/usbd_desc.o
 .text.IntToUnicode
                0x0800d43c       0x7e ./USB_DEVICE/App/usbd_desc.o
 *fill*         0x0800d4ba        0x2 
 .text.HAL_PCD_MspInit
                0x0800d4bc       0xe8 ./USB_DEVICE/Target/usbd_conf.o
                0x0800d4bc                HAL_PCD_MspInit
 .text.HAL_PCD_SetupStageCallback
                0x0800d5a4       0x24 ./USB_DEVICE/Target/usbd_conf.o
                0x0800d5a4                HAL_PCD_SetupStageCallback
 .text.HAL_PCD_DataOutStageCallback
                0x0800d5c8       0x36 ./USB_DEVICE/Target/usbd_conf.o
                0x0800d5c8                HAL_PCD_DataOutStageCallback
 .text.HAL_PCD_DataInStageCallback
                0x0800d5fe       0x34 ./USB_DEVICE/Target/usbd_conf.o
                0x0800d5fe                HAL_PCD_DataInStageCallback
 .text.HAL_PCD_SOFCallback
                0x0800d632       0x1c ./USB_DEVICE/Target/usbd_conf.o
                0x0800d632                HAL_PCD_SOFCallback
 .text.HAL_PCD_ResetCallback
                0x0800d64e       0x50 ./USB_DEVICE/Target/usbd_conf.o
                0x0800d64e                HAL_PCD_ResetCallback
 *fill*         0x0800d69e        0x2 
 .text.HAL_PCD_SuspendCallback
                0x0800d6a0       0x4c ./USB_DEVICE/Target/usbd_conf.o
                0x0800d6a0                HAL_PCD_SuspendCallback
 .text.HAL_PCD_ResumeCallback
                0x0800d6ec       0x1c ./USB_DEVICE/Target/usbd_conf.o
                0x0800d6ec                HAL_PCD_ResumeCallback
 .text.HAL_PCD_ISOOUTIncompleteCallback
                0x0800d708       0x24 ./USB_DEVICE/Target/usbd_conf.o
                0x0800d708                HAL_PCD_ISOOUTIncompleteCallback
 .text.HAL_PCD_ISOINIncompleteCallback
                0x0800d72c       0x24 ./USB_DEVICE/Target/usbd_conf.o
                0x0800d72c                HAL_PCD_ISOINIncompleteCallback
 .text.HAL_PCD_ConnectCallback
                0x0800d750       0x1c ./USB_DEVICE/Target/usbd_conf.o
                0x0800d750                HAL_PCD_ConnectCallback
 .text.HAL_PCD_DisconnectCallback
                0x0800d76c       0x1c ./USB_DEVICE/Target/usbd_conf.o
                0x0800d76c                HAL_PCD_DisconnectCallback
 .text.USBD_LL_Init
                0x0800d788       0xa0 ./USB_DEVICE/Target/usbd_conf.o
                0x0800d788                USBD_LL_Init
 .text.USBD_LL_Start
                0x0800d828       0x36 ./USB_DEVICE/Target/usbd_conf.o
                0x0800d828                USBD_LL_Start
 .text.USBD_LL_OpenEP
                0x0800d85e       0x4c ./USB_DEVICE/Target/usbd_conf.o
                0x0800d85e                USBD_LL_OpenEP
 .text.USBD_LL_CloseEP
                0x0800d8aa       0x3e ./USB_DEVICE/Target/usbd_conf.o
                0x0800d8aa                USBD_LL_CloseEP
 .text.USBD_LL_StallEP
                0x0800d8e8       0x3e ./USB_DEVICE/Target/usbd_conf.o
                0x0800d8e8                USBD_LL_StallEP
 .text.USBD_LL_ClearStallEP
                0x0800d926       0x3e ./USB_DEVICE/Target/usbd_conf.o
                0x0800d926                USBD_LL_ClearStallEP
 .text.USBD_LL_IsStallEP
                0x0800d964       0x58 ./USB_DEVICE/Target/usbd_conf.o
                0x0800d964                USBD_LL_IsStallEP
 .text.USBD_LL_SetUSBAddress
                0x0800d9bc       0x3e ./USB_DEVICE/Target/usbd_conf.o
                0x0800d9bc                USBD_LL_SetUSBAddress
 .text.USBD_LL_Transmit
                0x0800d9fa       0x42 ./USB_DEVICE/Target/usbd_conf.o
                0x0800d9fa                USBD_LL_Transmit
 .text.USBD_LL_PrepareReceive
                0x0800da3c       0x42 ./USB_DEVICE/Target/usbd_conf.o
                0x0800da3c                USBD_LL_PrepareReceive
 .text.USBD_LL_GetRxDataSize
                0x0800da7e       0x26 ./USB_DEVICE/Target/usbd_conf.o
                0x0800da7e                USBD_LL_GetRxDataSize
 .text.USBD_static_malloc
                0x0800daa4       0x1c ./USB_DEVICE/Target/usbd_conf.o
                0x0800daa4                USBD_static_malloc
 .text.USBD_static_free
                0x0800dac0       0x14 ./USB_DEVICE/Target/usbd_conf.o
                0x0800dac0                USBD_static_free
 .text.USBD_Get_USB_Status
                0x0800dad4       0x58 ./USB_DEVICE/Target/usbd_conf.o
                0x0800dad4                USBD_Get_USB_Status
 .text.memset   0x0800db2c       0x10 C:/ST/STM32CubeIDE_1.16.0/STM32CubeIDE/plugins/com.st.stm32cube.ide.mcu.externaltools.gnu-tools-for-stm32.13.3.rel1.win32_1.0.0.202411081344/tools/bin/../lib/gcc/arm-none-eabi/13.3.1/../../../../arm-none-eabi/lib/thumb/v7e-m+dp/hard\libc_nano.a(libc_a-memset.o)
                0x0800db2c                memset
 .text.__libc_init_array
                0x0800db3c       0x48 C:/ST/STM32CubeIDE_1.16.0/STM32CubeIDE/plugins/com.st.stm32cube.ide.mcu.externaltools.gnu-tools-for-stm32.13.3.rel1.win32_1.0.0.202411081344/tools/bin/../lib/gcc/arm-none-eabi/13.3.1/../../../../arm-none-eabi/lib/thumb/v7e-m+dp/hard\libc_nano.a(libc_a-init.o)
                0x0800db3c                __libc_init_array
 *(.glue_7)
 .glue_7        0x0800db84        0x0 linker stubs
 *(.glue_7t)
 .glue_7t       0x0800db84        0x0 linker stubs
 *(.eh_frame)
 .eh_frame      0x0800db84        0x0 C:/ST/STM32CubeIDE_1.16.0/STM32CubeIDE/plugins/com.st.stm32cube.ide.mcu.externaltools.gnu-tools-for-stm32.13.3.rel1.win32_1.0.0.202411081344/tools/bin/../lib/gcc/arm-none-eabi/13.3.1/thumb/v7e-m+dp/hard/crtbegin.o
 *(.init)
 .init          0x0800db84        0x4 C:/ST/STM32CubeIDE_1.16.0/STM32CubeIDE/plugins/com.st.stm32cube.ide.mcu.externaltools.gnu-tools-for-stm32.13.3.rel1.win32_1.0.0.202411081344/tools/bin/../lib/gcc/arm-none-eabi/13.3.1/thumb/v7e-m+dp/hard/crti.o
                0x0800db84                _init
 .init          0x0800db88        0x8 C:/ST/STM32CubeIDE_1.16.0/STM32CubeIDE/plugins/com.st.stm32cube.ide.mcu.externaltools.gnu-tools-for-stm32.13.3.rel1.win32_1.0.0.202411081344/tools/bin/../lib/gcc/arm-none-eabi/13.3.1/thumb/v7e-m+dp/hard/crtn.o
 *(.fini)
 .fini          0x0800db90        0x4 C:/ST/STM32CubeIDE_1.16.0/STM32CubeIDE/plugins/com.st.stm32cube.ide.mcu.externaltools.gnu-tools-for-stm32.13.3.rel1.win32_1.0.0.202411081344/tools/bin/../lib/gcc/arm-none-eabi/13.3.1/thumb/v7e-m+dp/hard/crti.o
                0x0800db90                _fini
 .fini          0x0800db94        0x8 C:/ST/STM32CubeIDE_1.16.0/STM32CubeIDE/plugins/com.st.stm32cube.ide.mcu.externaltools.gnu-tools-for-stm32.13.3.rel1.win32_1.0.0.202411081344/tools/bin/../lib/gcc/arm-none-eabi/13.3.1/thumb/v7e-m+dp/hard/crtn.o
                0x0800db9c                        . = ALIGN (0x4)
                0x0800db9c                        _etext = .

.vfp11_veneer   0x0800db9c        0x0
 .vfp11_veneer  0x0800db9c        0x0 linker stubs

.v4_bx          0x0800db9c        0x0
 .v4_bx         0x0800db9c        0x0 linker stubs

.iplt           0x0800db9c        0x0
 .iplt          0x0800db9c        0x0 C:/ST/STM32CubeIDE_1.16.0/STM32CubeIDE/plugins/com.st.stm32cube.ide.mcu.externaltools.gnu-tools-for-stm32.13.3.rel1.win32_1.0.0.202411081344/tools/bin/../lib/gcc/arm-none-eabi/13.3.1/thumb/v7e-m+dp/hard/crtbegin.o

.rodata         0x0800db9c       0x80
                0x0800db9c                        . = ALIGN (0x4)
 *(.rodata)
 .rodata        0x0800db9c       0x46 ./USB_DEVICE/App/usbd_desc.o
 *(.rodata*)
 *fill*         0x0800dbe2        0x2 
 .rodata.D1CorePrescTable
                0x0800dbe4       0x10 ./Core/Src/system_stm32h7xx.o
                0x0800dbe4                D1CorePrescTable
 .rodata.UARTPrescTable
                0x0800dbf4       0x18 ./Drivers/STM32H7xx_HAL_Driver/Src/stm32h7xx_hal_uart.o
                0x0800dbf4                UARTPrescTable
 .rodata.numerator.1
                0x0800dc0c        0x8 ./Drivers/STM32H7xx_HAL_Driver/Src/stm32h7xx_hal_uart_ex.o
 .rodata.denominator.0
                0x0800dc14        0x8 ./Drivers/STM32H7xx_HAL_Driver/Src/stm32h7xx_hal_uart_ex.o
                0x0800dc1c                        . = ALIGN (0x4)

.ARM.extab
 *(.ARM.extab* .gnu.linkonce.armextab.*)

.ARM            0x0800dc1c        0x8
                0x0800dc1c                        __exidx_start = .
 *(.ARM.exidx*)
 .ARM.exidx     0x0800dc1c        0x8 C:/ST/STM32CubeIDE_1.16.0/STM32CubeIDE/plugins/com.st.stm32cube.ide.mcu.externaltools.gnu-tools-for-stm32.13.3.rel1.win32_1.0.0.202411081344/tools/bin/../lib/gcc/arm-none-eabi/13.3.1/thumb/v7e-m+dp/hard\libgcc.a(_udivmoddi4.o)
                0x0800dc24                        __exidx_end = .

.preinit_array  0x0800dc24        0x0
                0x0800dc24                        PROVIDE (__preinit_array_start = .)
 *(.preinit_array*)
                0x0800dc24                        PROVIDE (__preinit_array_end = .)

.init_array     0x0800dc24        0x4
                0x0800dc24                        PROVIDE (__init_array_start = .)
 *(SORT_BY_NAME(.init_array.*))
 *(.init_array*)
 .init_array    0x0800dc24        0x4 C:/ST/STM32CubeIDE_1.16.0/STM32CubeIDE/plugins/com.st.stm32cube.ide.mcu.externaltools.gnu-tools-for-stm32.13.3.rel1.win32_1.0.0.202411081344/tools/bin/../lib/gcc/arm-none-eabi/13.3.1/thumb/v7e-m+dp/hard/crtbegin.o
                0x0800dc28                        PROVIDE (__init_array_end = .)

.fini_array     0x0800dc28        0x4
                [!provide]                        PROVIDE (__fini_array_start = .)
 *(SORT_BY_NAME(.fini_array.*))
 *(.fini_array*)
 .fini_array    0x0800dc28        0x4 C:/ST/STM32CubeIDE_1.16.0/STM32CubeIDE/plugins/com.st.stm32cube.ide.mcu.externaltools.gnu-tools-for-stm32.13.3.rel1.win32_1.0.0.202411081344/tools/bin/../lib/gcc/arm-none-eabi/13.3.1/thumb/v7e-m+dp/hard/crtbegin.o
                [!provide]                        PROVIDE (__fini_array_end = .)
                0x0800dc2c                        _sidata = LOADADDR (.data)

.rel.dyn        0x0800dc2c        0x0
 .rel.iplt      0x0800dc2c        0x0 C:/ST/STM32CubeIDE_1.16.0/STM32CubeIDE/plugins/com.st.stm32cube.ide.mcu.externaltools.gnu-tools-for-stm32.13.3.rel1.win32_1.0.0.202411081344/tools/bin/../lib/gcc/arm-none-eabi/13.3.1/thumb/v7e-m+dp/hard/crtbegin.o

.data           0x24000000      0x104 load address 0x0800dc2c
                0x24000000                        . = ALIGN (0x4)
                0x24000000                        _sdata = .
 *(.data)
 *(.data*)
 .data.SystemCoreClock
                0x24000000        0x4 ./Core/Src/system_stm32h7xx.o
                0x24000000                SystemCoreClock
 .data.SystemD2Clock
                0x24000004        0x4 ./Core/Src/system_stm32h7xx.o
                0x24000004                SystemD2Clock
 .data.uwTickPrio
                0x24000008        0x4 ./Drivers/STM32H7xx_HAL_Driver/Src/stm32h7xx_hal.o
                0x24000008                uwTickPrio
 .data.uwTickFreq
                0x2400000c        0x1 ./Drivers/STM32H7xx_HAL_Driver/Src/stm32h7xx_hal.o
                0x2400000c                uwTickFreq
 *fill*         0x2400000d        0x3 
 .data.USBD_CDC_DeviceQualifierDesc
                0x24000010        0xa ./Middlewares/ST/STM32_USB_Device_Library/Class/CDC/Src/usbd_cdc.o
 *fill*         0x2400001a        0x2 
 .data.USBD_CDC
                0x2400001c       0x38 ./Middlewares/ST/STM32_USB_Device_Library/Class/CDC/Src/usbd_cdc.o
                0x2400001c                USBD_CDC
 .data.USBD_CDC_CfgDesc
                0x24000054       0x43 ./Middlewares/ST/STM32_USB_Device_Library/Class/CDC/Src/usbd_cdc.o
 .data.CDCInEpAdd
                0x24000097        0x1 ./Middlewares/ST/STM32_USB_Device_Library/Class/CDC/Src/usbd_cdc.o
 .data.CDCOutEpAdd
                0x24000098        0x1 ./Middlewares/ST/STM32_USB_Device_Library/Class/CDC/Src/usbd_cdc.o
 .data.CDCCmdEpAdd
                0x24000099        0x1 ./Middlewares/ST/STM32_USB_Device_Library/Class/CDC/Src/usbd_cdc.o
 *fill*         0x2400009a        0x2 
 .data.USBD_Interface_fops_FS
                0x2400009c       0x14 ./USB_DEVICE/App/usbd_cdc_if.o
                0x2400009c                USBD_Interface_fops_FS
 .data.FS_Desc  0x240000b0       0x20 ./USB_DEVICE/App/usbd_desc.o
                0x240000b0                FS_Desc
 .data.USBD_FS_DeviceDesc
                0x240000d0       0x12 ./USB_DEVICE/App/usbd_desc.o
                0x240000d0                USBD_FS_DeviceDesc
 *fill*         0x240000e2        0x2 
 .data.USBD_LangIDDesc
                0x240000e4        0x4 ./USB_DEVICE/App/usbd_desc.o
                0x240000e4                USBD_LangIDDesc
 .data.USBD_StringSerial
                0x240000e8       0x1a ./USB_DEVICE/App/usbd_desc.o
                0x240000e8                USBD_StringSerial
 *(.RamFunc)
 *(.RamFunc*)
                0x24000104                        . = ALIGN (0x4)
 *fill*         0x24000102        0x2 
                0x24000104                        _edata = .

.igot.plt       0x24000104        0x0 load address 0x0800dd30
 .igot.plt      0x24000104        0x0 C:/ST/STM32CubeIDE_1.16.0/STM32CubeIDE/plugins/com.st.stm32cube.ide.mcu.externaltools.gnu-tools-for-stm32.13.3.rel1.win32_1.0.0.202411081344/tools/bin/../lib/gcc/arm-none-eabi/13.3.1/thumb/v7e-m+dp/hard/crtbegin.o
                0x24000104                        . = ALIGN (0x4)

.bss            0x24000104     0x2194 load address 0x0800dd30
                0x24000104                        _sbss = .
                0x24000104                        __bss_start__ = _sbss
 *(.bss)
 .bss           0x24000104       0x1c C:/ST/STM32CubeIDE_1.16.0/STM32CubeIDE/plugins/com.st.stm32cube.ide.mcu.externaltools.gnu-tools-for-stm32.13.3.rel1.win32_1.0.0.202411081344/tools/bin/../lib/gcc/arm-none-eabi/13.3.1/thumb/v7e-m+dp/hard/crtbegin.o
 *(.bss*)
 .bss.hhrtim    0x24000120       0xdc ./Core/Src/main.o
                0x24000120                hhrtim
 .bss.hi2c1     0x240001fc       0x54 ./Core/Src/main.o
                0x240001fc                hi2c1
 .bss.hi2c4     0x24000250       0x54 ./Core/Src/main.o
                0x24000250                hi2c4
 .bss.hlptim2   0x240002a4       0x38 ./Core/Src/main.o
                0x240002a4                hlptim2
 .bss.htim1     0x240002dc       0x4c ./Core/Src/main.o
                0x240002dc                htim1
 .bss.htim2     0x24000328       0x4c ./Core/Src/main.o
                0x24000328                htim2
 .bss.htim3     0x24000374       0x4c ./Core/Src/main.o
                0x24000374                htim3
 .bss.htim4     0x240003c0       0x4c ./Core/Src/main.o
                0x240003c0                htim4
 .bss.htim5     0x2400040c       0x4c ./Core/Src/main.o
                0x2400040c                htim5
 .bss.htim8     0x24000458       0x4c ./Core/Src/main.o
                0x24000458                htim8
 .bss.htim12    0x240004a4       0x4c ./Core/Src/main.o
                0x240004a4                htim12
 .bss.htim13    0x240004f0       0x4c ./Core/Src/main.o
                0x240004f0                htim13
 .bss.htim14    0x2400053c       0x4c ./Core/Src/main.o
                0x2400053c                htim14
 .bss.huart2    0x24000588       0x94 ./Core/Src/main.o
                0x24000588                huart2
 .bss.huart3    0x2400061c       0x94 ./Core/Src/main.o
                0x2400061c                huart3
 .bss.uwTick    0x240006b0        0x4 ./Drivers/STM32H7xx_HAL_Driver/Src/stm32h7xx_hal.o
                0x240006b0                uwTick
 .bss.cfgidx.0  0x240006b4        0x1 ./Middlewares/ST/STM32_USB_Device_Library/Core/Src/usbd_ctlreq.o
 *fill*         0x240006b5        0x3 
 .bss.hUsbDeviceFS
                0x240006b8      0x2dc ./USB_DEVICE/App/usb_device.o
                0x240006b8                hUsbDeviceFS
 .bss.UserRxBufferFS
                0x24000994      0x800 ./USB_DEVICE/App/usbd_cdc_if.o
                0x24000994                UserRxBufferFS
 .bss.UserTxBufferFS
                0x24001194      0x800 ./USB_DEVICE/App/usbd_cdc_if.o
                0x24001194                UserTxBufferFS
 .bss.USBD_StrDesc
                0x24001994      0x200 ./USB_DEVICE/App/usbd_desc.o
                0x24001994                USBD_StrDesc
 .bss.hpcd_USB_OTG_FS
                0x24001b94      0x4e4 ./USB_DEVICE/Target/usbd_conf.o
                0x24001b94                hpcd_USB_OTG_FS
 .bss.mem.0     0x24002078      0x220 ./USB_DEVICE/Target/usbd_conf.o
 *(COMMON)
                0x24002298                        . = ALIGN (0x4)
                0x24002298                        _ebss = .
                0x24002298                        __bss_end__ = _ebss

._user_heap_stack
                0x24002298      0x600 load address 0x0800dd30
                0x24002298                        . = ALIGN (0x8)
                [!provide]                        PROVIDE (end = .)
                0x24002298                        PROVIDE (_end = .)
                0x24002498                        . = (. + _Min_Heap_Size)
 *fill*         0x24002298      0x200 
                0x24002898                        . = (. + _Min_Stack_Size)
 *fill*         0x24002498      0x400 
                0x24002898                        . = ALIGN (0x8)

/DISCARD/
 libc.a(*)
 libm.a(*)
 libgcc.a(*)

.ARM.attributes
                0x00000000       0x2e
 *(.ARM.attributes)
 .ARM.attributes
                0x00000000       0x20 C:/ST/STM32CubeIDE_1.16.0/STM32CubeIDE/plugins/com.st.stm32cube.ide.mcu.externaltools.gnu-tools-for-stm32.13.3.rel1.win32_1.0.0.202411081344/tools/bin/../lib/gcc/arm-none-eabi/13.3.1/thumb/v7e-m+dp/hard/crti.o
 .ARM.attributes
                0x00000020       0x32 C:/ST/STM32CubeIDE_1.16.0/STM32CubeIDE/plugins/com.st.stm32cube.ide.mcu.externaltools.gnu-tools-for-stm32.13.3.rel1.win32_1.0.0.202411081344/tools/bin/../lib/gcc/arm-none-eabi/13.3.1/thumb/v7e-m+dp/hard/crtbegin.o
 .ARM.attributes
                0x00000052       0x32 ./Core/Src/main.o
 .ARM.attributes
                0x00000084       0x32 ./Core/Src/stm32h7xx_hal_msp.o
 .ARM.attributes
                0x000000b6       0x32 ./Core/Src/stm32h7xx_it.o
 .ARM.attributes
                0x000000e8       0x32 ./Core/Src/system_stm32h7xx.o
 .ARM.attributes
                0x0000011a       0x21 ./Core/Startup/startup_stm32h750vbtx.o
 .ARM.attributes
                0x0000013b       0x32 ./Drivers/STM32H7xx_HAL_Driver/Src/stm32h7xx_hal.o
 .ARM.attributes
                0x0000016d       0x32 ./Drivers/STM32H7xx_HAL_Driver/Src/stm32h7xx_hal_cortex.o
 .ARM.attributes
                0x0000019f       0x32 ./Drivers/STM32H7xx_HAL_Driver/Src/stm32h7xx_hal_gpio.o
 .ARM.attributes
                0x000001d1       0x32 ./Drivers/STM32H7xx_HAL_Driver/Src/stm32h7xx_hal_hrtim.o
 .ARM.attributes
                0x00000203       0x32 ./Drivers/STM32H7xx_HAL_Driver/Src/stm32h7xx_hal_i2c.o
 .ARM.attributes
                0x00000235       0x32 ./Drivers/STM32H7xx_HAL_Driver/Src/stm32h7xx_hal_i2c_ex.o
 .ARM.attributes
                0x00000267       0x32 ./Drivers/STM32H7xx_HAL_Driver/Src/stm32h7xx_hal_lptim.o
 .ARM.attributes
                0x00000299       0x32 ./Drivers/STM32H7xx_HAL_Driver/Src/stm32h7xx_hal_pcd.o
 .ARM.attributes
                0x000002cb       0x32 ./Drivers/STM32H7xx_HAL_Driver/Src/stm32h7xx_hal_pcd_ex.o
 .ARM.attributes
                0x000002fd       0x32 ./Drivers/STM32H7xx_HAL_Driver/Src/stm32h7xx_hal_pwr_ex.o
 .ARM.attributes
                0x0000032f       0x32 ./Drivers/STM32H7xx_HAL_Driver/Src/stm32h7xx_hal_rcc.o
 .ARM.attributes
                0x00000361       0x32 ./Drivers/STM32H7xx_HAL_Driver/Src/stm32h7xx_hal_rcc_ex.o
 .ARM.attributes
                0x00000393       0x32 ./Drivers/STM32H7xx_HAL_Driver/Src/stm32h7xx_hal_tim.o
 .ARM.attributes
                0x000003c5       0x32 ./Drivers/STM32H7xx_HAL_Driver/Src/stm32h7xx_hal_tim_ex.o
 .ARM.attributes
                0x000003f7       0x32 ./Drivers/STM32H7xx_HAL_Driver/Src/stm32h7xx_hal_uart.o
 .ARM.attributes
                0x00000429       0x32 ./Drivers/STM32H7xx_HAL_Driver/Src/stm32h7xx_hal_uart_ex.o
 .ARM.attributes
                0x0000045b       0x32 ./Drivers/STM32H7xx_HAL_Driver/Src/stm32h7xx_ll_usb.o
 .ARM.attributes
                0x0000048d       0x32 ./Middlewares/ST/STM32_USB_Device_Library/Class/CDC/Src/usbd_cdc.o
 .ARM.attributes
                0x000004bf       0x32 ./Middlewares/ST/STM32_USB_Device_Library/Core/Src/usbd_core.o
 .ARM.attributes
                0x000004f1       0x32 ./Middlewares/ST/STM32_USB_Device_Library/Core/Src/usbd_ctlreq.o
 .ARM.attributes
                0x00000523       0x32 ./Middlewares/ST/STM32_USB_Device_Library/Core/Src/usbd_ioreq.o
 .ARM.attributes
                0x00000555       0x32 ./USB_DEVICE/App/usb_device.o
 .ARM.attributes
                0x00000587       0x32 ./USB_DEVICE/App/usbd_cdc_if.o
 .ARM.attributes
                0x000005b9       0x32 ./USB_DEVICE/App/usbd_desc.o
 .ARM.attributes
                0x000005eb       0x32 ./USB_DEVICE/Target/usbd_conf.o
 .ARM.attributes
                0x0000061d       0x32 C:/ST/STM32CubeIDE_1.16.0/STM32CubeIDE/plugins/com.st.stm32cube.ide.mcu.externaltools.gnu-tools-for-stm32.13.3.rel1.win32_1.0.0.202411081344/tools/bin/../lib/gcc/arm-none-eabi/13.3.1/../../../../arm-none-eabi/lib/thumb/v7e-m+dp/hard\libc_nano.a(libc_a-memset.o)
 .ARM.attributes
                0x0000064f       0x32 C:/ST/STM32CubeIDE_1.16.0/STM32CubeIDE/plugins/com.st.stm32cube.ide.mcu.externaltools.gnu-tools-for-stm32.13.3.rel1.win32_1.0.0.202411081344/tools/bin/../lib/gcc/arm-none-eabi/13.3.1/../../../../arm-none-eabi/lib/thumb/v7e-m+dp/hard\libc_nano.a(libc_a-init.o)
 .ARM.attributes
                0x00000681       0x20 C:/ST/STM32CubeIDE_1.16.0/STM32CubeIDE/plugins/com.st.stm32cube.ide.mcu.externaltools.gnu-tools-for-stm32.13.3.rel1.win32_1.0.0.202411081344/tools/bin/../lib/gcc/arm-none-eabi/13.3.1/thumb/v7e-m+dp/hard\libgcc.a(_aeabi_uldivmod.o)
 .ARM.attributes
                0x000006a1       0x32 C:/ST/STM32CubeIDE_1.16.0/STM32CubeIDE/plugins/com.st.stm32cube.ide.mcu.externaltools.gnu-tools-for-stm32.13.3.rel1.win32_1.0.0.202411081344/tools/bin/../lib/gcc/arm-none-eabi/13.3.1/thumb/v7e-m+dp/hard\libgcc.a(_udivmoddi4.o)
 .ARM.attributes
                0x000006d3       0x20 C:/ST/STM32CubeIDE_1.16.0/STM32CubeIDE/plugins/com.st.stm32cube.ide.mcu.externaltools.gnu-tools-for-stm32.13.3.rel1.win32_1.0.0.202411081344/tools/bin/../lib/gcc/arm-none-eabi/13.3.1/thumb/v7e-m+dp/hard\libgcc.a(_dvmd_tls.o)
 .ARM.attributes
                0x000006f3       0x20 C:/ST/STM32CubeIDE_1.16.0/STM32CubeIDE/plugins/com.st.stm32cube.ide.mcu.externaltools.gnu-tools-for-stm32.13.3.rel1.win32_1.0.0.202411081344/tools/bin/../lib/gcc/arm-none-eabi/13.3.1/thumb/v7e-m+dp/hard/crtn.o
OUTPUT(MotionRig.elf elf32-littlearm)
LOAD linker stubs
LOAD C:/ST/STM32CubeIDE_1.16.0/STM32CubeIDE/plugins/com.st.stm32cube.ide.mcu.externaltools.gnu-tools-for-stm32.13.3.rel1.win32_1.0.0.202411081344/tools/bin/../lib/gcc/arm-none-eabi/13.3.1/../../../../arm-none-eabi/lib/thumb/v7e-m+dp/hard\libc.a
LOAD C:/ST/STM32CubeIDE_1.16.0/STM32CubeIDE/plugins/com.st.stm32cube.ide.mcu.externaltools.gnu-tools-for-stm32.13.3.rel1.win32_1.0.0.202411081344/tools/bin/../lib/gcc/arm-none-eabi/13.3.1/../../../../arm-none-eabi/lib/thumb/v7e-m+dp/hard\libm.a
LOAD C:/ST/STM32CubeIDE_1.16.0/STM32CubeIDE/plugins/com.st.stm32cube.ide.mcu.externaltools.gnu-tools-for-stm32.13.3.rel1.win32_1.0.0.202411081344/tools/bin/../lib/gcc/arm-none-eabi/13.3.1/thumb/v7e-m+dp/hard\libgcc.a

.debug_info     0x00000000    0x286ea
 .debug_info    0x00000000     0x2d0b ./Core/Src/main.o
 .debug_info    0x00002d0b     0x256b ./Core/Src/stm32h7xx_hal_msp.o
 .debug_info    0x00005276      0x6b2 ./Core/Src/stm32h7xx_it.o
 .debug_info    0x00005928      0xdb2 ./Core/Src/system_stm32h7xx.o
 .debug_info    0x000066da       0x30 ./Core/Startup/startup_stm32h750vbtx.o
 .debug_info    0x0000670a     0x1541 ./Drivers/STM32H7xx_HAL_Driver/Src/stm32h7xx_hal.o
 .debug_info    0x00007c4b     0x10b7 ./Drivers/STM32H7xx_HAL_Driver/Src/stm32h7xx_hal_cortex.o
 .debug_info    0x00008d02      0xc5a ./Drivers/STM32H7xx_HAL_Driver/Src/stm32h7xx_hal_gpio.o
 .debug_info    0x0000995c     0x37e4 ./Drivers/STM32H7xx_HAL_Driver/Src/stm32h7xx_hal_hrtim.o
 .debug_info    0x0000d140     0x22c9 ./Drivers/STM32H7xx_HAL_Driver/Src/stm32h7xx_hal_i2c.o
 .debug_info    0x0000f409      0xd84 ./Drivers/STM32H7xx_HAL_Driver/Src/stm32h7xx_hal_i2c_ex.o
 .debug_info    0x0001018d      0xff8 ./Drivers/STM32H7xx_HAL_Driver/Src/stm32h7xx_hal_lptim.o
 .debug_info    0x00011185     0x1561 ./Drivers/STM32H7xx_HAL_Driver/Src/stm32h7xx_hal_pcd.o
 .debug_info    0x000126e6      0x8b3 ./Drivers/STM32H7xx_HAL_Driver/Src/stm32h7xx_hal_pcd_ex.o
 .debug_info    0x00012f99     0x1012 ./Drivers/STM32H7xx_HAL_Driver/Src/stm32h7xx_hal_pwr_ex.o
 .debug_info    0x00013fab      0xe6a ./Drivers/STM32H7xx_HAL_Driver/Src/stm32h7xx_hal_rcc.o
 .debug_info    0x00014e15     0x1225 ./Drivers/STM32H7xx_HAL_Driver/Src/stm32h7xx_hal_rcc_ex.o
 .debug_info    0x0001603a     0x2bae ./Drivers/STM32H7xx_HAL_Driver/Src/stm32h7xx_hal_tim.o
 .debug_info    0x00018be8     0x17eb ./Drivers/STM32H7xx_HAL_Driver/Src/stm32h7xx_hal_tim_ex.o
 .debug_info    0x0001a3d3     0x4b1d ./Drivers/STM32H7xx_HAL_Driver/Src/stm32h7xx_hal_uart.o
 .debug_info    0x0001eef0      0xfbf ./Drivers/STM32H7xx_HAL_Driver/Src/stm32h7xx_hal_uart_ex.o
 .debug_info    0x0001feaf     0x1a1e ./Drivers/STM32H7xx_HAL_Driver/Src/stm32h7xx_ll_usb.o
 .debug_info    0x000218cd     0x133d ./Middlewares/ST/STM32_USB_Device_Library/Class/CDC/Src/usbd_cdc.o
 .debug_info    0x00022c0a      0xe20 ./Middlewares/ST/STM32_USB_Device_Library/Core/Src/usbd_core.o
 .debug_info    0x00023a2a      0xaf9 ./Middlewares/ST/STM32_USB_Device_Library/Core/Src/usbd_ctlreq.o
 .debug_info    0x00024523      0x770 ./Middlewares/ST/STM32_USB_Device_Library/Core/Src/usbd_ioreq.o
 .debug_info    0x00024c93      0x725 ./USB_DEVICE/App/usb_device.o
 .debug_info    0x000253b8      0x915 ./USB_DEVICE/App/usbd_cdc_if.o
 .debug_info    0x00025ccd      0x48f ./USB_DEVICE/App/usbd_desc.o
 .debug_info    0x0002615c     0x258e ./USB_DEVICE/Target/usbd_conf.o

.debug_abbrev   0x00000000     0x47a7
 .debug_abbrev  0x00000000      0x31a ./Core/Src/main.o
 .debug_abbrev  0x0000031a      0x2a1 ./Core/Src/stm32h7xx_hal_msp.o
 .debug_abbrev  0x000005bb      0x1a4 ./Core/Src/stm32h7xx_it.o
 .debug_abbrev  0x0000075f      0x165 ./Core/Src/system_stm32h7xx.o
 .debug_abbrev  0x000008c4       0x24 ./Core/Startup/startup_stm32h750vbtx.o
 .debug_abbrev  0x000008e8      0x295 ./Drivers/STM32H7xx_HAL_Driver/Src/stm32h7xx_hal.o
 .debug_abbrev  0x00000b7d      0x339 ./Drivers/STM32H7xx_HAL_Driver/Src/stm32h7xx_hal_cortex.o
 .debug_abbrev  0x00000eb6      0x205 ./Drivers/STM32H7xx_HAL_Driver/Src/stm32h7xx_hal_gpio.o
 .debug_abbrev  0x000010bb      0x261 ./Drivers/STM32H7xx_HAL_Driver/Src/stm32h7xx_hal_hrtim.o
 .debug_abbrev  0x0000131c      0x25d ./Drivers/STM32H7xx_HAL_Driver/Src/stm32h7xx_hal_i2c.o
 .debug_abbrev  0x00001579      0x1f5 ./Drivers/STM32H7xx_HAL_Driver/Src/stm32h7xx_hal_i2c_ex.o
 .debug_abbrev  0x0000176e      0x298 ./Drivers/STM32H7xx_HAL_Driver/Src/stm32h7xx_hal_lptim.o
 .debug_abbrev  0x00001a06      0x2dc ./Drivers/STM32H7xx_HAL_Driver/Src/stm32h7xx_hal_pcd.o
 .debug_abbrev  0x00001ce2      0x256 ./Drivers/STM32H7xx_HAL_Driver/Src/stm32h7xx_hal_pcd_ex.o
 .debug_abbrev  0x00001f38      0x2a7 ./Drivers/STM32H7xx_HAL_Driver/Src/stm32h7xx_hal_pwr_ex.o
 .debug_abbrev  0x000021df      0x2c8 ./Drivers/STM32H7xx_HAL_Driver/Src/stm32h7xx_hal_rcc.o
 .debug_abbrev  0x000024a7      0x269 ./Drivers/STM32H7xx_HAL_Driver/Src/stm32h7xx_hal_rcc_ex.o
 .debug_abbrev  0x00002710      0x276 ./Drivers/STM32H7xx_HAL_Driver/Src/stm32h7xx_hal_tim.o
 .debug_abbrev  0x00002986      0x281 ./Drivers/STM32H7xx_HAL_Driver/Src/stm32h7xx_hal_tim_ex.o
 .debug_abbrev  0x00002c07      0x33d ./Drivers/STM32H7xx_HAL_Driver/Src/stm32h7xx_hal_uart.o
 .debug_abbrev  0x00002f44      0x2d2 ./Drivers/STM32H7xx_HAL_Driver/Src/stm32h7xx_hal_uart_ex.o
 .debug_abbrev  0x00003216      0x2b3 ./Drivers/STM32H7xx_HAL_Driver/Src/stm32h7xx_ll_usb.o
 .debug_abbrev  0x000034c9      0x2d2 ./Middlewares/ST/STM32_USB_Device_Library/Class/CDC/Src/usbd_cdc.o
 .debug_abbrev  0x0000379b      0x27c ./Middlewares/ST/STM32_USB_Device_Library/Core/Src/usbd_core.o
 .debug_abbrev  0x00003a17      0x26f ./Middlewares/ST/STM32_USB_Device_Library/Core/Src/usbd_ctlreq.o
 .debug_abbrev  0x00003c86      0x19a ./Middlewares/ST/STM32_USB_Device_Library/Core/Src/usbd_ioreq.o
 .debug_abbrev  0x00003e20      0x1a8 ./USB_DEVICE/App/usb_device.o
 .debug_abbrev  0x00003fc8      0x29d ./USB_DEVICE/App/usbd_cdc_if.o
 .debug_abbrev  0x00004265      0x1f3 ./USB_DEVICE/App/usbd_desc.o
 .debug_abbrev  0x00004458      0x34f ./USB_DEVICE/Target/usbd_conf.o

.debug_aranges  0x00000000     0x2000
 .debug_aranges
                0x00000000       0xb8 ./Core/Src/main.o
 .debug_aranges
                0x000000b8       0xa0 ./Core/Src/stm32h7xx_hal_msp.o
 .debug_aranges
                0x00000158       0x68 ./Core/Src/stm32h7xx_it.o
 .debug_aranges
                0x000001c0       0x30 ./Core/Src/system_stm32h7xx.o
 .debug_aranges
                0x000001f0       0x28 ./Core/Startup/startup_stm32h750vbtx.o
 .debug_aranges
                0x00000218      0x198 ./Drivers/STM32H7xx_HAL_Driver/Src/stm32h7xx_hal.o
 .debug_aranges
                0x000003b0      0x130 ./Drivers/STM32H7xx_HAL_Driver/Src/stm32h7xx_hal_cortex.o
 .debug_aranges
                0x000004e0       0x58 ./Drivers/STM32H7xx_HAL_Driver/Src/stm32h7xx_hal_gpio.o
 .debug_aranges
                0x00000538      0x3e8 ./Drivers/STM32H7xx_HAL_Driver/Src/stm32h7xx_hal_hrtim.o
 .debug_aranges
                0x00000920      0x2a0 ./Drivers/STM32H7xx_HAL_Driver/Src/stm32h7xx_hal_i2c.o
 .debug_aranges
                0x00000bc0       0x48 ./Drivers/STM32H7xx_HAL_Driver/Src/stm32h7xx_hal_i2c_ex.o
 .debug_aranges
                0x00000c08      0x168 ./Drivers/STM32H7xx_HAL_Driver/Src/stm32h7xx_hal_lptim.o
 .debug_aranges
                0x00000d70      0x140 ./Drivers/STM32H7xx_HAL_Driver/Src/stm32h7xx_hal_pcd.o
 .debug_aranges
                0x00000eb0       0x60 ./Drivers/STM32H7xx_HAL_Driver/Src/stm32h7xx_hal_pcd_ex.o
 .debug_aranges
                0x00000f10      0x158 ./Drivers/STM32H7xx_HAL_Driver/Src/stm32h7xx_hal_pwr_ex.o
 .debug_aranges
                0x00001068       0x88 ./Drivers/STM32H7xx_HAL_Driver/Src/stm32h7xx_hal_rcc.o
 .debug_aranges
                0x000010f0       0xf8 ./Drivers/STM32H7xx_HAL_Driver/Src/stm32h7xx_hal_rcc_ex.o
 .debug_aranges
                0x000011e8      0x3e0 ./Drivers/STM32H7xx_HAL_Driver/Src/stm32h7xx_hal_tim.o
 .debug_aranges
                0x000015c8      0x188 ./Drivers/STM32H7xx_HAL_Driver/Src/stm32h7xx_hal_tim_ex.o
 .debug_aranges
                0x00001750      0x248 ./Drivers/STM32H7xx_HAL_Driver/Src/stm32h7xx_hal_uart.o
 .debug_aranges
                0x00001998       0xa8 ./Drivers/STM32H7xx_HAL_Driver/Src/stm32h7xx_hal_uart_ex.o
 .debug_aranges
                0x00001a40      0x1a0 ./Drivers/STM32H7xx_HAL_Driver/Src/stm32h7xx_ll_usb.o
 .debug_aranges
                0x00001be0       0x90 ./Middlewares/ST/STM32_USB_Device_Library/Class/CDC/Src/usbd_cdc.o
 .debug_aranges
                0x00001c70       0xd8 ./Middlewares/ST/STM32_USB_Device_Library/Core/Src/usbd_core.o
 .debug_aranges
                0x00001d48       0x90 ./Middlewares/ST/STM32_USB_Device_Library/Core/Src/usbd_ctlreq.o
 .debug_aranges
                0x00001dd8       0x50 ./Middlewares/ST/STM32_USB_Device_Library/Core/Src/usbd_ioreq.o
 .debug_aranges
                0x00001e28       0x20 ./USB_DEVICE/App/usb_device.o
 .debug_aranges
                0x00001e48       0x48 ./USB_DEVICE/App/usbd_cdc_if.o
 .debug_aranges
                0x00001e90       0x60 ./USB_DEVICE/App/usbd_desc.o
 .debug_aranges
                0x00001ef0      0x110 ./USB_DEVICE/Target/usbd_conf.o

.debug_rnglists
                0x00000000     0x1917
 .debug_rnglists
                0x00000000       0x95 ./Core/Src/main.o
 .debug_rnglists
                0x00000095       0x7b ./Core/Src/stm32h7xx_hal_msp.o
 .debug_rnglists
                0x00000110       0x49 ./Core/Src/stm32h7xx_it.o
 .debug_rnglists
                0x00000159       0x21 ./Core/Src/system_stm32h7xx.o
 .debug_rnglists
                0x0000017a       0x19 ./Core/Startup/startup_stm32h750vbtx.o
 .debug_rnglists
                0x00000193      0x131 ./Drivers/STM32H7xx_HAL_Driver/Src/stm32h7xx_hal.o
 .debug_rnglists
                0x000002c4       0xe0 ./Drivers/STM32H7xx_HAL_Driver/Src/stm32h7xx_hal_cortex.o
 .debug_rnglists
                0x000003a4       0x3f ./Drivers/STM32H7xx_HAL_Driver/Src/stm32h7xx_hal_gpio.o
 .debug_rnglists
                0x000003e3      0x32c ./Drivers/STM32H7xx_HAL_Driver/Src/stm32h7xx_hal_hrtim.o
 .debug_rnglists
                0x0000070f      0x22a ./Drivers/STM32H7xx_HAL_Driver/Src/stm32h7xx_hal_i2c.o
 .debug_rnglists
                0x00000939       0x35 ./Drivers/STM32H7xx_HAL_Driver/Src/stm32h7xx_hal_i2c_ex.o
 .debug_rnglists
                0x0000096e      0x11b ./Drivers/STM32H7xx_HAL_Driver/Src/stm32h7xx_hal_lptim.o
 .debug_rnglists
                0x00000a89       0xf4 ./Drivers/STM32H7xx_HAL_Driver/Src/stm32h7xx_hal_pcd.o
 .debug_rnglists
                0x00000b7d       0x45 ./Drivers/STM32H7xx_HAL_Driver/Src/stm32h7xx_hal_pcd_ex.o
 .debug_rnglists
                0x00000bc2      0x103 ./Drivers/STM32H7xx_HAL_Driver/Src/stm32h7xx_hal_pwr_ex.o
 .debug_rnglists
                0x00000cc5       0x68 ./Drivers/STM32H7xx_HAL_Driver/Src/stm32h7xx_hal_rcc.o
 .debug_rnglists
                0x00000d2d       0xc0 ./Drivers/STM32H7xx_HAL_Driver/Src/stm32h7xx_hal_rcc_ex.o
 .debug_rnglists
                0x00000ded      0x328 ./Drivers/STM32H7xx_HAL_Driver/Src/stm32h7xx_hal_tim.o
 .debug_rnglists
                0x00001115      0x13f ./Drivers/STM32H7xx_HAL_Driver/Src/stm32h7xx_hal_tim_ex.o
 .debug_rnglists
                0x00001254      0x1fa ./Drivers/STM32H7xx_HAL_Driver/Src/stm32h7xx_hal_uart.o
 .debug_rnglists
                0x0000144e       0x7f ./Drivers/STM32H7xx_HAL_Driver/Src/stm32h7xx_hal_uart_ex.o
 .debug_rnglists
                0x000014cd      0x147 ./Drivers/STM32H7xx_HAL_Driver/Src/stm32h7xx_ll_usb.o
 .debug_rnglists
                0x00001614       0x6c ./Middlewares/ST/STM32_USB_Device_Library/Class/CDC/Src/usbd_cdc.o
 .debug_rnglists
                0x00001680       0xa1 ./Middlewares/ST/STM32_USB_Device_Library/Core/Src/usbd_core.o
 .debug_rnglists
                0x00001721       0x6e ./Middlewares/ST/STM32_USB_Device_Library/Core/Src/usbd_ctlreq.o
 .debug_rnglists
                0x0000178f       0x37 ./Middlewares/ST/STM32_USB_Device_Library/Core/Src/usbd_ioreq.o
 .debug_rnglists
                0x000017c6       0x13 ./USB_DEVICE/App/usb_device.o
 .debug_rnglists
                0x000017d9       0x32 ./USB_DEVICE/App/usbd_cdc_if.o
 .debug_rnglists
                0x0000180b       0x43 ./USB_DEVICE/App/usbd_desc.o
 .debug_rnglists
                0x0000184e       0xc9 ./USB_DEVICE/Target/usbd_conf.o

.debug_macro    0x00000000    0x3d4c4
 .debug_macro   0x00000000      0x3af ./Core/Src/main.o
 .debug_macro   0x000003af      0xaf6 ./Core/Src/main.o
 .debug_macro   0x00000ea5      0x24a ./Core/Src/main.o
 .debug_macro   0x000010ef       0x2e ./Core/Src/main.o
 .debug_macro   0x0000111d       0x3b ./Core/Src/main.o
 .debug_macro   0x00001158       0x22 ./Core/Src/main.o
 .debug_macro   0x0000117a       0x8e ./Core/Src/main.o
 .debug_macro   0x00001208       0x51 ./Core/Src/main.o
 .debug_macro   0x00001259      0x103 ./Core/Src/main.o
 .debug_macro   0x0000135c       0x6a ./Core/Src/main.o
 .debug_macro   0x000013c6      0x1df ./Core/Src/main.o
 .debug_macro   0x000015a5       0x1c ./Core/Src/main.o
 .debug_macro   0x000015c1       0x22 ./Core/Src/main.o
 .debug_macro   0x000015e3       0xfb ./Core/Src/main.o
 .debug_macro   0x000016de     0x1305 ./Core/Src/main.o
 .debug_macro   0x000029e3      0x11f ./Core/Src/main.o
 .debug_macro   0x00002b02       0x27 ./Core/Src/main.o
 .debug_macro   0x00002b29    0x26197 ./Core/Src/main.o
 .debug_macro   0x00028cc0       0x6d ./Core/Src/main.o
 .debug_macro   0x00028d2d     0x3d79 ./Core/Src/main.o
 .debug_macro   0x0002caa6      0x190 ./Core/Src/main.o
 .debug_macro   0x0002cc36       0x61 ./Core/Src/main.o
 .debug_macro   0x0002cc97       0x29 ./Core/Src/main.o
 .debug_macro   0x0002ccc0       0x43 ./Core/Src/main.o
 .debug_macro   0x0002cd03       0x34 ./Core/Src/main.o
 .debug_macro   0x0002cd37      0x370 ./Core/Src/main.o
 .debug_macro   0x0002d0a7       0x16 ./Core/Src/main.o
 .debug_macro   0x0002d0bd       0x4a ./Core/Src/main.o
 .debug_macro   0x0002d107       0x34 ./Core/Src/main.o
 .debug_macro   0x0002d13b       0x10 ./Core/Src/main.o
 .debug_macro   0x0002d14b       0x58 ./Core/Src/main.o
 .debug_macro   0x0002d1a3       0x8e ./Core/Src/main.o
 .debug_macro   0x0002d231       0x1c ./Core/Src/main.o
 .debug_macro   0x0002d24d      0x185 ./Core/Src/main.o
 .debug_macro   0x0002d3d2      0x19b ./Core/Src/main.o
 .debug_macro   0x0002d56d       0x5d ./Core/Src/main.o
 .debug_macro   0x0002d5ca     0x240e ./Core/Src/main.o
 .debug_macro   0x0002f9d8     0x102c ./Core/Src/main.o
 .debug_macro   0x00030a04      0x154 ./Core/Src/main.o
 .debug_macro   0x00030b58      0x114 ./Core/Src/main.o
 .debug_macro   0x00030c6c      0x3b6 ./Core/Src/main.o
 .debug_macro   0x00031022       0xac ./Core/Src/main.o
 .debug_macro   0x000310ce      0x72d ./Core/Src/main.o
 .debug_macro   0x000317fb      0x228 ./Core/Src/main.o
 .debug_macro   0x00031a23       0x66 ./Core/Src/main.o
 .debug_macro   0x00031a89      0x3bb ./Core/Src/main.o
 .debug_macro   0x00031e44      0x3e4 ./Core/Src/main.o
 .debug_macro   0x00032228      0x275 ./Core/Src/main.o
 .debug_macro   0x0003249d      0x3ca ./Core/Src/main.o
 .debug_macro   0x00032867      0x3de ./Core/Src/main.o
 .debug_macro   0x00032c45       0x3c ./Core/Src/main.o
 .debug_macro   0x00032c81     0x1605 ./Core/Src/main.o
 .debug_macro   0x00034286       0x4a ./Core/Src/main.o
 .debug_macro   0x000342d0      0x22c ./Core/Src/main.o
 .debug_macro   0x000344fc       0x67 ./Core/Src/main.o
 .debug_macro   0x00034563       0xa5 ./Core/Src/main.o
 .debug_macro   0x00034608      0x28e ./Core/Src/main.o
 .debug_macro   0x00034896      0x1c4 ./Core/Src/main.o
 .debug_macro   0x00034a5a      0x25e ./Core/Src/main.o
 .debug_macro   0x00034cb8       0x35 ./Core/Src/main.o
 .debug_macro   0x00034ced      0xafa ./Core/Src/main.o
 .debug_macro   0x000357e7      0x29f ./Core/Src/main.o
 .debug_macro   0x00035a86      0x693 ./Core/Src/main.o
 .debug_macro   0x00036119       0xa6 ./Core/Src/main.o
 .debug_macro   0x000361bf      0x293 ./Core/Src/main.o
 .debug_macro   0x00036452       0x90 ./Core/Src/main.o
 .debug_macro   0x000364e2      0x5ac ./Core/Src/main.o
 .debug_macro   0x00036a8e      0x2d4 ./Core/Src/main.o
 .debug_macro   0x00036d62       0x1c ./Core/Src/main.o
 .debug_macro   0x00036d7e       0x3c ./Core/Src/main.o
 .debug_macro   0x00036dba       0x10 ./Core/Src/main.o
 .debug_macro   0x00036dca       0x1c ./Core/Src/main.o
 .debug_macro   0x00036de6       0x16 ./Core/Src/main.o
 .debug_macro   0x00036dfc      0x146 ./Core/Src/main.o