Archive member included to satisfy reference by file (symbol)

C:/ST/STM32CubeIDE_1.16.0/STM32CubeIDE/plugins/com.st.stm32cube.ide.mcu.externaltools.gnu-tools-for-stm32.13.3.rel1.win32_1.0.0.202411081344/tools/bin/../lib/gcc/arm-none-eabi/13.3.1/../../../../arm-none-eabi/lib/thumb/v7e-m+fp/hard\libc_nano.a(libc_a-exit.o)
                              C:/ST/STM32CubeIDE_1.16.0/STM32CubeIDE/plugins/com.st.stm32cube.ide.mcu.externaltools.gnu-tools-for-stm32.13.3.rel1.win32_1.0.0.202411081344/tools/bin/../lib/gcc/arm-none-eabi/13.3.1/../../../../arm-none-eabi/lib/thumb/v7e-m+fp/hard/crt0.o (exit)
C:/ST/STM32CubeIDE_1.16.0/STM32CubeIDE/plugins/com.st.stm32cube.ide.mcu.externaltools.gnu-tools-for-stm32.13.3.rel1.win32_1.0.0.202411081344/tools/bin/../lib/gcc/arm-none-eabi/13.3.1/../../../../arm-none-eabi/lib/thumb/v7e-m+fp/hard\libc_nano.a(libc_a-malloc.o)
                              ./Core/Src/custom.o (malloc)
C:/ST/STM32CubeIDE_1.16.0/STM32CubeIDE/plugins/com.st.stm32cube.ide.mcu.externaltools.gnu-tools-for-stm32.13.3.rel1.win32_1.0.0.202411081344/tools/bin/../lib/gcc/arm-none-eabi/13.3.1/../../../../arm-none-eabi/lib/thumb/v7e-m+fp/hard\libc_nano.a(libc_a-mallocr.o)
                              C:/ST/STM32CubeIDE_1.16.0/STM32CubeIDE/plugins/com.st.stm32cube.ide.mcu.externaltools.gnu-tools-for-stm32.13.3.rel1.win32_1.0.0.202411081344/tools/bin/../lib/gcc/arm-none-eabi/13.3.1/../../../../arm-none-eabi/lib/thumb/v7e-m+fp/hard\libc_nano.a(libc_a-malloc.o) (_malloc_r)
C:/ST/STM32CubeIDE_1.16.0/STM32CubeIDE/plugins/com.st.stm32cube.ide.mcu.externaltools.gnu-tools-for-stm32.13.3.rel1.win32_1.0.0.202411081344/tools/bin/../lib/gcc/arm-none-eabi/13.3.1/../../../../arm-none-eabi/lib/thumb/v7e-m+fp/hard\libc_nano.a(libc_a-mlock.o)
                              C:/ST/STM32CubeIDE_1.16.0/STM32CubeIDE/plugins/com.st.stm32cube.ide.mcu.externaltools.gnu-tools-for-stm32.13.3.rel1.win32_1.0.0.202411081344/tools/bin/../lib/gcc/arm-none-eabi/13.3.1/../../../../arm-none-eabi/lib/thumb/v7e-m+fp/hard\libc_nano.a(libc_a-mallocr.o) (__malloc_lock)
C:/ST/STM32CubeIDE_1.16.0/STM32CubeIDE/plugins/com.st.stm32cube.ide.mcu.externaltools.gnu-tools-for-stm32.13.3.rel1.win32_1.0.0.202411081344/tools/bin/../lib/gcc/arm-none-eabi/13.3.1/../../../../arm-none-eabi/lib/thumb/v7e-m+fp/hard\libc_nano.a(libc_a-findfp.o)
                              C:/ST/STM32CubeIDE_1.16.0/STM32CubeIDE/plugins/com.st.stm32cube.ide.mcu.externaltools.gnu-tools-for-stm32.13.3.rel1.win32_1.0.0.202411081344/tools/bin/../lib/gcc/arm-none-eabi/13.3.1/../../../../arm-none-eabi/lib/thumb/v7e-m+fp/hard\libc_nano.a(libc_a-exit.o) (__stdio_exit_handler)
C:/ST/STM32CubeIDE_1.16.0/STM32CubeIDE/plugins/com.st.stm32cube.ide.mcu.externaltools.gnu-tools-for-stm32.13.3.rel1.win32_1.0.0.202411081344/tools/bin/../lib/gcc/arm-none-eabi/13.3.1/../../../../arm-none-eabi/lib/thumb/v7e-m+fp/hard\libc_nano.a(libc_a-fwalk.o)
                              C:/ST/STM32CubeIDE_1.16.0/STM32CubeIDE/plugins/com.st.stm32cube.ide.mcu.externaltools.gnu-tools-for-stm32.13.3.rel1.win32_1.0.0.202411081344/tools/bin/../lib/gcc/arm-none-eabi/13.3.1/../../../../arm-none-eabi/lib/thumb/v7e-m+fp/hard\libc_nano.a(libc_a-findfp.o) (_fwalk_sglue)
C:/ST/STM32CubeIDE_1.16.0/STM32CubeIDE/plugins/com.st.stm32cube.ide.mcu.externaltools.gnu-tools-for-stm32.13.3.rel1.win32_1.0.0.202411081344/tools/bin/../lib/gcc/arm-none-eabi/13.3.1/../../../../arm-none-eabi/lib/thumb/v7e-m+fp/hard\libc_nano.a(libc_a-snprintf.o)
                              ./Core/Src/custom.o (snprintf)
C:/ST/STM32CubeIDE_1.16.0/STM32CubeIDE/plugins/com.st.stm32cube.ide.mcu.externaltools.gnu-tools-for-stm32.13.3.rel1.win32_1.0.0.202411081344/tools/bin/../lib/gcc/arm-none-eabi/13.3.1/../../../../arm-none-eabi/lib/thumb/v7e-m+fp/hard\libc_nano.a(libc_a-stdio.o)
                              C:/ST/STM32CubeIDE_1.16.0/STM32CubeIDE/plugins/com.st.stm32cube.ide.mcu.externaltools.gnu-tools-for-stm32.13.3.rel1.win32_1.0.0.202411081344/tools/bin/../lib/gcc/arm-none-eabi/13.3.1/../../../../arm-none-eabi/lib/thumb/v7e-m+fp/hard\libc_nano.a(libc_a-findfp.o) (__sread)
C:/ST/STM32CubeIDE_1.16.0/STM32CubeIDE/plugins/com.st.stm32cube.ide.mcu.externaltools.gnu-tools-for-stm32.13.3.rel1.win32_1.0.0.202411081344/tools/bin/../lib/gcc/arm-none-eabi/13.3.1/../../../../arm-none-eabi/lib/thumb/v7e-m+fp/hard\libc_nano.a(libc_a-memmove.o)
                              ./Drivers/Libraries/Src/ssd1306_tests.o (memmove)
C:/ST/STM32CubeIDE_1.16.0/STM32CubeIDE/plugins/com.st.stm32cube.ide.mcu.externaltools.gnu-tools-for-stm32.13.3.rel1.win32_1.0.0.202411081344/tools/bin/../lib/gcc/arm-none-eabi/13.3.1/../../../../arm-none-eabi/lib/thumb/v7e-m+fp/hard\libc_nano.a(libc_a-memset.o)
                              C:/ST/STM32CubeIDE_1.16.0/STM32CubeIDE/plugins/com.st.stm32cube.ide.mcu.externaltools.gnu-tools-for-stm32.13.3.rel1.win32_1.0.0.202411081344/tools/bin/../lib/gcc/arm-none-eabi/13.3.1/../../../../arm-none-eabi/lib/thumb/v7e-m+fp/hard/crt0.o (memset)
[...]
Memory Configuration

Name             Origin             Length             Attributes
RAM              0x20000000         0x00050000         xrw
FLASH            0x08000000         0x00100000         xr
*default*        0x00000000         0xffffffff

Linker script and memory map

LOAD C:/ST/STM32CubeIDE_1.16.0/STM32CubeIDE/plugins/com.st.stm32cube.ide.mcu.externaltools.gnu-tools-for-stm32.13.3.rel1.win32_1.0.0.202411081344/tools/bin/../lib/gcc/arm-none-eabi/13.3.1/thumb/v7e-m+fp/hard/crti.o
LOAD C:/ST/STM32CubeIDE_1.16.0/STM32CubeIDE/plugins/com.st.stm32cube.ide.mcu.externaltools.gnu-tools-for-stm32.13.3.rel1.win32_1.0.0.202411081344/tools/bin/../lib/gcc/arm-none-eabi/13.3.1/thumb/v7e-m+fp/hard/crtbegin.o
LOAD C:/ST/STM32CubeIDE_1.16.0/STM32CubeIDE/plugins/com.st.stm32cube.ide.mcu.externaltools.gnu-tools-for-stm32.13.3.rel1.win32_1.0.0.202411081344/tools/bin/../lib/gcc/arm-none-eabi/13.3.1/../../../../arm-none-eabi/lib/thumb/v7e-m+fp/hard/crt0.o
LOAD ./Core/Src/custom.o
LOAD ./Core/Src/main.o
LOAD ./Core/Src/stm32f7xx_hal_msp.o
LOAD ./Core/Src/stm32f7xx_it.o
LOAD ./Core/Src/syscalls.o
LOAD ./Core/Src/sysmem.o
LOAD ./Core/Src/system_stm32f7xx.o
LOAD ./Core/Startup/startup_stm32f746zgtx.o
LOAD ./Drivers/Libraries/Src/ssd1306.o
LOAD ./Drivers/Libraries/Src/ssd1306_fonts.o
LOAD ./Drivers/Libraries/Src/ssd1306_tests.o
LOAD ./Drivers/STM32F7xx_HAL_Driver/Src/stm32f7xx_hal.o
LOAD ./Drivers/STM32F7xx_HAL_Driver/Src/stm32f7xx_hal_cortex.o
LOAD ./Drivers/STM32F7xx_HAL_Driver/Src/stm32f7xx_hal_dma.o
LOAD ./Drivers/STM32F7xx_HAL_Driver/Src/stm32f7xx_hal_dma_ex.o
LOAD ./Drivers/STM32F7xx_HAL_Driver/Src/stm32f7xx_hal_eth.o
LOAD ./Drivers/STM32F7xx_HAL_Driver/Src/stm32f7xx_hal_exti.o
LOAD ./Drivers/STM32F7xx_HAL_Driver/Src/stm32f7xx_hal_flash.o
LOAD ./Drivers/STM32F7xx_HAL_Driver/Src/stm32f7xx_hal_flash_ex.o
LOAD ./Drivers/STM32F7xx_HAL_Driver/Src/stm32f7xx_hal_gpio.o
LOAD ./Drivers/STM32F7xx_HAL_Driver/Src/stm32f7xx_hal_i2c.o
LOAD ./Drivers/STM32F7xx_HAL_Driver/Src/stm32f7xx_hal_i2c_ex.o
LOAD ./Drivers/STM32F7xx_HAL_Driver/Src/stm32f7xx_hal_pcd.o
LOAD ./Drivers/STM32F7xx_HAL_Driver/Src/stm32f7xx_hal_pcd_ex.o
LOAD ./Drivers/STM32F7xx_HAL_Driver/Src/stm32f7xx_hal_pwr.o
LOAD ./Drivers/STM32F7xx_HAL_Driver/Src/stm32f7xx_hal_pwr_ex.o
LOAD ./Drivers/STM32F7xx_HAL_Driver/Src/stm32f7xx_hal_rcc.o
LOAD ./Drivers/STM32F7xx_HAL_Driver/Src/stm32f7xx_hal_rcc_ex.o
LOAD ./Drivers/STM32F7xx_HAL_Driver/Src/stm32f7xx_hal_tim.o
LOAD ./Drivers/STM32F7xx_HAL_Driver/Src/stm32f7xx_hal_tim_ex.o
LOAD ./Drivers/STM32F7xx_HAL_Driver/Src/stm32f7xx_hal_uart.o
LOAD ./Drivers/STM32F7xx_HAL_Driver/Src/stm32f7xx_hal_uart_ex.o
LOAD ./Drivers/STM32F7xx_HAL_Driver/Src/stm32f7xx_ll_usb.o
START GROUP
LOAD C:/ST/STM32CubeIDE_1.16.0/STM32CubeIDE/plugins/com.st.stm32cube.ide.mcu.externaltools.gnu-tools-for-stm32.13.3.rel1.win32_1.0.0.202411081344/tools/bin/../lib/gcc/arm-none-eabi/13.3.1/../../../../arm-none-eabi/lib/thumb/v7e-m+fp/hard\libc_nano.a
LOAD C:/ST/STM32CubeIDE_1.16.0/STM32CubeIDE/plugins/com.st.stm32cube.ide.mcu.externaltools.gnu-tools-for-stm32.13.3.rel1.win32_1.0.0.202411081344/tools/bin/../lib/gcc/arm-none-eabi/13.3.1/../../../../arm-none-eabi/lib/thumb/v7e-m+fp/hard\libm.a
END GROUP
START GROUP
LOAD C:/ST/STM32CubeIDE_1.16.0/STM32CubeIDE/plugins/com.st.stm32cube.ide.mcu.externaltools.gnu-tools-for-stm32.13.3.rel1.win32_1.0.0.202411081344/tools/bin/../lib/gcc/arm-none-eabi/13.3.1/thumb/v7e-m+fp/hard\libgcc.a
LOAD C:/ST/STM32CubeIDE_1.16.0/STM32CubeIDE/plugins/com.st.stm32cube.ide.mcu.externaltools.gnu-tools-for-stm32.13.3.rel1.win32_1.0.0.202411081344/tools/bin/../lib/gcc/arm-none-eabi/13.3.1/../../../../arm-none-eabi/lib/thumb/v7e-m+fp/hard\libc_nano.a
END GROUP
START GROUP
LOAD C:/ST/STM32CubeIDE_1.16.0/STM32CubeIDE/plugins/com.st.stm32cube.ide.mcu.externaltools.gnu-tools-for-stm32.13.3.rel1.win32_1.0.0.202411081344/tools/bin/../lib/gcc/arm-none-eabi/13.3.1/thumb/v7e-m+fp/hard\libgcc.a
LOAD C:/ST/STM32CubeIDE_1.16.0/STM32CubeIDE/plugins/com.st.stm32cube.ide.mcu.externaltools.gnu-tools-for-stm32.13.3.rel1.win32_1.0.0.202411081344/tools/bin/../lib/gcc/arm-none-eabi/13.3.1/../../../../arm-none-eabi/lib/thumb/v7e-m+fp/hard\libc_nano.a
LOAD C:/ST/STM32CubeIDE_1.16.0/STM32CubeIDE/plugins/com.st.stm32cube.ide.mcu.externaltools.gnu-tools-for-stm32.13.3.rel1.win32_1.0.0.202411081344/tools/bin/../lib/gcc/arm-none-eabi/13.3.1/../../../../arm-none-eabi/lib/thumb/v7e-m+fp/hard\libnosys.a
END GROUP
START GROUP
LOAD C:/ST/STM32CubeIDE_1.16.0/STM32CubeIDE/plugins/com.st.stm32cube.ide.mcu.externaltools.gnu-tools-for-stm32.13.3.rel1.win32_1.0.0.202411081344/tools/bin/../lib/gcc/arm-none-eabi/13.3.1/thumb/v7e-m+fp/hard\libgcc.a
LOAD C:/ST/STM32CubeIDE_1.16.0/STM32CubeIDE/plugins/com.st.stm32cube.ide.mcu.externaltools.gnu-tools-for-stm32.13.3.rel1.win32_1.0.0.202411081344/tools/bin/../lib/gcc/arm-none-eabi/13.3.1/../../../../arm-none-eabi/lib/thumb/v7e-m+fp/hard\libc_nano.a
LOAD C:/ST/STM32CubeIDE_1.16.0/STM32CubeIDE/plugins/com.st.stm32cube.ide.mcu.externaltools.gnu-tools-for-stm32.13.3.rel1.win32_1.0.0.202411081344/tools/bin/../lib/gcc/arm-none-eabi/13.3.1/../../../../arm-none-eabi/lib/thumb/v7e-m+fp/hard\libnosys.a
END GROUP
LOAD C:/ST/STM32CubeIDE_1.16.0/STM32CubeIDE/plugins/com.st.stm32cube.ide.mcu.externaltools.gnu-tools-for-stm32.13.3.rel1.win32_1.0.0.202411081344/tools/bin/../lib/gcc/arm-none-eabi/13.3.1/thumb/v7e-m+fp/hard/crtend.o
LOAD C:/ST/STM32CubeIDE_1.16.0/STM32CubeIDE/plugins/com.st.stm32cube.ide.mcu.externaltools.gnu-tools-for-stm32.13.3.rel1.win32_1.0.0.202411081344/tools/bin/../lib/gcc/arm-none-eabi/13.3.1/thumb/v7e-m+fp/hard/crtn.o
                0x20050000                        _estack = (ORIGIN (RAM) + LENGTH (RAM))
                0x00000200                        _Min_Heap_Size = 0x200
                0x00000400                        _Min_Stack_Size = 0x400

.isr_vector     0x08000000      0x1c8
                0x08000000                        . = ALIGN (0x4)
 *(.isr_vector)
 .isr_vector    0x08000000      0x1c8 ./Core/Startup/startup_stm32f746zgtx.o
                0x08000000                g_pfnVectors
                0x080001c8                        . = ALIGN (0x4)

.text           0x080001d0     0x75ec
                0x080001d0                        . = ALIGN (0x4)
 *(.text)
 .text          0x080001d0       0x40 C:/ST/STM32CubeIDE_1.16.0/STM32CubeIDE/plugins/com.st.stm32cube.ide.mcu.externaltools.gnu-tools-for-stm32.13.3.rel1.win32_1.0.0.202411081344/tools/bin/../lib/gcc/arm-none-eabi/13.3.1/thumb/v7e-m+fp/hard/crtbegin.o
 .text          0x08000210       0xa0 C:/ST/STM32CubeIDE_1.16.0/STM32CubeIDE/plugins/com.st.stm32cube.ide.mcu.externaltools.gnu-tools-for-stm32.13.3.rel1.win32_1.0.0.202411081344/tools/bin/../lib/gcc/arm-none-eabi/13.3.1/../../../../arm-none-eabi/lib/thumb/v7e-m+fp/hard\libc_nano.a(libc_a-memchr.o)
                0x08000210                memchr
 .text          0x080002b0       0x30 C:/ST/STM32CubeIDE_1.16.0/STM32CubeIDE/plugins/com.st.stm32cube.ide.mcu.externaltools.gnu-tools-for-stm32.13.3.rel1.win32_1.0.0.202411081344/tools/bin/../lib/gcc/arm-none-eabi/13.3.1/thumb/v7e-m+fp/hard\libgcc.a(_aeabi_uldivmod.o)
                0x080002b0                __aeabi_uldivmod
 .text          0x080002e0      0x2f8 C:/ST/STM32CubeIDE_1.16.0/STM32CubeIDE/plugins/com.st.stm32cube.ide.mcu.externaltools.gnu-tools-for-stm32.13.3.rel1.win32_1.0.0.202411081344/tools/bin/../lib/gcc/arm-none-eabi/13.3.1/thumb/v7e-m+fp/hard\libgcc.a(_udivmoddi4.o)
                0x080002e0                __udivmoddi4
 .text          0x080005d8        0x4 C:/ST/STM32CubeIDE_1.16.0/STM32CubeIDE/plugins/com.st.stm32cube.ide.mcu.externaltools.gnu-tools-for-stm32.13.3.rel1.win32_1.0.0.202411081344/tools/bin/../lib/gcc/arm-none-eabi/13.3.1/thumb/v7e-m+fp/hard\libgcc.a(_dvmd_tls.o)
                0x080005d8                __aeabi_idiv0
                0x080005d8                __aeabi_ldiv0
 *(.text*)
 .text.customInit
                0x080005dc       0x54 ./Core/Src/custom.o
                0x080005dc                customInit
 .text.customLoop
                0x08000630      0x250 ./Core/Src/custom.o
                0x08000630                customLoop
 .text.setMotorSpeed
                0x08000880      0x134 ./Core/Src/custom.o
                0x08000880                setMotorSpeed
 .text.oledCheck
                0x080009b4       0x68 ./Core/Src/custom.o
                0x080009b4                oledCheck
 .text.HAL_GPIO_EXTI_Callback
                0x08000a1c       0x70 ./Core/Src/custom.o
                0x08000a1c                HAL_GPIO_EXTI_Callback
 .text.main     0x08000a8c       0x3a ./Core/Src/main.o
                0x08000a8c                main
 *fill*         0x08000ac6        0x2 
 .text.SystemClock_Config
                0x08000ac8       0xd0 ./Core/Src/main.o
                0x08000ac8                SystemClock_Config
 .text.MX_ETH_Init
                0x08000b98       0x9c ./Core/Src/main.o
 .text.MX_I2C1_Init
                0x08000c34       0x80 ./Core/Src/main.o
 .text.MX_I2C2_Init
                0x08000cb4       0x80 ./Core/Src/main.o
 .text.MX_TIM1_Init
                0x08000d34       0xb4 ./Core/Src/main.o
 .text.MX_TIM3_Init
                0x08000de8       0xf0 ./Core/Src/main.o
 .text.MX_TIM4_Init
                0x08000ed8       0xac ./Core/Src/main.o
 .text.MX_USART3_UART_Init
                0x08000f84       0x60 ./Core/Src/main.o
 .text.MX_USB_OTG_FS_PCD_Init
                0x08000fe4       0x5c ./Core/Src/main.o
 .text.MX_GPIO_Init
                0x08001040      0x24c ./Core/Src/main.o
 .text.Error_Handler
                0x0800128c        0xc ./Core/Src/main.o
                0x0800128c                Error_Handler
 .text.HAL_MspInit
                0x08001298       0x48 ./Core/Src/stm32f7xx_hal_msp.o
                0x08001298                HAL_MspInit
 .text.HAL_ETH_MspInit
                0x080012e0      0x170 ./Core/Src/stm32f7xx_hal_msp.o
                0x080012e0                HAL_ETH_MspInit
 .text.HAL_I2C_MspInit
                0x08001450      0x14c ./Core/Src/stm32f7xx_hal_msp.o
                0x08001450                HAL_I2C_MspInit
 .text.HAL_TIM_Encoder_MspInit
                0x0800159c       0xf0 ./Core/Src/stm32f7xx_hal_msp.o
                0x0800159c                HAL_TIM_Encoder_MspInit
 .text.HAL_TIM_Base_MspInit
                0x0800168c       0x40 ./Core/Src/stm32f7xx_hal_msp.o
                0x0800168c                HAL_TIM_Base_MspInit
 .text.HAL_TIM_MspPostInit
                0x080016cc       0x70 ./Core/Src/stm32f7xx_hal_msp.o
                0x080016cc                HAL_TIM_MspPostInit
 .text.HAL_UART_MspInit
                0x0800173c       0xc0 ./Core/Src/stm32f7xx_hal_msp.o
                0x0800173c                HAL_UART_MspInit
 .text.HAL_PCD_MspInit
                0x080017fc       0xf4 ./Core/Src/stm32f7xx_hal_msp.o
                0x080017fc                HAL_PCD_MspInit
 .text.NMI_Handler
                0x080018f0        0x8 ./Core/Src/stm32f7xx_it.o
                0x080018f0                NMI_Handler
 .text.HardFault_Handler
                0x080018f8        0x8 ./Core/Src/stm32f7xx_it.o
                0x080018f8                HardFault_Handler
 .text.MemManage_Handler
                0x08001900        0x8 ./Core/Src/stm32f7xx_it.o
                0x08001900                MemManage_Handler
 .text.BusFault_Handler
                0x08001908        0x8 ./Core/Src/stm32f7xx_it.o
                0x08001908                BusFault_Handler
 .text.UsageFault_Handler
                0x08001910        0x8 ./Core/Src/stm32f7xx_it.o
                0x08001910                UsageFault_Handler
 .text.SVC_Handler
                0x08001918        0xe ./Core/Src/stm32f7xx_it.o
                0x08001918                SVC_Handler
 .text.DebugMon_Handler
                0x08001926        0xe ./Core/Src/stm32f7xx_it.o
                0x08001926                DebugMon_Handler
 .text.PendSV_Handler
                0x08001934        0xe ./Core/Src/stm32f7xx_it.o
                0x08001934                PendSV_Handler
 .text.SysTick_Handler
                0x08001942        0xc ./Core/Src/stm32f7xx_it.o
                0x08001942                SysTick_Handler
 .text.EXTI1_IRQHandler
                0x0800194e        0xe ./Core/Src/stm32f7xx_it.o
                0x0800194e                EXTI1_IRQHandler
 .text.EXTI3_IRQHandler
                0x0800195c        0xe ./Core/Src/stm32f7xx_it.o
                0x0800195c                EXTI3_IRQHandler
 .text.EXTI15_10_IRQHandler
                0x0800196a       0x10 ./Core/Src/stm32f7xx_it.o
                0x0800196a                EXTI15_10_IRQHandler
 *fill*         0x0800197a        0x2 
 .text._sbrk    0x0800197c       0x6c ./Core/Src/sysmem.o
                0x0800197c                _sbrk
 .text.SystemInit
                0x080019e8       0x24 ./Core/Src/system_stm32f7xx.o
                0x080019e8                SystemInit
 .text.Reset_Handler
                0x08001a0c       0x50 ./Core/Startup/startup_stm32f746zgtx.o
                0x08001a0c                Reset_Handler
 .text.Default_Handler
                0x08001a5c        0x2 ./Core/Startup/startup_stm32f746zgtx.o
                0x08001a5c                RTC_Alarm_IRQHandler
                0x08001a5c                EXTI2_IRQHandler
                0x08001a5c                TIM8_CC_IRQHandler
                0x08001a5c                UART8_IRQHandler
                0x08001a5c                SPI4_IRQHandler
                0x08001a5c                TIM1_CC_IRQHandler
                0x08001a5c                DMA2_Stream5_IRQHandler
                0x08001a5c                DMA1_Stream5_IRQHandler
                0x08001a5c                PVD_IRQHandler
                0x08001a5c                TAMP_STAMP_IRQHandler
                0x08001a5c                CAN2_RX1_IRQHandler
                0x08001a5c                TIM8_TRG_COM_TIM14_IRQHandler
                0x08001a5c                TIM1_UP_TIM10_IRQHandler
                0x08001a5c                TIM8_UP_TIM13_IRQHandler
                0x08001a5c                I2C3_ER_IRQHandler
                0x08001a5c                EXTI0_IRQHandler
                0x08001a5c                I2C2_EV_IRQHandler
                0x08001a5c                DMA1_Stream2_IRQHandler
                0x08001a5c                CAN1_RX0_IRQHandler
                0x08001a5c                FPU_IRQHandler
                0x08001a5c                OTG_HS_WKUP_IRQHandler
                0x08001a5c                LTDC_ER_IRQHandler
                0x08001a5c                CAN2_SCE_IRQHandler
                0x08001a5c                DMA2_Stream2_IRQHandler
                0x08001a5c                SPI1_IRQHandler
                0x08001a5c                TIM6_DAC_IRQHandler
                0x08001a5c                TIM1_BRK_TIM9_IRQHandler
                0x08001a5c                DCMI_IRQHandler
                0x08001a5c                CAN2_RX0_IRQHandler
                0x08001a5c                DMA2_Stream3_IRQHandler
                0x08001a5c                SAI2_IRQHandler
                0x08001a5c                USART6_IRQHandler
                0x08001a5c                USART3_IRQHandler
                0x08001a5c                CAN1_RX1_IRQHandler
                0x08001a5c                UART5_IRQHandler
                0x08001a5c                DMA2_Stream0_IRQHandler
                0x08001a5c                TIM4_IRQHandler
                0x08001a5c                QUADSPI_IRQHandler
                0x08001a5c                I2C1_EV_IRQHandler
                0x08001a5c                DMA1_Stream6_IRQHandler
                0x08001a5c                DMA1_Stream1_IRQHandler
                0x08001a5c                UART4_IRQHandler
                0x08001a5c                TIM3_IRQHandler
                0x08001a5c                RCC_IRQHandler
                0x08001a5c                TIM8_BRK_TIM12_IRQHandler
                0x08001a5c                Default_Handler
                0x08001a5c                CEC_IRQHandler
                0x08001a5c                ADC_IRQHandler
                0x08001a5c                DMA1_Stream7_IRQHandler
                0x08001a5c                SPI5_IRQHandler
                0x08001a5c                TIM7_IRQHandler
                0x08001a5c                SDMMC1_IRQHandler
                0x08001a5c                CAN2_TX_IRQHandler
                0x08001a5c                TIM5_IRQHandler
                0x08001a5c                DMA2_Stream7_IRQHandler
                0x08001a5c                I2C3_EV_IRQHandler
                0x08001a5c                EXTI9_5_IRQHandler
                0x08001a5c                RTC_WKUP_IRQHandler
                0x08001a5c                LTDC_IRQHandler
                0x08001a5c                ETH_WKUP_IRQHandler
                0x08001a5c                SPDIF_RX_IRQHandler
                0x08001a5c                SPI2_IRQHandler
                0x08001a5c                OTG_HS_EP1_IN_IRQHandler
                0x08001a5c                DMA1_Stream0_IRQHandler
                0x08001a5c                CAN1_TX_IRQHandler
                0x08001a5c                EXTI4_IRQHandler
                0x08001a5c                RNG_IRQHandler
                0x08001a5c                ETH_IRQHandler
                0x08001a5c                OTG_HS_EP1_OUT_IRQHandler
                0x08001a5c                WWDG_IRQHandler
                0x08001a5c                SPI6_IRQHandler
                0x08001a5c                I2C4_EV_IRQHandler
                0x08001a5c                TIM2_IRQHandler
                0x08001a5c                OTG_FS_WKUP_IRQHandler
                0x08001a5c                TIM1_TRG_COM_TIM11_IRQHandler
                0x08001a5c                OTG_HS_IRQHandler
                0x08001a5c                DMA2D_IRQHandler
                0x08001a5c                UART7_IRQHandler
                0x08001a5c                USART2_IRQHandler
                0x08001a5c                I2C2_ER_IRQHandler
                0x08001a5c                DMA2_Stream1_IRQHandler
                0x08001a5c                CAN1_SCE_IRQHandler
                0x08001a5c                FLASH_IRQHandler
                0x08001a5c                DMA2_Stream4_IRQHandler
                0x08001a5c                USART1_IRQHandler
                0x08001a5c                OTG_FS_IRQHandler
                0x08001a5c                SPI3_IRQHandler
                0x08001a5c                DMA1_Stream4_IRQHandler
                0x08001a5c                I2C1_ER_IRQHandler
                0x08001a5c                FMC_IRQHandler
                0x08001a5c                LPTIM1_IRQHandler
                0x08001a5c                I2C4_ER_IRQHandler
                0x08001a5c                DMA2_Stream6_IRQHandler
                0x08001a5c                SAI1_IRQHandler
                0x08001a5c                DMA1_Stream3_IRQHandler
 .text.ssd1306_Reset
                0x08001a5e        0xe ./Drivers/Libraries/Src/ssd1306.o
                0x08001a5e                ssd1306_Reset
 .text.ssd1306_WriteCommand
                0x08001a6c       0x30 ./Drivers/Libraries/Src/ssd1306.o
                0x08001a6c                ssd1306_WriteCommand
 .text.ssd1306_WriteData
                0x08001a9c       0x34 ./Drivers/Libraries/Src/ssd1306.o
                0x08001a9c                ssd1306_WriteData
 .text.ssd1306_Init
                0x08001ad0       0xd4 ./Drivers/Libraries/Src/ssd1306.o
                0x08001ad0                ssd1306_Init
 .text.ssd1306_Fill
                0x08001ba4       0x30 ./Drivers/Libraries/Src/ssd1306.o
                0x08001ba4                ssd1306_Fill
 .text.ssd1306_UpdateScreen
                0x08001bd4       0x50 ./Drivers/Libraries/Src/ssd1306.o
                0x08001bd4                ssd1306_UpdateScreen
 .text.ssd1306_DrawPixel
                0x08001c24       0xa8 ./Drivers/Libraries/Src/ssd1306.o
                0x08001c24                ssd1306_DrawPixel
 .text.ssd1306_WriteChar
                0x08001ccc      0x120 ./Drivers/Libraries/Src/ssd1306.o
                0x08001ccc                ssd1306_WriteChar
 .text.ssd1306_WriteString
                0x08001dec       0x4c ./Drivers/Libraries/Src/ssd1306.o
                0x08001dec                ssd1306_WriteString
 .text.ssd1306_SetCursor
                0x08001e38       0x30 ./Drivers/Libraries/Src/ssd1306.o
                0x08001e38                ssd1306_SetCursor
 .text.ssd1306_DrawBitmap
                0x08001e68       0xb6 ./Drivers/Libraries/Src/ssd1306.o
                0x08001e68                ssd1306_DrawBitmap
 .text.ssd1306_SetContrast
                0x08001f1e       0x26 ./Drivers/Libraries/Src/ssd1306.o
                0x08001f1e                ssd1306_SetContrast
 .text.ssd1306_SetDisplayOn
                0x08001f44       0x3c ./Drivers/Libraries/Src/ssd1306.o
                0x08001f44                ssd1306_SetDisplayOn
 .text.HAL_Init
                0x08001f80       0x1a ./Drivers/STM32F7xx_HAL_Driver/Src/stm32f7xx_hal.o
                0x08001f80                HAL_Init
 *fill*         0x08001f9a        0x2 
 .text.HAL_InitTick
                0x08001f9c       0x60 ./Drivers/STM32F7xx_HAL_Driver/Src/stm32f7xx_hal.o
                0x08001f9c                HAL_InitTick
 .text.HAL_IncTick
                0x08001ffc       0x28 ./Drivers/STM32F7xx_HAL_Driver/Src/stm32f7xx_hal.o
                0x08001ffc                HAL_IncTick
 .text.HAL_GetTick
                0x08002024       0x18 ./Drivers/STM32F7xx_HAL_Driver/Src/stm32f7xx_hal.o
                0x08002024                HAL_GetTick
 .text.HAL_Delay
                0x0800203c       0x48 ./Drivers/STM32F7xx_HAL_Driver/Src/stm32f7xx_hal.o
                0x0800203c                HAL_Delay
 .text.__NVIC_SetPriorityGrouping
                0x08002084       0x48 ./Drivers/STM32F7xx_HAL_Driver/Src/stm32f7xx_hal_cortex.o
 .text.__NVIC_GetPriorityGrouping
                0x080020cc       0x1c ./Drivers/STM32F7xx_HAL_Driver/Src/stm32f7xx_hal_cortex.o
 .text.__NVIC_EnableIRQ
                0x080020e8       0x3c ./Drivers/STM32F7xx_HAL_Driver/Src/stm32f7xx_hal_cortex.o
 .text.__NVIC_SetPriority
                0x08002124       0x54 ./Drivers/STM32F7xx_HAL_Driver/Src/stm32f7xx_hal_cortex.o
 .text.NVIC_EncodePriority
                0x08002178       0x66 ./Drivers/STM32F7xx_HAL_Driver/Src/stm32f7xx_hal_cortex.o
 *fill*         0x080021de        0x2 
 .text.SysTick_Config
                0x080021e0       0x44 ./Drivers/STM32F7xx_HAL_Driver/Src/stm32f7xx_hal_cortex.o
 .text.HAL_NVIC_SetPriorityGrouping
                0x08002224       0x16 ./Drivers/STM32F7xx_HAL_Driver/Src/stm32f7xx_hal_cortex.o
                0x08002224                HAL_NVIC_SetPriorityGrouping
 .text.HAL_NVIC_SetPriority
                0x0800223a       0x38 ./Drivers/STM32F7xx_HAL_Driver/Src/stm32f7xx_hal_cortex.o
                0x0800223a                HAL_NVIC_SetPriority
 .text.HAL_NVIC_EnableIRQ
                0x08002272       0x1c ./Drivers/STM32F7xx_HAL_Driver/Src/stm32f7xx_hal_cortex.o
                0x08002272                HAL_NVIC_EnableIRQ
 .text.HAL_SYSTICK_Config
                0x0800228e       0x18 ./Drivers/STM32F7xx_HAL_Driver/Src/stm32f7xx_hal_cortex.o
                0x0800228e                HAL_SYSTICK_Config
 *fill*         0x080022a6        0x2 
 .text.HAL_ETH_Init
                0x080022a8      0x134 ./Drivers/STM32F7xx_HAL_Driver/Src/stm32f7xx_hal_eth.o
                0x080022a8                HAL_ETH_Init
 .text.ETH_SetMACConfig
                0x080023dc      0x168 ./Drivers/STM32F7xx_HAL_Driver/Src/stm32f7xx_hal_eth.o
 .text.ETH_SetDMAConfig
                0x08002544      0x114 ./Drivers/STM32F7xx_HAL_Driver/Src/stm32f7xx_hal_eth.o
 .text.ETH_MACDMAConfig
                0x08002658       0xea ./Drivers/STM32F7xx_HAL_Driver/Src/stm32f7xx_hal_eth.o
 *fill*         0x08002742        0x2 
 .text.ETH_MACAddressConfig
                0x08002744       0x70 ./Drivers/STM32F7xx_HAL_Driver/Src/stm32f7xx_hal_eth.o
 .text.ETH_DMATxDescListInit
                0x080027b4       0xb2 ./Drivers/STM32F7xx_HAL_Driver/Src/stm32f7xx_hal_eth.o
 .text.ETH_DMARxDescListInit
                0x08002866       0xde ./Drivers/STM32F7xx_HAL_Driver/Src/stm32f7xx_hal_eth.o
 .text.HAL_GPIO_Init
                0x08002944      0x358 ./Drivers/STM32F7xx_HAL_Driver/Src/stm32f7xx_hal_gpio.o
                0x08002944                HAL_GPIO_Init
 .text.HAL_GPIO_ReadPin
                0x08002c9c       0x30 ./Drivers/STM32F7xx_HAL_Driver/Src/stm32f7xx_hal_gpio.o
                0x08002c9c                HAL_GPIO_ReadPin
 .text.HAL_GPIO_WritePin
                0x08002ccc       0x32 ./Drivers/STM32F7xx_HAL_Driver/Src/stm32f7xx_hal_gpio.o
                0x08002ccc                HAL_GPIO_WritePin
 *fill*         0x08002cfe        0x2 
 .text.HAL_GPIO_EXTI_IRQHandler
                0x08002d00       0x30 ./Drivers/STM32F7xx_HAL_Driver/Src/stm32f7xx_hal_gpio.o
                0x08002d00                HAL_GPIO_EXTI_IRQHandler
 .text.HAL_I2C_Init
                0x08002d30      0x138 ./Drivers/STM32F7xx_HAL_Driver/Src/stm32f7xx_hal_i2c.o
                0x08002d30                HAL_I2C_Init
 .text.HAL_I2C_Mem_Write
                0x08002e68      0x228 ./Drivers/STM32F7xx_HAL_Driver/Src/stm32f7xx_hal_i2c.o
                0x08002e68                HAL_I2C_Mem_Write
 .text.HAL_I2C_IsDeviceReady
                0x08003090      0x1d8 ./Drivers/STM32F7xx_HAL_Driver/Src/stm32f7xx_hal_i2c.o
                0x08003090                HAL_I2C_IsDeviceReady
 .text.I2C_RequestMemoryWrite
                0x08003268       0xa8 ./Drivers/STM32F7xx_HAL_Driver/Src/stm32f7xx_hal_i2c.o
 .text.I2C_Flush_TXDR
                0x08003310       0x48 ./Drivers/STM32F7xx_HAL_Driver/Src/stm32f7xx_hal_i2c.o
 .text.I2C_WaitOnFlagUntilTimeout
                0x08003358       0xb2 ./Drivers/STM32F7xx_HAL_Driver/Src/stm32f7xx_hal_i2c.o
 .text.I2C_WaitOnTXISFlagUntilTimeout
                0x0800340a       0x8e ./Drivers/STM32F7xx_HAL_Driver/Src/stm32f7xx_hal_i2c.o
 .text.I2C_WaitOnSTOPFlagUntilTimeout
                0x08003498       0x86 ./Drivers/STM32F7xx_HAL_Driver/Src/stm32f7xx_hal_i2c.o
 *fill*         0x0800351e        0x2 
 .text.I2C_IsErrorOccurred
                0x08003520      0x1c0 ./Drivers/STM32F7xx_HAL_Driver/Src/stm32f7xx_hal_i2c.o
 .text.I2C_TransferConfig
                0x080036e0       0x64 ./Drivers/STM32F7xx_HAL_Driver/Src/stm32f7xx_hal_i2c.o
 .text.HAL_I2CEx_ConfigAnalogFilter
                0x08003744       0x96 ./Drivers/STM32F7xx_HAL_Driver/Src/stm32f7xx_hal_i2c_ex.o
                0x08003744                HAL_I2CEx_ConfigAnalogFilter
 .text.HAL_I2CEx_ConfigDigitalFilter
                0x080037da       0x98 ./Drivers/STM32F7xx_HAL_Driver/Src/stm32f7xx_hal_i2c_ex.o
                0x080037da                HAL_I2CEx_ConfigDigitalFilter
 .text.HAL_PCD_Init
                0x08003872      0x22c ./Drivers/STM32F7xx_HAL_Driver/Src/stm32f7xx_hal_pcd.o
                0x08003872                HAL_PCD_Init
 *fill*         0x08003a9e        0x2 
 .text.HAL_PCDEx_ActivateLPM
                0x08003aa0       0x48 ./Drivers/STM32F7xx_HAL_Driver/Src/stm32f7xx_hal_pcd_ex.o
                0x08003aa0                HAL_PCDEx_ActivateLPM
 .text.HAL_PWR_EnableBkUpAccess
                0x08003ae8       0x20 ./Drivers/STM32F7xx_HAL_Driver/Src/stm32f7xx_hal_pwr.o
                0x08003ae8                HAL_PWR_EnableBkUpAccess
 .text.HAL_RCC_OscConfig
                0x08003b08      0x548 ./Drivers/STM32F7xx_HAL_Driver/Src/stm32f7xx_hal_rcc.o
                0x08003b08                HAL_RCC_OscConfig
 .text.HAL_RCC_ClockConfig
                0x08004050      0x1d8 ./Drivers/STM32F7xx_HAL_Driver/Src/stm32f7xx_hal_rcc.o
                0x08004050                HAL_RCC_ClockConfig
 .text.HAL_RCC_GetSysClockFreq
                0x08004228      0x20c ./Drivers/STM32F7xx_HAL_Driver/Src/stm32f7xx_hal_rcc.o
                0x08004228                HAL_RCC_GetSysClockFreq
 .text.HAL_RCC_GetHCLKFreq
                0x08004434       0x18 ./Drivers/STM32F7xx_HAL_Driver/Src/stm32f7xx_hal_rcc.o
                0x08004434                HAL_RCC_GetHCLKFreq
 .text.HAL_RCC_GetPCLK1Freq
                0x0800444c       0x28 ./Drivers/STM32F7xx_HAL_Driver/Src/stm32f7xx_hal_rcc.o
                0x0800444c                HAL_RCC_GetPCLK1Freq
 .text.HAL_RCC_GetPCLK2Freq
                0x08004474       0x28 ./Drivers/STM32F7xx_HAL_Driver/Src/stm32f7xx_hal_rcc.o
                0x08004474                HAL_RCC_GetPCLK2Freq
 .text.HAL_RCCEx_PeriphCLKConfig
                0x0800449c      0x7e0 ./Drivers/STM32F7xx_HAL_Driver/Src/stm32f7xx_hal_rcc_ex.o
                0x0800449c                HAL_RCCEx_PeriphCLKConfig
 .text.HAL_TIM_Base_Init
                0x08004c7c       0xae ./Drivers/STM32F7xx_HAL_Driver/Src/stm32f7xx_hal_tim.o
                0x08004c7c                HAL_TIM_Base_Init
 .text.HAL_TIM_OC_Init
                0x08004d2a       0xae ./Drivers/STM32F7xx_HAL_Driver/Src/stm32f7xx_hal_tim.o
                0x08004d2a                HAL_TIM_OC_Init
 .text.HAL_TIM_OC_MspInit
                0x08004dd8       0x14 ./Drivers/STM32F7xx_HAL_Driver/Src/stm32f7xx_hal_tim.o
                0x08004dd8                HAL_TIM_OC_MspInit
 .text.HAL_TIM_OC_Start
                0x08004dec      0x1f4 ./Drivers/STM32F7xx_HAL_Driver/Src/stm32f7xx_hal_tim.o
                0x08004dec                HAL_TIM_OC_Start
 .text.HAL_TIM_OC_Stop
                0x08004fe0      0x100 ./Drivers/STM32F7xx_HAL_Driver/Src/stm32f7xx_hal_tim.o
                0x08004fe0                HAL_TIM_OC_Stop
 .text.HAL_TIM_PWM_Init
                0x080050e0       0xae ./Drivers/STM32F7xx_HAL_Driver/Src/stm32f7xx_hal_tim.o
                0x080050e0                HAL_TIM_PWM_Init
 .text.HAL_TIM_PWM_MspInit
                0x0800518e       0x14 ./Drivers/STM32F7xx_HAL_Driver/Src/stm32f7xx_hal_tim.o
                0x0800518e                HAL_TIM_PWM_MspInit
 *fill*         0x080051a2        0x2 
 .text.HAL_TIM_Encoder_Init
                0x080051a4      0x14c ./Drivers/STM32F7xx_HAL_Driver/Src/stm32f7xx_hal_tim.o
                0x080051a4                HAL_TIM_Encoder_Init
 .text.HAL_TIM_Encoder_Start
                0x080052f0      0x11c ./Drivers/STM32F7xx_HAL_Driver/Src/stm32f7xx_hal_tim.o
                0x080052f0                HAL_TIM_Encoder_Start
 .text.HAL_TIM_OC_ConfigChannel
                0x0800540c       0xf4 ./Drivers/STM32F7xx_HAL_Driver/Src/stm32f7xx_hal_tim.o
                0x0800540c                HAL_TIM_OC_ConfigChannel
 .text.HAL_TIM_ConfigClockSource
                0x08005500      0x194 ./Drivers/STM32F7xx_HAL_Driver/Src/stm32f7xx_hal_tim.o
                0x08005500                HAL_TIM_ConfigClockSource
 .text.TIM_Base_SetConfig
                0x08005694      0x158 ./Drivers/STM32F7xx_HAL_Driver/Src/stm32f7xx_hal_tim.o
                0x08005694                TIM_Base_SetConfig
 .text.TIM_OC1_SetConfig
                0x080057ec       0xe4 ./Drivers/STM32F7xx_HAL_Driver/Src/stm32f7xx_hal_tim.o
 .text.TIM_OC2_SetConfig
                0x080058d0       0xf0 ./Drivers/STM32F7xx_HAL_Driver/Src/stm32f7xx_hal_tim.o
                0x080058d0                TIM_OC2_SetConfig
 .text.TIM_OC3_SetConfig
                0x080059c0       0xec ./Drivers/STM32F7xx_HAL_Driver/Src/stm32f7xx_hal_tim.o
 .text.TIM_OC4_SetConfig
                0x08005aac       0xb0 ./Drivers/STM32F7xx_HAL_Driver/Src/stm32f7xx_hal_tim.o
 .text.TIM_OC5_SetConfig
                0x08005b5c       0xa4 ./Drivers/STM32F7xx_HAL_Driver/Src/stm32f7xx_hal_tim.o
 .text.TIM_OC6_SetConfig
                0x08005c00       0xa8 ./Drivers/STM32F7xx_HAL_Driver/Src/stm32f7xx_hal_tim.o
 .text.TIM_TI1_ConfigInputStage
                0x08005ca8       0x5e ./Drivers/STM32F7xx_HAL_Driver/Src/stm32f7xx_hal_tim.o
 .text.TIM_TI2_ConfigInputStage
                0x08005d06       0x60 ./Drivers/STM32F7xx_HAL_Driver/Src/stm32f7xx_hal_tim.o
 .text.TIM_ITRx_SetConfig
                0x08005d66       0x36 ./Drivers/STM32F7xx_HAL_Driver/Src/stm32f7xx_hal_tim.o
 .text.TIM_ETR_SetConfig
                0x08005d9c       0x40 ./Drivers/STM32F7xx_HAL_Driver/Src/stm32f7xx_hal_tim.o
                0x08005d9c                TIM_ETR_SetConfig
 .text.TIM_CCxChannelCmd
                0x08005ddc       0x4a ./Drivers/STM32F7xx_HAL_Driver/Src/stm32f7xx_hal_tim.o
                0x08005ddc                TIM_CCxChannelCmd
 *fill*         0x08005e26        0x2 
 .text.HAL_TIMEx_MasterConfigSynchronization
                0x08005e28      0x11c ./Drivers/STM32F7xx_HAL_Driver/Src/stm32f7xx_hal_tim_ex.o
                0x08005e28                HAL_TIMEx_MasterConfigSynchronization
 .text.HAL_UART_Init
                0x08005f44       0x9c ./Drivers/STM32F7xx_HAL_Driver/Src/stm32f7xx_hal_uart.o
                0x08005f44                HAL_UART_Init
 .text.UART_SetConfig
                0x08005fe0      0x4c8 ./Drivers/STM32F7xx_HAL_Driver/Src/stm32f7xx_hal_uart.o
                0x08005fe0                UART_SetConfig
 .text.UART_AdvFeatureConfig
                0x080064a8      0x144 ./Drivers/STM32F7xx_HAL_Driver/Src/stm32f7xx_hal_uart.o
                0x080064a8                UART_AdvFeatureConfig
 .text.UART_CheckIdleState
                0x080065ec       0xae ./Drivers/STM32F7xx_HAL_Driver/Src/stm32f7xx_hal_uart.o
                0x080065ec                UART_CheckIdleState
 .text.UART_WaitOnFlagUntilTimeout
                0x0800669a       0xda ./Drivers/STM32F7xx_HAL_Driver/Src/stm32f7xx_hal_uart.o
                0x0800669a                UART_WaitOnFlagUntilTimeout
 .text.UART_EndRxTransfer
                0x08006774       0xc8 ./Drivers/STM32F7xx_HAL_Driver/Src/stm32f7xx_hal_uart.o
 .text.USB_CoreInit
                0x0800683c       0xb4 ./Drivers/STM32F7xx_HAL_Driver/Src/stm32f7xx_ll_usb.o
                0x0800683c                USB_CoreInit
 .text.USB_DisableGlobalInt
                0x080068f0       0x22 ./Drivers/STM32F7xx_HAL_Driver/Src/stm32f7xx_ll_usb.o
                0x080068f0                USB_DisableGlobalInt
 .text.USB_SetCurrentMode
                0x08006912       0x98 ./Drivers/STM32F7xx_HAL_Driver/Src/stm32f7xx_ll_usb.o
                0x08006912                USB_SetCurrentMode
 *fill*         0x080069aa        0x2 
 .text.USB_DevInit
                0x080069ac      0x2bc ./Drivers/STM32F7xx_HAL_Driver/Src/stm32f7xx_ll_usb.o
                0x080069ac                USB_DevInit
 .text.USB_FlushTxFifo
                0x08006c68       0x64 ./Drivers/STM32F7xx_HAL_Driver/Src/stm32f7xx_ll_usb.o
                0x08006c68                USB_FlushTxFifo
 .text.USB_FlushRxFifo
                0x08006ccc       0x5c ./Drivers/STM32F7xx_HAL_Driver/Src/stm32f7xx_ll_usb.o
                0x08006ccc                USB_FlushRxFifo
 .text.USB_SetDevSpeed
                0x08006d28       0x32 ./Drivers/STM32F7xx_HAL_Driver/Src/stm32f7xx_ll_usb.o
                0x08006d28                USB_SetDevSpeed
 .text.USB_DevDisconnect
                0x08006d5a       0x42 ./Drivers/STM32F7xx_HAL_Driver/Src/stm32f7xx_ll_usb.o
                0x08006d5a                USB_DevDisconnect
 .text.USB_GetMode
                0x08006d9c       0x1c ./Drivers/STM32F7xx_HAL_Driver/Src/stm32f7xx_ll_usb.o
                0x08006d9c                USB_GetMode
 .text.USB_CoreReset
                0x08006db8       0x62 ./Drivers/STM32F7xx_HAL_Driver/Src/stm32f7xx_ll_usb.o
 *fill*         0x08006e1a        0x2 
 .text.malloc   0x08006e1c       0x10 C:/ST/STM32CubeIDE_1.16.0/STM32CubeIDE/plugins/com.st.stm32cube.ide.mcu.externaltools.gnu-tools-for-stm32.13.3.rel1.win32_1.0.0.202411081344/tools/bin/../lib/gcc/arm-none-eabi/13.3.1/../../../../arm-none-eabi/lib/thumb/v7e-m+fp/hard\libc_nano.a(libc_a-malloc.o)
                0x08006e1c                malloc
 .text.free     0x08006e2c       0x10 C:/ST/STM32CubeIDE_1.16.0/STM32CubeIDE/plugins/com.st.stm32cube.ide.mcu.externaltools.gnu-tools-for-stm32.13.3.rel1.win32_1.0.0.202411081344/tools/bin/../lib/gcc/arm-none-eabi/13.3.1/../../../../arm-none-eabi/lib/thumb/v7e-m+fp/hard\libc_nano.a(libc_a-malloc.o)
                0x08006e2c                free
 .text.sbrk_aligned
                0x08006e3c       0x44 C:/ST/STM32CubeIDE_1.16.0/STM32CubeIDE/plugins/com.st.stm32cube.ide.mcu.externaltools.gnu-tools-for-stm32.13.3.rel1.win32_1.0.0.202411081344/tools/bin/../lib/gcc/arm-none-eabi/13.3.1/../../../../arm-none-eabi/lib/thumb/v7e-m+fp/hard\libc_nano.a(libc_a-mallocr.o)
 .text._malloc_r
                0x08006e80      0x100 C:/ST/STM32CubeIDE_1.16.0/STM32CubeIDE/plugins/com.st.stm32cube.ide.mcu.externaltools.gnu-tools-for-stm32.13.3.rel1.win32_1.0.0.202411081344/tools/bin/../lib/gcc/arm-none-eabi/13.3.1/../../../../arm-none-eabi/lib/thumb/v7e-m+fp/hard\libc_nano.a(libc_a-mallocr.o)
                0x08006e80                _malloc_r
 .text.__malloc_lock
                0x08006f80        0xc C:/ST/STM32CubeIDE_1.16.0/STM32CubeIDE/plugins/com.st.stm32cube.ide.mcu.externaltools.gnu-tools-for-stm32.13.3.rel1.win32_1.0.0.202411081344/tools/bin/../lib/gcc/arm-none-eabi/13.3.1/../../../../arm-none-eabi/lib/thumb/v7e-m+fp/hard\libc_nano.a(libc_a-mlock.o)
                0x08006f80                __malloc_lock
 .text.__malloc_unlock
                0x08006f8c        0xc C:/ST/STM32CubeIDE_1.16.0/STM32CubeIDE/plugins/com.st.stm32cube.ide.mcu.externaltools.gnu-tools-for-stm32.13.3.rel1.win32_1.0.0.202411081344/tools/bin/../lib/gcc/arm-none-eabi/13.3.1/../../../../arm-none-eabi/lib/thumb/v7e-m+fp/hard\libc_nano.a(libc_a-mlock.o)
                0x08006f8c                __malloc_unlock
 .text.snprintf
                0x08006f98       0x6c C:/ST/STM32CubeIDE_1.16.0/STM32CubeIDE/plugins/com.st.stm32cube.ide.mcu.externaltools.gnu-tools-for-stm32.13.3.rel1.win32_1.0.0.202411081344/tools/bin/../lib/gcc/arm-none-eabi/13.3.1/../../../../arm-none-eabi/lib/thumb/v7e-m+fp/hard\libc_nano.a(libc_a-snprintf.o)
                0x08006f98                sniprintf
                0x08006f98                snprintf
 .text.memmove  0x08007004       0x34 C:/ST/STM32CubeIDE_1.16.0/STM32CubeIDE/plugins/com.st.stm32cube.ide.mcu.externaltools.gnu-tools-for-stm32.13.3.rel1.win32_1.0.0.202411081344/tools/bin/../lib/gcc/arm-none-eabi/13.3.1/../../../../arm-none-eabi/lib/thumb/v7e-m+fp/hard\libc_nano.a(libc_a-memmove.o)
                0x08007004                memmove
 .text.memset   0x08007038       0x10 C:/ST/STM32CubeIDE_1.16.0/STM32CubeIDE/plugins/com.st.stm32cube.ide.mcu.externaltools.gnu-tools-for-stm32.13.3.rel1.win32_1.0.0.202411081344/tools/bin/../lib/gcc/arm-none-eabi/13.3.1/../../../../arm-none-eabi/lib/thumb/v7e-m+fp/hard\libc_nano.a(libc_a-memset.o)
                0x08007038                memset
 .text._sbrk_r  0x08007048       0x20 C:/ST/STM32CubeIDE_1.16.0/STM32CubeIDE/plugins/com.st.stm32cube.ide.mcu.externaltools.gnu-tools-for-stm32.13.3.rel1.win32_1.0.0.202411081344/tools/bin/../lib/gcc/arm-none-eabi/13.3.1/../../../../arm-none-eabi/lib/thumb/v7e-m+fp/hard\libc_nano.a(libc_a-sbrkr.o)
                0x08007048                _sbrk_r
 .text.__errno  0x08007068        0xc C:/ST/STM32CubeIDE_1.16.0/STM32CubeIDE/plugins/com.st.stm32cube.ide.mcu.externaltools.gnu-tools-for-stm32.13.3.rel1.win32_1.0.0.202411081344/tools/bin/../lib/gcc/arm-none-eabi/13.3.1/../../../../arm-none-eabi/lib/thumb/v7e-m+fp/hard\libc_nano.a(libc_a-errno.o)
                0x08007068                __errno
 .text.__libc_init_array
                0x08007074       0x48 C:/ST/STM32CubeIDE_1.16.0/STM32CubeIDE/plugins/com.st.stm32cube.ide.mcu.externaltools.gnu-tools-for-stm32.13.3.rel1.win32_1.0.0.202411081344/tools/bin/../lib/gcc/arm-none-eabi/13.3.1/../../../../arm-none-eabi/lib/thumb/v7e-m+fp/hard\libc_nano.a(libc_a-init.o)
                0x08007074                __libc_init_array
 .text.__retarget_lock_acquire_recursive
                0x080070bc        0x2 C:/ST/STM32CubeIDE_1.16.0/STM32CubeIDE/plugins/com.st.stm32cube.ide.mcu.externaltools.gnu-tools-for-stm32.13.3.rel1.win32_1.0.0.202411081344/tools/bin/../lib/gcc/arm-none-eabi/13.3.1/../../../../arm-none-eabi/lib/thumb/v7e-m+fp/hard\libc_nano.a(libc_a-lock.o)
                0x080070bc                __retarget_lock_acquire_recursive
 .text.__retarget_lock_release_recursive
                0x080070be        0x2 C:/ST/STM32CubeIDE_1.16.0/STM32CubeIDE/plugins/com.st.stm32cube.ide.mcu.externaltools.gnu-tools-for-stm32.13.3.rel1.win32_1.0.0.202411081344/tools/bin/../lib/gcc/arm-none-eabi/13.3.1/../../../../arm-none-eabi/lib/thumb/v7e-m+fp/hard\libc_nano.a(libc_a-lock.o)
                0x080070be                __retarget_lock_release_recursive
 .text.memcpy   0x080070c0       0x1c C:/ST/STM32CubeIDE_1.16.0/STM32CubeIDE/plugins/com.st.stm32cube.ide.mcu.externaltools.gnu-tools-for-stm32.13.3.rel1.win32_1.0.0.202411081344/tools/bin/../lib/gcc/arm-none-eabi/13.3.1/../../../../arm-none-eabi/lib/thumb/v7e-m+fp/hard\libc_nano.a(libc_a-memcpy-stub.o)
                0x080070c0                memcpy
 .text._free_r  0x080070dc       0x94 C:/ST/STM32CubeIDE_1.16.0/STM32CubeIDE/plugins/com.st.stm32cube.ide.mcu.externaltools.gnu-tools-for-stm32.13.3.rel1.win32_1.0.0.202411081344/tools/bin/../lib/gcc/arm-none-eabi/13.3.1/../../../../arm-none-eabi/lib/thumb/v7e-m+fp/hard\libc_nano.a(libc_a-freer.o)
                0x080070dc                _free_r
 .text.__ssputs_r
                0x08007170       0xb6 C:/ST/STM32CubeIDE_1.16.0/STM32CubeIDE/plugins/com.st.stm32cube.ide.mcu.externaltools.gnu-tools-for-stm32.13.3.rel1.win32_1.0.0.202411081344/tools/bin/../lib/gcc/arm-none-eabi/13.3.1/../../../../arm-none-eabi/lib/thumb/v7e-m+fp/hard\libc_nano.a(libc_a-nano-svfprintf.o)
                0x08007170                __ssputs_r
 *fill*         0x08007226        0x2 
 .text._svfprintf_r
                0x08007228      0x1f8 C:/ST/STM32CubeIDE_1.16.0/STM32CubeIDE/plugins/com.st.stm32cube.ide.mcu.externaltools.gnu-tools-for-stm32.13.3.rel1.win32_1.0.0.202411081344/tools/bin/../lib/gcc/arm-none-eabi/13.3.1/../../../../arm-none-eabi/lib/thumb/v7e-m+fp/hard\libc_nano.a(libc_a-nano-svfprintf.o)
                0x08007228                _svfiprintf_r
                0x08007228                _svfprintf_r
 .text._printf_common
                0x08007420       0xda C:/ST/STM32CubeIDE_1.16.0/STM32CubeIDE/plugins/com.st.stm32cube.ide.mcu.externaltools.gnu-tools-for-stm32.13.3.rel1.win32_1.0.0.202411081344/tools/bin/../lib/gcc/arm-none-eabi/13.3.1/../../../../arm-none-eabi/lib/thumb/v7e-m+fp/hard\libc_nano.a(libc_a-nano-vfprintf_i.o)
                0x08007420                _printf_common
 *fill*         0x080074fa        0x2 
 .text._printf_i
                0x080074fc      0x23c C:/ST/STM32CubeIDE_1.16.0/STM32CubeIDE/plugins/com.st.stm32cube.ide.mcu.externaltools.gnu-tools-for-stm32.13.3.rel1.win32_1.0.0.202411081344/tools/bin/../lib/gcc/arm-none-eabi/13.3.1/../../../../arm-none-eabi/lib/thumb/v7e-m+fp/hard\libc_nano.a(libc_a-nano-vfprintf_i.o)
                0x080074fc                _printf_i
 .text._realloc_r
                0x08007738       0x5c C:/ST/STM32CubeIDE_1.16.0/STM32CubeIDE/plugins/com.st.stm32cube.ide.mcu.externaltools.gnu-tools-for-stm32.13.3.rel1.win32_1.0.0.202411081344/tools/bin/../lib/gcc/arm-none-eabi/13.3.1/../../../../arm-none-eabi/lib/thumb/v7e-m+fp/hard\libc_nano.a(libc_a-reallocr.o)
                0x08007738                _realloc_r
 .text._malloc_usable_size_r
                0x08007794       0x10 C:/ST/STM32CubeIDE_1.16.0/STM32CubeIDE/plugins/com.st.stm32cube.ide.mcu.externaltools.gnu-tools-for-stm32.13.3.rel1.win32_1.0.0.202411081344/tools/bin/../lib/gcc/arm-none-eabi/13.3.1/../../../../arm-none-eabi/lib/thumb/v7e-m+fp/hard\libc_nano.a(libc_a-msizer.o)
                0x08007794                _malloc_usable_size_r
 *(.glue_7)
 .glue_7        0x080077a4        0x0 linker stubs
 *(.glue_7t)
 .glue_7t       0x080077a4        0x0 linker stubs
 *(.eh_frame)
 .eh_frame      0x080077a4        0x0 C:/ST/STM32CubeIDE_1.16.0/STM32CubeIDE/plugins/com.st.stm32cube.ide.mcu.externaltools.gnu-tools-for-stm32.13.3.rel1.win32_1.0.0.202411081344/tools/bin/../lib/gcc/arm-none-eabi/13.3.1/thumb/v7e-m+fp/hard/crtbegin.o
 *(.init)
 .init          0x080077a4        0x4 C:/ST/STM32CubeIDE_1.16.0/STM32CubeIDE/plugins/com.st.stm32cube.ide.mcu.externaltools.gnu-tools-for-stm32.13.3.rel1.win32_1.0.0.202411081344/tools/bin/../lib/gcc/arm-none-eabi/13.3.1/thumb/v7e-m+fp/hard/crti.o
                0x080077a4                _init
 .init          0x080077a8        0x8 C:/ST/STM32CubeIDE_1.16.0/STM32CubeIDE/plugins/com.st.stm32cube.ide.mcu.externaltools.gnu-tools-for-stm32.13.3.rel1.win32_1.0.0.202411081344/tools/bin/../lib/gcc/arm-none-eabi/13.3.1/thumb/v7e-m+fp/hard/crtn.o
 *(.fini)
 .fini          0x080077b0        0x4 C:/ST/STM32CubeIDE_1.16.0/STM32CubeIDE/plugins/com.st.stm32cube.ide.mcu.externaltools.gnu-tools-for-stm32.13.3.rel1.win32_1.0.0.202411081344/tools/bin/../lib/gcc/arm-none-eabi/13.3.1/thumb/v7e-m+fp/hard/crti.o
                0x080077b0                _fini
 .fini          0x080077b4        0x8 C:/ST/STM32CubeIDE_1.16.0/STM32CubeIDE/plugins/com.st.stm32cube.ide.mcu.externaltools.gnu-tools-for-stm32.13.3.rel1.win32_1.0.0.202411081344/tools/bin/../lib/gcc/arm-none-eabi/13.3.1/thumb/v7e-m+fp/hard/crtn.o
                0x080077bc                        . = ALIGN (0x4)
                0x080077bc                        _etext = .

.vfp11_veneer   0x080077bc        0x0
 .vfp11_veneer  0x080077bc        0x0 linker stubs

.v4_bx          0x080077bc        0x0
 .v4_bx         0x080077bc        0x0 linker stubs

.iplt           0x080077bc        0x0
 .iplt          0x080077bc        0x0 C:/ST/STM32CubeIDE_1.16.0/STM32CubeIDE/plugins/com.st.stm32cube.ide.mcu.externaltools.gnu-tools-for-stm32.13.3.rel1.win32_1.0.0.202411081344/tools/bin/../lib/gcc/arm-none-eabi/13.3.1/thumb/v7e-m+fp/hard/crtbegin.o

.rodata         0x080077bc     0x11d0
                0x080077bc                        . = ALIGN (0x4)
 *(.rodata)
 .rodata        0x080077bc       0x19 ./Core/Src/custom.o
 *(.rodata*)
 *fill*         0x080077d5        0x3 
 .rodata.AHBPrescTable
                0x080077d8       0x10 ./Core/Src/system_stm32f7xx.o
                0x080077d8                AHBPrescTable
 .rodata.APBPrescTable
                0x080077e8        0x8 ./Core/Src/system_stm32f7xx.o
                0x080077e8                APBPrescTable
 .rodata.Font11x18
                0x080077f0      0xd5c ./Drivers/Libraries/Src/ssd1306_fonts.o
 .rodata.Font_11x18
                0x0800854c        0xc ./Drivers/Libraries/Src/ssd1306_fonts.o
                0x0800854c                Font_11x18
 .rodata.garfield_128x64
                0x08008558      0x400 ./Drivers/Libraries/Src/ssd1306_tests.o
                0x08008558                garfield_128x64
 .rodata._svfprintf_r.str1.1
                0x08008958       0x33 C:/ST/STM32CubeIDE_1.16.0/STM32CubeIDE/plugins/com.st.stm32cube.ide.mcu.externaltools.gnu-tools-for-stm32.13.3.rel1.win32_1.0.0.202411081344/tools/bin/../lib/gcc/arm-none-eabi/13.3.1/../../../../arm-none-eabi/lib/thumb/v7e-m+fp/hard\libc_nano.a(libc_a-nano-svfprintf.o)
                                 0x11 (size before relaxing)
 .rodata._printf_i.str1.1
                0x0800898b       0x22 C:/ST/STM32CubeIDE_1.16.0/STM32CubeIDE/plugins/com.st.stm32cube.ide.mcu.externaltools.gnu-tools-for-stm32.13.3.rel1.win32_1.0.0.202411081344/tools/bin/../lib/gcc/arm-none-eabi/13.3.1/../../../../arm-none-eabi/lib/thumb/v7e-m+fp/hard\libc_nano.a(libc_a-nano-vfprintf_i.o)
                0x080089b0                        . = ALIGN (0x4)
 *fill*         0x0800898b        0x1 

.ARM.extab      0x0800898c        0x0
                0x0800898c                        . = ALIGN (0x4)
 *(.ARM.extab* .gnu.linkonce.armextab.*)
                0x0800898c                        . = ALIGN (0x4)

.ARM            0x0800898c        0x8
                0x0800898c                        . = ALIGN (0x4)
                0x0800898c                        __exidx_start = .
 *(.ARM.exidx*)
 .ARM.exidx     0x0800898c        0x8 C:/ST/STM32CubeIDE_1.16.0/STM32CubeIDE/plugins/com.st.stm32cube.ide.mcu.externaltools.gnu-tools-for-stm32.13.3.rel1.win32_1.0.0.202411081344/tools/bin/../lib/gcc/arm-none-eabi/13.3.1/../../../../arm-none-eabi/lib/thumb/v7e-m+fp/hard\libc_nano.a(libc_a-memchr.o)
 .ARM.exidx     0x08008994        0x0 C:/ST/STM32CubeIDE_1.16.0/STM32CubeIDE/plugins/com.st.stm32cube.ide.mcu.externaltools.gnu-tools-for-stm32.13.3.rel1.win32_1.0.0.202411081344/tools/bin/../lib/gcc/arm-none-eabi/13.3.1/thumb/v7e-m+fp/hard\libgcc.a(_udivmoddi4.o)
                                  0x8 (size before relaxing)
                0x08008994                        __exidx_end = .
                0x08008994                        . = ALIGN (0x4)

.preinit_array  0x08008994        0x0
                0x08008994                        . = ALIGN (0x4)
                0x08008994                        PROVIDE (__preinit_array_start = .)
 *(.preinit_array*)
                0x08008994                        PROVIDE (__preinit_array_end = .)
                0x08008994                        . = ALIGN (0x4)

.init_array     0x08008994        0x4
                0x08008994                        . = ALIGN (0x4)
                0x08008994                        PROVIDE (__init_array_start = .)
 *(SORT_BY_NAME(.init_array.*))
 *(.init_array*)
 .init_array    0x08008994        0x4 C:/ST/STM32CubeIDE_1.16.0/STM32CubeIDE/plugins/com.st.stm32cube.ide.mcu.externaltools.gnu-tools-for-stm32.13.3.rel1.win32_1.0.0.202411081344/tools/bin/../lib/gcc/arm-none-eabi/13.3.1/thumb/v7e-m+fp/hard/crtbegin.o
                0x08008998                        PROVIDE (__init_array_end = .)
                0x08008998                        . = ALIGN (0x4)

.fini_array     0x08008998        0x4
                0x08008998                        . = ALIGN (0x4)
                [!provide]                        PROVIDE (__fini_array_start = .)
 *(SORT_BY_NAME(.fini_array.*))
 *(.fini_array*)
 .fini_array    0x08008998        0x4 C:/ST/STM32CubeIDE_1.16.0/STM32CubeIDE/plugins/com.st.stm32cube.ide.mcu.externaltools.gnu-tools-for-stm32.13.3.rel1.win32_1.0.0.202411081344/tools/bin/../lib/gcc/arm-none-eabi/13.3.1/thumb/v7e-m+fp/hard/crtbegin.o
                [!provide]                        PROVIDE (__fini_array_end = .)
                0x0800899c                        . = ALIGN (0x4)
                0x0800899c                        _sidata = LOADADDR (.data)

.rel.dyn        0x0800899c        0x0
 .rel.iplt      0x0800899c        0x0 C:/ST/STM32CubeIDE_1.16.0/STM32CubeIDE/plugins/com.st.stm32cube.ide.mcu.externaltools.gnu-tools-for-stm32.13.3.rel1.win32_1.0.0.202411081344/tools/bin/../lib/gcc/arm-none-eabi/13.3.1/thumb/v7e-m+fp/hard/crtbegin.o

.data           0x20000000       0x5c load address 0x0800899c
                0x20000000                        . = ALIGN (0x4)
                0x20000000                        _sdata = .
 *(.data)
 *(.data*)
 .data.SystemCoreClock
                0x20000000        0x4 ./Core/Src/system_stm32f7xx.o
                0x20000000                SystemCoreClock
 .data.uwTickPrio
                0x20000004        0x4 ./Drivers/STM32F7xx_HAL_Driver/Src/stm32f7xx_hal.o
                0x20000004                uwTickPrio
 .data.uwTickFreq
                0x20000008        0x1 ./Drivers/STM32F7xx_HAL_Driver/Src/stm32f7xx_hal.o
                0x20000008                uwTickFreq
 *fill*         0x20000009        0x3 
 .data._impure_ptr
                0x2000000c        0x4 C:/ST/STM32CubeIDE_1.16.0/STM32CubeIDE/plugins/com.st.stm32cube.ide.mcu.externaltools.gnu-tools-for-stm32.13.3.rel1.win32_1.0.0.202411081344/tools/bin/../lib/gcc/arm-none-eabi/13.3.1/../../../../arm-none-eabi/lib/thumb/v7e-m+fp/hard\libc_nano.a(libc_a-impure.o)
                0x2000000c                _impure_ptr
 .data._impure_data
                0x20000010       0x4c C:/ST/STM32CubeIDE_1.16.0/STM32CubeIDE/plugins/com.st.stm32cube.ide.mcu.externaltools.gnu-tools-for-stm32.13.3.rel1.win32_1.0.0.202411081344/tools/bin/../lib/gcc/arm-none-eabi/13.3.1/../../../../arm-none-eabi/lib/thumb/v7e-m+fp/hard\libc_nano.a(libc_a-impure.o)
                0x20000010                _impure_data
 *(.RamFunc)
 *(.RamFunc*)
                0x2000005c                        . = ALIGN (0x4)
                0x2000005c                        _edata = .

.igot.plt       0x2000005c        0x0 load address 0x080089f8
 .igot.plt      0x2000005c        0x0 C:/ST/STM32CubeIDE_1.16.0/STM32CubeIDE/plugins/com.st.stm32cube.ide.mcu.externaltools.gnu-tools-for-stm32.13.3.rel1.win32_1.0.0.202411081344/tools/bin/../lib/gcc/arm-none-eabi/13.3.1/thumb/v7e-m+fp/hard/crtbegin.o

.RxDecripSection
                0x2000005c       0xa0 load address 0x080089f8
 .RxDecripSection
                0x2000005c       0xa0 ./Core/Src/main.o
                0x2000005c                DMARxDscrTab

.TxDecripSection
                0x200000fc       0xa0 load address 0x08008a98
 .TxDecripSection
                0x200000fc       0xa0 ./Core/Src/main.o
                0x200000fc                DMATxDscrTab
                0x2000019c                        . = ALIGN (0x4)

.bss            0x2000019c      0xd6c load address 0x08008b38
                0x2000019c                        _sbss = .
                0x2000019c                        __bss_start__ = _sbss
 *(.bss)
 .bss           0x2000019c       0x1c C:/ST/STM32CubeIDE_1.16.0/STM32CubeIDE/plugins/com.st.stm32cube.ide.mcu.externaltools.gnu-tools-for-stm32.13.3.rel1.win32_1.0.0.202411081344/tools/bin/../lib/gcc/arm-none-eabi/13.3.1/thumb/v7e-m+fp/hard/crtbegin.o
 *(.bss*)
 .bss.oledStatus
                0x200001b8        0x1 ./Core/Src/custom.o
                0x200001b8                oledStatus
 *fill*         0x200001b9        0x3 
 .bss.timer     0x200001bc        0x4 ./Core/Src/custom.o
                0x200001bc                timer
 .bss.btnTimer  0x200001c0        0x4 ./Core/Src/custom.o
                0x200001c0                btnTimer
 .bss.controlMode
                0x200001c4        0x1 ./Core/Src/custom.o
                0x200001c4                controlMode
 *fill*         0x200001c5        0x1 
 .bss.prevRPM   0x200001c6        0x2 ./Core/Src/custom.o
                0x200001c6                prevRPM
 .bss.slowdown  0x200001c8        0x1 ./Core/Src/custom.o
                0x200001c8                slowdown
 *fill*         0x200001c9        0x3 
 .bss.TxConfig  0x200001cc       0x38 ./Core/Src/main.o
                0x200001cc                TxConfig
 .bss.heth      0x20000204       0xb0 ./Core/Src/main.o
                0x20000204                heth
 .bss.hi2c1     0x200002b4       0x54 ./Core/Src/main.o
                0x200002b4                hi2c1
 .bss.hi2c2     0x20000308       0x54 ./Core/Src/main.o
                0x20000308                hi2c2
 .bss.htim1     0x2000035c       0x4c ./Core/Src/main.o
                0x2000035c                htim1
 .bss.htim3     0x200003a8       0x4c ./Core/Src/main.o
                0x200003a8                htim3
 .bss.htim4     0x200003f4       0x4c ./Core/Src/main.o
                0x200003f4                htim4
 .bss.huart3    0x20000440       0x88 ./Core/Src/main.o
                0x20000440                huart3
 .bss.hpcd_USB_OTG_FS
                0x200004c8      0x4e0 ./Core/Src/main.o
                0x200004c8                hpcd_USB_OTG_FS
 .bss.MACAddr.0
                0x200009a8        0x6 ./Core/Src/main.o
 *fill*         0x200009ae        0x2 
 .bss.__sbrk_heap_end
                0x200009b0        0x4 ./Core/Src/sysmem.o
 .bss.SSD1306_Buffer
                0x200009b4      0x400 ./Drivers/Libraries/Src/ssd1306.o
 .bss.SSD1306   0x20000db4        0x6 ./Drivers/Libraries/Src/ssd1306.o
 *fill*         0x20000dba        0x2 
 .bss.uwTick    0x20000dbc        0x4 ./Drivers/STM32F7xx_HAL_Driver/Src/stm32f7xx_hal.o
                0x20000dbc                uwTick
 .bss.__malloc_sbrk_start
                0x20000dc0        0x4 C:/ST/STM32CubeIDE_1.16.0/STM32CubeIDE/plugins/com.st.stm32cube.ide.mcu.externaltools.gnu-tools-for-stm32.13.3.rel1.win32_1.0.0.202411081344/tools/bin/../lib/gcc/arm-none-eabi/13.3.1/../../../../arm-none-eabi/lib/thumb/v7e-m+fp/hard\libc_nano.a(libc_a-mallocr.o)
                0x20000dc0                __malloc_sbrk_start
 .bss.__malloc_free_list
                0x20000dc4        0x4 C:/ST/STM32CubeIDE_1.16.0/STM32CubeIDE/plugins/com.st.stm32cube.ide.mcu.externaltools.gnu-tools-for-stm32.13.3.rel1.win32_1.0.0.202411081344/tools/bin/../lib/gcc/arm-none-eabi/13.3.1/../../../../arm-none-eabi/lib/thumb/v7e-m+fp/hard\libc_nano.a(libc_a-mallocr.o)
                0x20000dc4                __malloc_free_list
 .bss.__sf      0x20000dc8      0x138 C:/ST/STM32CubeIDE_1.16.0/STM32CubeIDE/plugins/com.st.stm32cube.ide.mcu.externaltools.gnu-tools-for-stm32.13.3.rel1.win32_1.0.0.202411081344/tools/bin/../lib/gcc/arm-none-eabi/13.3.1/../../../../arm-none-eabi/lib/thumb/v7e-m+fp/hard\libc_nano.a(libc_a-findfp.o)
                0x20000dc8                __sf
 .bss.errno     0x20000f00        0x4 C:/ST/STM32CubeIDE_1.16.0/STM32CubeIDE/plugins/com.st.stm32cube.ide.mcu.externaltools.gnu-tools-for-stm32.13.3.rel1.win32_1.0.0.202411081344/tools/bin/../lib/gcc/arm-none-eabi/13.3.1/../../../../arm-none-eabi/lib/thumb/v7e-m+fp/hard\libc_nano.a(libc_a-reent.o)
                0x20000f00                errno
 .bss.__lock___malloc_recursive_mutex
                0x20000f04        0x1 C:/ST/STM32CubeIDE_1.16.0/STM32CubeIDE/plugins/com.st.stm32cube.ide.mcu.externaltools.gnu-tools-for-stm32.13.3.rel1.win32_1.0.0.202411081344/tools/bin/../lib/gcc/arm-none-eabi/13.3.1/../../../../arm-none-eabi/lib/thumb/v7e-m+fp/hard\libc_nano.a(libc_a-lock.o)
                0x20000f04                __lock___malloc_recursive_mutex
 *(COMMON)
                0x20000f08                        . = ALIGN (0x4)
 *fill*         0x20000f05        0x3 
                0x20000f08                        _ebss = .
                0x20000f08                        __bss_end__ = _ebss

._user_heap_stack
                0x20000f08      0x600 load address 0x08008b38
                0x20000f08                        . = ALIGN (0x8)
                [!provide]                        PROVIDE (end = .)
                0x20000f08                        PROVIDE (_end = .)
                0x20001108                        . = (. + _Min_Heap_Size)
 *fill*         0x20000f08      0x200 
                0x20001508                        . = (. + _Min_Stack_Size)
 *fill*         0x20001108      0x400 
                0x20001508                        . = ALIGN (0x8)

/DISCARD/
 libc.a(*)
 libm.a(*)
 libgcc.a(*)

.ARM.attributes
                0x00000000       0x30
 *(.ARM.attributes)
 .ARM.attributes
                0x00000000       0x22 C:/ST/STM32CubeIDE_1.16.0/STM32CubeIDE/plugins/com.st.stm32cube.ide.mcu.externaltools.gnu-tools-for-stm32.13.3.rel1.win32_1.0.0.202411081344/tools/bin/../lib/gcc/arm-none-eabi/13.3.1/thumb/v7e-m+fp/hard/crti.o
 .ARM.attributes
                0x00000022       0x34 C:/ST/STM32CubeIDE_1.16.0/STM32CubeIDE/plugins/com.st.stm32cube.ide.mcu.externaltools.gnu-tools-for-stm32.13.3.rel1.win32_1.0.0.202411081344/tools/bin/../lib/gcc/arm-none-eabi/13.3.1/thumb/v7e-m+fp/hard/crtbegin.o
 .ARM.attributes
                0x00000056       0x34 ./Core/Src/custom.o
 .ARM.attributes
                0x0000008a       0x34 ./Core/Src/main.o
 .ARM.attributes
                0x000000be       0x34 ./Core/Src/stm32f7xx_hal_msp.o
 .ARM.attributes
                0x000000f2       0x34 ./Core/Src/stm32f7xx_it.o
 .ARM.attributes
                0x00000126       0x34 ./Core/Src/sysmem.o
 .ARM.attributes
                0x0000015a       0x34 ./Core/Src/system_stm32f7xx.o
 .ARM.attributes
                0x0000018e       0x21 ./Core/Startup/startup_stm32f746zgtx.o
 .ARM.attributes
                0x000001af       0x34 ./Drivers/Libraries/Src/ssd1306.o
 .ARM.attributes
                0x000001e3       0x34 ./Drivers/Libraries/Src/ssd1306_fonts.o
 .ARM.attributes
                0x00000217       0x34 ./Drivers/Libraries/Src/ssd1306_tests.o
 .ARM.attributes
                0x0000024b       0x34 ./Drivers/STM32F7xx_HAL_Driver/Src/stm32f7xx_hal.o
 .ARM.attributes
                0x0000027f       0x34 ./Drivers/STM32F7xx_HAL_Driver/Src/stm32f7xx_hal_cortex.o
 .ARM.attributes
                0x000002b3       0x34 ./Drivers/STM32F7xx_HAL_Driver/Src/stm32f7xx_hal_eth.o
 .ARM.attributes
                0x000002e7       0x34 ./Drivers/STM32F7xx_HAL_Driver/Src/stm32f7xx_hal_gpio.o
 .ARM.attributes
                0x0000031b       0x34 ./Drivers/STM32F7xx_HAL_Driver/Src/stm32f7xx_hal_i2c.o
 .ARM.attributes
                0x0000034f       0x34 ./Drivers/STM32F7xx_HAL_Driver/Src/stm32f7xx_hal_i2c_ex.o
 .ARM.attributes
                0x00000383       0x34 ./Drivers/STM32F7xx_HAL_Driver/Src/stm32f7xx_hal_pcd.o
 .ARM.attributes
                0x000003b7       0x34 ./Drivers/STM32F7xx_HAL_Driver/Src/stm32f7xx_hal_pcd_ex.o
 .ARM.attributes
                0x000003eb       0x34 ./Drivers/STM32F7xx_HAL_Driver/Src/stm32f7xx_hal_pwr.o
 .ARM.attributes
                0x0000041f       0x34 ./Drivers/STM32F7xx_HAL_Driver/Src/stm32f7xx_hal_rcc.o
 .ARM.attributes
                0x00000453       0x34 ./Drivers/STM32F7xx_HAL_Driver/Src/stm32f7xx_hal_rcc_ex.o
 .ARM.attributes
                0x00000487       0x34 ./Drivers/STM32F7xx_HAL_Driver/Src/stm32f7xx_hal_tim.o
 .ARM.attributes
                0x000004bb       0x34 ./Drivers/STM32F7xx_HAL_Driver/Src/stm32f7xx_hal_tim_ex.o
 .ARM.attributes
                0x000004ef       0x34 ./Drivers/STM32F7xx_HAL_Driver/Src/stm32f7xx_hal_uart.o
 .ARM.attributes
                0x00000523       0x34 ./Drivers/STM32F7xx_HAL_Driver/Src/stm32f7xx_ll_usb.o
 .ARM.attributes
                0x00000557       0x34 C:/ST/STM32CubeIDE_1.16.0/STM32CubeIDE/plugins/com.st.stm32cube.ide.mcu.externaltools.gnu-tools-for-stm32.13.3.rel1.win32_1.0.0.202411081344/tools/bin/../lib/gcc/arm-none-eabi/13.3.1/../../../../arm-none-eabi/lib/thumb/v7e-m+fp/hard\libc_nano.a(libc_a-malloc.o)
 .ARM.attributes
                0x0000058b       0x34 C:/ST/STM32CubeIDE_1.16.0/STM32CubeIDE/plugins/com.st.stm32cube.ide.mcu.externaltools.gnu-tools-for-stm32.13.3.rel1.win32_1.0.0.202411081344/tools/bin/../lib/gcc/arm-none-eabi/13.3.1/../../../../arm-none-eabi/lib/thumb/v7e-m+fp/hard\libc_nano.a(libc_a-mallocr.o)
 .ARM.attributes
                0x000005bf       0x34 C:/ST/STM32CubeIDE_1.16.0/STM32CubeIDE/plugins/com.st.stm32cube.ide.mcu.externaltools.gnu-tools-for-stm32.13.3.rel1.win32_1.0.0.202411081344/tools/bin/../lib/gcc/arm-none-eabi/13.3.1/../../../../arm-none-eabi/lib/thumb/v7e-m+fp/hard\libc_nano.a(libc_a-mlock.o)
 .ARM.attributes
                0x000005f3       0x34 C:/ST/STM32CubeIDE_1.16.0/STM32CubeIDE/plugins/com.st.stm32cube.ide.mcu.externaltools.gnu-tools-for-stm32.13.3.rel1.win32_1.0.0.202411081344/tools/bin/../lib/gcc/arm-none-eabi/13.3.1/../../../../arm-none-eabi/lib/thumb/v7e-m+fp/hard\libc_nano.a(libc_a-findfp.o)
 .ARM.attributes
                0x00000627       0x34 C:/ST/STM32CubeIDE_1.16.0/STM32CubeIDE/plugins/com.st.stm32cube.ide.mcu.externaltools.gnu-tools-for-stm32.13.3.rel1.win32_1.0.0.202411081344/tools/bin/../lib/gcc/arm-none-eabi/13.3.1/../../../../arm-none-eabi/lib/thumb/v7e-m+fp/hard\libc_nano.a(libc_a-snprintf.o)
 .ARM.attributes
                0x0000065b       0x34 C:/ST/STM32CubeIDE_1.16.0/STM32CubeIDE/plugins/com.st.stm32cube.ide.mcu.externaltools.gnu-tools-for-stm32.13.3.rel1.win32_1.0.0.202411081344/tools/bin/../lib/gcc/arm-none-eabi/13.3.1/../../../../arm-none-eabi/lib/thumb/v7e-m+fp/hard\libc_nano.a(libc_a-memmove.o)
 .ARM.attributes
                0x0000068f       0x34 C:/ST/STM32CubeIDE_1.16.0/STM32CubeIDE/plugins/com.st.stm32cube.ide.mcu.externaltools.gnu-tools-for-stm32.13.3.rel1.win32_1.0.0.202411081344/tools/bin/../lib/gcc/arm-none-eabi/13.3.1/../../../../arm-none-eabi/lib/thumb/v7e-m+fp/hard\libc_nano.a(libc_a-memset.o)
 .ARM.attributes
                0x000006c3       0x34 C:/ST/STM32CubeIDE_1.16.0/STM32CubeIDE/plugins/com.st.stm32cube.ide.mcu.externaltools.gnu-tools-for-stm32.13.3.rel1.win32_1.0.0.202411081344/tools/bin/../lib/gcc/arm-none-eabi/13.3.1/../../../../arm-none-eabi/lib/thumb/v7e-m+fp/hard\libc_nano.a(libc_a-reent.o)
 .ARM.attributes
                0x000006f7       0x34 C:/ST/STM32CubeIDE_1.16.0/STM32CubeIDE/plugins/com.st.stm32cube.ide.mcu.externaltools.gnu-tools-for-stm32.13.3.rel1.win32_1.0.0.202411081344/tools/bin/../lib/gcc/arm-none-eabi/13.3.1/../../../../arm-none-eabi/lib/thumb/v7e-m+fp/hard\libc_nano.a(libc_a-impure.o)
 .ARM.attributes
                0x0000072b       0x34 C:/ST/STM32CubeIDE_1.16.0/STM32CubeIDE/plugins/com.st.stm32cube.ide.mcu.externaltools.gnu-tools-for-stm32.13.3.rel1.win32_1.0.0.202411081344/tools/bin/../lib/gcc/arm-none-eabi/13.3.1/../../../../arm-none-eabi/lib/thumb/v7e-m+fp/hard\libc_nano.a(libc_a-sbrkr.o)
 .ARM.attributes
                0x0000075f       0x34 C:/ST/STM32CubeIDE_1.16.0/STM32CubeIDE/plugins/com.st.stm32cube.ide.mcu.externaltools.gnu-tools-for-stm32.13.3.rel1.win32_1.0.0.202411081344/tools/bin/../lib/gcc/arm-none-eabi/13.3.1/../../../../arm-none-eabi/lib/thumb/v7e-m+fp/hard\libc_nano.a(libc_a-errno.o)
 .ARM.attributes
                0x00000793       0x34 C:/ST/STM32CubeIDE_1.16.0/STM32CubeIDE/plugins/com.st.stm32cube.ide.mcu.externaltools.gnu-tools-for-stm32.13.3.rel1.win32_1.0.0.202411081344/tools/bin/../lib/gcc/arm-none-eabi/13.3.1/../../../../arm-none-eabi/lib/thumb/v7e-m+fp/hard\libc_nano.a(libc_a-init.o)
 .ARM.attributes
                0x000007c7       0x34 C:/ST/STM32CubeIDE_1.16.0/STM32CubeIDE/plugins/com.st.stm32cube.ide.mcu.externaltools.gnu-tools-for-stm32.13.3.rel1.win32_1.0.0.202411081344/tools/bin/../lib/gcc/arm-none-eabi/13.3.1/../../../../arm-none-eabi/lib/thumb/v7e-m+fp/hard\libc_nano.a(libc_a-lock.o)
 .ARM.attributes
                0x000007fb       0x34 C:/ST/STM32CubeIDE_1.16.0/STM32CubeIDE/plugins/com.st.stm32cube.ide.mcu.externaltools.gnu-tools-for-stm32.13.3.rel1.win32_1.0.0.202411081344/tools/bin/../lib/gcc/arm-none-eabi/13.3.1/../../../../arm-none-eabi/lib/thumb/v7e-m+fp/hard\libc_nano.a(libc_a-memcpy-stub.o)
 .ARM.attributes
                0x0000082f       0x34 C:/ST/STM32CubeIDE_1.16.0/STM32CubeIDE/plugins/com.st.stm32cube.ide.mcu.externaltools.gnu-tools-for-stm32.13.3.rel1.win32_1.0.0.202411081344/tools/bin/../lib/gcc/arm-none-eabi/13.3.1/../../../../arm-none-eabi/lib/thumb/v7e-m+fp/hard\libc_nano.a(libc_a-freer.o)
 .ARM.attributes
                0x00000863       0x34 C:/ST/STM32CubeIDE_1.16.0/STM32CubeIDE/plugins/com.st.stm32cube.ide.mcu.externaltools.gnu-tools-for-stm32.13.3.rel1.win32_1.0.0.202411081344/tools/bin/../lib/gcc/arm-none-eabi/13.3.1/../../../../arm-none-eabi/lib/thumb/v7e-m+fp/hard\libc_nano.a(libc_a-nano-svfprintf.o)
 .ARM.attributes
                0x00000897       0x34 C:/ST/STM32CubeIDE_1.16.0/STM32CubeIDE/plugins/com.st.stm32cube.ide.mcu.externaltools.gnu-tools-for-stm32.13.3.rel1.win32_1.0.0.202411081344/tools/bin/../lib/gcc/arm-none-eabi/13.3.1/../../../../arm-none-eabi/lib/thumb/v7e-m+fp/hard\libc_nano.a(libc_a-nano-vfprintf_i.o)
 .ARM.attributes
                0x000008cb       0x1c C:/ST/STM32CubeIDE_1.16.0/STM32CubeIDE/plugins/com.st.stm32cube.ide.mcu.externaltools.gnu-tools-for-stm32.13.3.rel1.win32_1.0.0.202411081344/tools/bin/../lib/gcc/arm-none-eabi/13.3.1/../../../../arm-none-eabi/lib/thumb/v7e-m+fp/hard\libc_nano.a(libc_a-memchr.o)
 .ARM.attributes
                0x000008e7       0x34 C:/ST/STM32CubeIDE_1.16.0/STM32CubeIDE/plugins/com.st.stm32cube.ide.mcu.externaltools.gnu-tools-for-stm32.13.3.rel1.win32_1.0.0.202411081344/tools/bin/../lib/gcc/arm-none-eabi/13.3.1/../../../../arm-none-eabi/lib/thumb/v7e-m+fp/hard\libc_nano.a(libc_a-reallocr.o)
 .ARM.attributes
                0x0000091b       0x34 C:/ST/STM32CubeIDE_1.16.0/STM32CubeIDE/plugins/com.st.stm32cube.ide.mcu.externaltools.gnu-tools-for-stm32.13.3.rel1.win32_1.0.0.202411081344/tools/bin/../lib/gcc/arm-none-eabi/13.3.1/../../../../arm-none-eabi/lib/thumb/v7e-m+fp/hard\libc_nano.a(libc_a-msizer.o)
 .ARM.attributes
                0x0000094f       0x22 C:/ST/STM32CubeIDE_1.16.0/STM32CubeIDE/plugins/com.st.stm32cube.ide.mcu.externaltools.gnu-tools-for-stm32.13.3.rel1.win32_1.0.0.202411081344/tools/bin/../lib/gcc/arm-none-eabi/13.3.1/thumb/v7e-m+fp/hard\libgcc.a(_aeabi_uldivmod.o)
 .ARM.attributes
                0x00000971       0x34 C:/ST/STM32CubeIDE_1.16.0/STM32CubeIDE/plugins/com.st.stm32cube.ide.mcu.externaltools.gnu-tools-for-stm32.13.3.rel1.win32_1.0.0.202411081344/tools/bin/../lib/gcc/arm-none-eabi/13.3.1/thumb/v7e-m+fp/hard\libgcc.a(_udivmoddi4.o)
 .ARM.attributes
                0x000009a5       0x22 C:/ST/STM32CubeIDE_1.16.0/STM32CubeIDE/plugins/com.st.stm32cube.ide.mcu.externaltools.gnu-tools-for-stm32.13.3.rel1.win32_1.0.0.202411081344/tools/bin/../lib/gcc/arm-none-eabi/13.3.1/thumb/v7e-m+fp/hard\libgcc.a(_dvmd_tls.o)
 .ARM.attributes
                0x000009c7       0x22 C:/ST/STM32CubeIDE_1.16.0/STM32CubeIDE/plugins/com.st.stm32cube.ide.mcu.externaltools.gnu-tools-for-stm32.13.3.rel1.win32_1.0.0.202411081344/tools/bin/../lib/gcc/arm-none-eabi/13.3.1/thumb/v7e-m+fp/hard/crtn.o
OUTPUT(NucleoTest.elf elf32-littlearm)
LOAD linker stubs
LOAD C:/ST/STM32CubeIDE_1.16.0/STM32CubeIDE/plugins/com.st.stm32cube.ide.mcu.externaltools.gnu-tools-for-stm32.13.3.rel1.win32_1.0.0.202411081344/tools/bin/../lib/gcc/arm-none-eabi/13.3.1/../../../../arm-none-eabi/lib/thumb/v7e-m+fp/hard\libc.a
LOAD C:/ST/STM32CubeIDE_1.16.0/STM32CubeIDE/plugins/com.st.stm32cube.ide.mcu.externaltools.gnu-tools-for-stm32.13.3.rel1.win32_1.0.0.202411081344/tools/bin/../lib/gcc/arm-none-eabi/13.3.1/../../../../arm-none-eabi/lib/thumb/v7e-m+fp/hard\libm.a
LOAD C:/ST/STM32CubeIDE_1.16.0/STM32CubeIDE/plugins/com.st.stm32cube.ide.mcu.externaltools.gnu-tools-for-stm32.13.3.rel1.win32_1.0.0.202411081344/tools/bin/../lib/gcc/arm-none-eabi/13.3.1/thumb/v7e-m+fp/hard\libgcc.a

.debug_info     0x00000000    0x1b90f
 .debug_info    0x00000000      0xf42 ./Core/Src/custom.o
 .debug_info    0x00000f42     0x298c ./Core/Src/main.o
 .debug_info    0x000038ce     0x240b ./Core/Src/stm32f7xx_hal_msp.o
 .debug_info    0x00005cd9      0x16a ./Core/Src/stm32f7xx_it.o
 .debug_info    0x00005e43      0x168 ./Core/Src/sysmem.o
 .debug_info    0x00005fab      0x6ed ./Core/Src/system_stm32f7xx.o
 .debug_info    0x00006698       0x30 ./Core/Startup/startup_stm32f746zgtx.o
 .debug_info    0x000066c8     0x12a8 ./Drivers/Libraries/Src/ssd1306.o
 .debug_info    0x00007970      0x2a4 ./Drivers/Libraries/Src/ssd1306_fonts.o
 .debug_info    0x00007c14      0x6b3 ./Drivers/Libraries/Src/ssd1306_tests.o
 .debug_info    0x000082c7      0x9d8 ./Drivers/STM32F7xx_HAL_Driver/Src/stm32f7xx_hal.o
 .debug_info    0x00008c9f      0xf7e ./Drivers/STM32F7xx_HAL_Driver/Src/stm32f7xx_hal_cortex.o
 .debug_info    0x00009c1d     0x2180 ./Drivers/STM32F7xx_HAL_Driver/Src/stm32f7xx_hal_eth.o
 .debug_info    0x0000bd9d      0x6e7 ./Drivers/STM32F7xx_HAL_Driver/Src/stm32f7xx_hal_gpio.o
 .debug_info    0x0000c484     0x2138 ./Drivers/STM32F7xx_HAL_Driver/Src/stm32f7xx_hal_i2c.o
 .debug_info    0x0000e5bc      0x922 ./Drivers/STM32F7xx_HAL_Driver/Src/stm32f7xx_hal_i2c_ex.o
 .debug_info    0x0000eede     0x1599 ./Drivers/STM32F7xx_HAL_Driver/Src/stm32f7xx_hal_pcd.o
 .debug_info    0x00010477      0x7a3 ./Drivers/STM32F7xx_HAL_Driver/Src/stm32f7xx_hal_pcd_ex.o
 .debug_info    0x00010c1a      0x90e ./Drivers/STM32F7xx_HAL_Driver/Src/stm32f7xx_hal_pwr.o
 .debug_info    0x00011528      0x8dc ./Drivers/STM32F7xx_HAL_Driver/Src/stm32f7xx_hal_rcc.o
 .debug_info    0x00011e04      0x6bd ./Drivers/STM32F7xx_HAL_Driver/Src/stm32f7xx_hal_rcc_ex.o
 .debug_info    0x000124c1     0x2abd ./Drivers/STM32F7xx_HAL_Driver/Src/stm32f7xx_hal_tim.o
 .debug_info    0x00014f7e     0x15bb ./Drivers/STM32F7xx_HAL_Driver/Src/stm32f7xx_hal_tim_ex.o
 .debug_info    0x00016539     0x39da ./Drivers/STM32F7xx_HAL_Driver/Src/stm32f7xx_hal_uart.o
 .debug_info    0x00019f13     0x19fc ./Drivers/STM32F7xx_HAL_Driver/Src/stm32f7xx_ll_usb.o

.debug_abbrev   0x00000000     0x3519
 .debug_abbrev  0x00000000      0x259 ./Core/Src/custom.o
 .debug_abbrev  0x00000259      0x345 ./Core/Src/main.o
 .debug_abbrev  0x0000059e      0x2a7 ./Core/Src/stm32f7xx_hal_msp.o
 .debug_abbrev  0x00000845       0xa0 ./Core/Src/stm32f7xx_it.o
 .debug_abbrev  0x000008e5       0xbc ./Core/Src/sysmem.o
 .debug_abbrev  0x000009a1      0x13b ./Core/Src/system_stm32f7xx.o
 .debug_abbrev  0x00000adc       0x24 ./Core/Startup/startup_stm32f746zgtx.o
 .debug_abbrev  0x00000b00      0x363 ./Drivers/Libraries/Src/ssd1306.o
 .debug_abbrev  0x00000e63       0xcf ./Drivers/Libraries/Src/ssd1306_fonts.o
 .debug_abbrev  0x00000f32      0x24a ./Drivers/Libraries/Src/ssd1306_tests.o
 .debug_abbrev  0x0000117c      0x213 ./Drivers/STM32F7xx_HAL_Driver/Src/stm32f7xx_hal.o
 .debug_abbrev  0x0000138f      0x31e ./Drivers/STM32F7xx_HAL_Driver/Src/stm32f7xx_hal_cortex.o
 .debug_abbrev  0x000016ad      0x35a ./Drivers/STM32F7xx_HAL_Driver/Src/stm32f7xx_hal_eth.o
 .debug_abbrev  0x00001a07      0x1d4 ./Drivers/STM32F7xx_HAL_Driver/Src/stm32f7xx_hal_gpio.o
 .debug_abbrev  0x00001bdb      0x260 ./Drivers/STM32F7xx_HAL_Driver/Src/stm32f7xx_hal_i2c.o
 .debug_abbrev  0x00001e3b      0x19c ./Drivers/STM32F7xx_HAL_Driver/Src/stm32f7xx_hal_i2c_ex.o
 .debug_abbrev  0x00001fd7      0x2ee ./Drivers/STM32F7xx_HAL_Driver/Src/stm32f7xx_hal_pcd.o
 .debug_abbrev  0x000022c5      0x1ca ./Drivers/STM32F7xx_HAL_Driver/Src/stm32f7xx_hal_pcd_ex.o
 .debug_abbrev  0x0000248f      0x1c5 ./Drivers/STM32F7xx_HAL_Driver/Src/stm32f7xx_hal_pwr.o
 .debug_abbrev  0x00002654      0x288 ./Drivers/STM32F7xx_HAL_Driver/Src/stm32f7xx_hal_rcc.o
 .debug_abbrev  0x000028dc      0x1c9 ./Drivers/STM32F7xx_HAL_Driver/Src/stm32f7xx_hal_rcc_ex.o
 .debug_abbrev  0x00002aa5      0x278 ./Drivers/STM32F7xx_HAL_Driver/Src/stm32f7xx_hal_tim.o
 .debug_abbrev  0x00002d1d      0x283 ./Drivers/STM32F7xx_HAL_Driver/Src/stm32f7xx_hal_tim_ex.o
 .debug_abbrev  0x00002fa0      0x2e6 ./Drivers/STM32F7xx_HAL_Driver/Src/stm32f7xx_hal_uart.o
 .debug_abbrev  0x00003286      0x293 ./Drivers/STM32F7xx_HAL_Driver/Src/stm32f7xx_ll_usb.o

.debug_aranges  0x00000000     0x1710
 .debug_aranges
                0x00000000       0x40 ./Core/Src/custom.o
 .debug_aranges
                0x00000040       0x78 ./Core/Src/main.o
 .debug_aranges
                0x000000b8       0x88 ./Core/Src/stm32f7xx_hal_msp.o
 .debug_aranges
                0x00000140       0x78 ./Core/Src/stm32f7xx_it.o
 .debug_aranges
                0x000001b8       0x20 ./Core/Src/sysmem.o
 .debug_aranges
                0x000001d8       0x28 ./Core/Src/system_stm32f7xx.o
 .debug_aranges
                0x00000200       0x28 ./Core/Startup/startup_stm32f746zgtx.o
 .debug_aranges
                0x00000228       0xe8 ./Drivers/Libraries/Src/ssd1306.o
 .debug_aranges
                0x00000310       0x18 ./Drivers/Libraries/Src/ssd1306_fonts.o
 .debug_aranges
                0x00000328       0x88 ./Drivers/Libraries/Src/ssd1306_tests.o
 .debug_aranges
                0x000003b0      0x100 ./Drivers/STM32F7xx_HAL_Driver/Src/stm32f7xx_hal.o
 .debug_aranges
                0x000004b0      0x128 ./Drivers/STM32F7xx_HAL_Driver/Src/stm32f7xx_hal_cortex.o
 .debug_aranges
                0x000005d8      0x1e0 ./Drivers/STM32F7xx_HAL_Driver/Src/stm32f7xx_hal_eth.o
 .debug_aranges
                0x000007b8       0x58 ./Drivers/STM32F7xx_HAL_Driver/Src/stm32f7xx_hal_gpio.o
 .debug_aranges
                0x00000810      0x2a0 ./Drivers/STM32F7xx_HAL_Driver/Src/stm32f7xx_hal_i2c.o
 .debug_aranges
                0x00000ab0       0x38 ./Drivers/STM32F7xx_HAL_Driver/Src/stm32f7xx_hal_i2c_ex.o
 .debug_aranges
                0x00000ae8      0x148 ./Drivers/STM32F7xx_HAL_Driver/Src/stm32f7xx_hal_pcd.o
 .debug_aranges
                0x00000c30       0x48 ./Drivers/STM32F7xx_HAL_Driver/Src/stm32f7xx_hal_pcd_ex.o
 .debug_aranges
                0x00000c78       0xa0 ./Drivers/STM32F7xx_HAL_Driver/Src/stm32f7xx_hal_pwr.o
 .debug_aranges
                0x00000d18       0x88 ./Drivers/STM32F7xx_HAL_Driver/Src/stm32f7xx_hal_rcc.o
 .debug_aranges
                0x00000da0       0x50 ./Drivers/STM32F7xx_HAL_Driver/Src/stm32f7xx_hal_rcc_ex.o
 .debug_aranges
                0x00000df0      0x3e0 ./Drivers/STM32F7xx_HAL_Driver/Src/stm32f7xx_hal_tim.o
 .debug_aranges
                0x000011d0      0x178 ./Drivers/STM32F7xx_HAL_Driver/Src/stm32f7xx_hal_tim_ex.o
 .debug_aranges
                0x00001348      0x228 ./Drivers/STM32F7xx_HAL_Driver/Src/stm32f7xx_hal_uart.o
 .debug_aranges
                0x00001570      0x1a0 ./Drivers/STM32F7xx_HAL_Driver/Src/stm32f7xx_ll_usb.o

.debug_rnglists
                0x00000000     0x1203
 .debug_rnglists
                0x00000000       0x2d ./Core/Src/custom.o
 .debug_rnglists
                0x0000002d       0x5d ./Core/Src/main.o
 .debug_rnglists
                0x0000008a       0x66 ./Core/Src/stm32f7xx_hal_msp.o
 .debug_rnglists
                0x000000f0       0x55 ./Core/Src/stm32f7xx_it.o
 .debug_rnglists
                0x00000145       0x13 ./Core/Src/sysmem.o
 .debug_rnglists
                0x00000158       0x1a ./Core/Src/system_stm32f7xx.o
 .debug_rnglists
                0x00000172       0x19 ./Core/Startup/startup_stm32f746zgtx.o
 .debug_rnglists
                0x0000018b       0xb4 ./Drivers/Libraries/Src/ssd1306.o
 .debug_rnglists
                0x0000023f       0x67 ./Drivers/Libraries/Src/ssd1306_tests.o
 .debug_rnglists
                0x000002a6       0xbb ./Drivers/STM32F7xx_HAL_Driver/Src/stm32f7xx_hal.o
 .debug_rnglists
                0x00000361       0xda ./Drivers/STM32F7xx_HAL_Driver/Src/stm32f7xx_hal_cortex.o
 .debug_rnglists
                0x0000043b      0x17d ./Drivers/STM32F7xx_HAL_Driver/Src/stm32f7xx_hal_eth.o
 .debug_rnglists
                0x000005b8       0x3f ./Drivers/STM32F7xx_HAL_Driver/Src/stm32f7xx_hal_gpio.o
 .debug_rnglists
                0x000005f7      0x228 ./Drivers/STM32F7xx_HAL_Driver/Src/stm32f7xx_hal_i2c.o
 .debug_rnglists
                0x0000081f       0x27 ./Drivers/STM32F7xx_HAL_Driver/Src/stm32f7xx_hal_i2c_ex.o
 .debug_rnglists
                0x00000846       0xfa ./Drivers/STM32F7xx_HAL_Driver/Src/stm32f7xx_hal_pcd.o
 .debug_rnglists
                0x00000940       0x32 ./Drivers/STM32F7xx_HAL_Driver/Src/stm32f7xx_hal_pcd_ex.o
 .debug_rnglists
                0x00000972       0x74 ./Drivers/STM32F7xx_HAL_Driver/Src/stm32f7xx_hal_pwr.o
 .debug_rnglists
                0x000009e6       0x67 ./Drivers/STM32F7xx_HAL_Driver/Src/stm32f7xx_hal_rcc.o
 .debug_rnglists
                0x00000a4d       0x3c ./Drivers/STM32F7xx_HAL_Driver/Src/stm32f7xx_hal_rcc_ex.o
 .debug_rnglists
                0x00000a89      0x328 ./Drivers/STM32F7xx_HAL_Driver/Src/stm32f7xx_hal_tim.o
 .debug_rnglists
                0x00000db1      0x131 ./Drivers/STM32F7xx_HAL_Driver/Src/stm32f7xx_hal_tim_ex.o
 .debug_rnglists
                0x00000ee2      0x1da ./Drivers/STM32F7xx_HAL_Driver/Src/stm32f7xx_hal_uart.o
 .debug_rnglists
                0x000010bc      0x147 ./Drivers/STM32F7xx_HAL_Driver/Src/stm32f7xx_ll_usb.o

.debug_macro    0x00000000    0x290c4
 .debug_macro   0x00000000      0x38e ./Core/Src/custom.o
 .debug_macro   0x0000038e      0xad8 ./Core/Src/custom.o
 .debug_macro   0x00000e66      0x29f ./Core/Src/custom.o
 .debug_macro   0x00001105       0x2e ./Core/Src/custom.o
 .debug_macro   0x00001133       0x3b ./Core/Src/custom.o
 .debug_macro   0x0000116e       0x22 ./Core/Src/custom.o
 .debug_macro   0x00001190       0x8e ./Core/Src/custom.o
 .debug_macro   0x0000121e       0x51 ./Core/Src/custom.o
 .debug_macro   0x0000126f      0x103 ./Core/Src/custom.o
 .debug_macro   0x00001372       0x6a ./Core/Src/custom.o
 .debug_macro   0x000013dc      0x1df ./Core/Src/custom.o
 .debug_macro   0x000015bb       0x1c ./Core/Src/custom.o
 .debug_macro   0x000015d7       0x22 ./Core/Src/custom.o
 .debug_macro   0x000015f9       0xd9 ./Core/Src/custom.o
 .debug_macro   0x000016d2     0x12cd ./Core/Src/custom.o
 .debug_macro   0x0000299f      0x11f ./Core/Src/custom.o
 .debug_macro   0x00002abe       0x19 ./Core/Src/custom.o
 .debug_macro   0x00002ad7    0x19222 ./Core/Src/custom.o
 .debug_macro   0x0001bcf9       0x6d ./Core/Src/custom.o
 .debug_macro   0x0001bd66     0x3765 ./Core/Src/custom.o
 .debug_macro   0x0001f4cb      0x190 ./Core/Src/custom.o
 .debug_macro   0x0001f65b       0x63 ./Core/Src/custom.o
 .debug_macro   0x0001f6be     0x18ad ./Core/Src/custom.o
 .debug_macro   0x00020f6b      0x6c4 ./Core/Src/custom.o
 .debug_macro   0x0002162f      0x185 ./Core/Src/custom.o
 .debug_macro   0x000217b4      0x115 ./Core/Src/custom.o
 .debug_macro   0x000218c9      0x1fd ./Core/Src/custom.o
 .debug_macro   0x00021ac6       0xa5 ./Core/Src/custom.o
 .debug_macro   0x00021b6b      0x24f ./Core/Src/custom.o
 .debug_macro   0x00021dba       0x41 ./Core/Src/custom.o
 .debug_macro   0x00021dfb       0x58 ./Core/Src/custom.o
 .debug_macro   0x00021e53      0x236 ./Core/Src/custom.o
 .debug_macro   0x00022089      0xb99 ./Core/Src/custom.o
 .debug_macro   0x00022c22      0x14e ./Core/Src/custom.o
 .debug_macro   0x00022d70      0x25a ./Core/Src/custom.o
 .debug_macro   0x00022fca       0x12 ./Core/Src/custom.o
 .debug_macro   0x00022fdc      0x22c ./Core/Src/custom.o
 .debug_macro   0x00023208       0x61 ./Core/Src/custom.o
 .debug_macro   0x00023269       0xa5 ./Core/Src/custom.o
 .debug_macro   0x0002330e      0x12e ./Core/Src/custom.o
 .debug_macro   0x0002343c      0x108 ./Core/Src/custom.o
 .debug_macro   0x00023544       0x35 ./Core/Src/custom.o
 .debug_macro   0x00023579      0xa83 ./Core/Src/custom.o
 .debug_macro   0x00023ffc       0x59 ./Core/Src/custom.o
 .debug_macro   0x00024055      0x56d ./Core/Src/custom.o
 .debug_macro   0x000245c2       0x44 ./Core/Src/custom.o
 .debug_macro   0x00024606      0x2cb ./Core/Src/custom.o
 .debug_macro   0x000248d1       0xba ./Core/Src/custom.o
 .debug_macro   0x0002498b      0x14d ./Core/Src/custom.o
 .debug_macro   0x00024ad8      0x1cf ./Core/Src/custom.o
 .debug_macro   0x00024ca7       0x61 ./Core/Src/custom.o
 .debug_macro   0x00024d08       0x2a ./Core/Src/custom.o
 .debug_macro   0x00024d32       0x43 ./Core/Src/custom.o
 .debug_macro   0x00024d75       0x34 ./Core/Src/custom.o
 .debug_macro   0x00024da9       0x16 ./Core/Src/custom.o
 .debug_macro   0x00024dbf       0x3c ./Core/Src/custom.o
 .debug_macro   0x00024dfb      0x370 ./Core/Src/custom.o
 .debug_macro   0x0002516b       0x10 ./Core/Src/custom.o
 .debug_macro   0x0002517b       0x16 ./Core/Src/custom.o
 .debug_macro   0x00025191       0x4a ./Core/Src/custom.o
 .debug_macro   0x000251db       0x34 ./Core/Src/custom.o
 .debug_macro   0x0002520f       0x10 ./Core/Src/custom.o
 .debug_macro   0x0002521f       0x58 ./Core/Src/custom.o
 .debug_macro   0x00025277       0x8e ./Core/Src/custom.o
 .debug_macro   0x00025305       0x1c ./Core/Src/custom.o
 .debug_macro   0x00025321      0x185 ./Core/Src/custom.o
 .debug_macro   0x000254a6       0x16 ./Core/Src/custom.o
 .debug_macro   0x000254bc       0x16 ./Core/Src/custom.o
 .debug_macro   0x000254d2      0x146 ./Core/Src/custom.o
 .debug_macro   0x00025618       0x16 ./Core/Src/custom.o
 .debug_macro   0x0002562e       0x16 ./Core/Src/custom.o
 .debug_macro   0x00025644       0x29 ./Core/Src/custom.o
 .debug_macro   0x0002566d       0x16 ./Core/Src/custom.o
 .debug_macro   0x00025683       0x20 ./Core/Src/custom.o
 .debug_macro   0x000256a3       0x46 ./Core/Src/custom.o
 .debug_macro   0x000256e9       0x4c ./Core/Src/custom.o
 .debug_macro   0x00025735       0x16 ./Core/Src/custom.o
 .debug_macro   0x0002574b      0x35e ./Core/Src/main.o
 .debug_macro   0x00025aa9       0x10 ./Core/Src/main.o
 .debug_macro   0x00025ab9       0x1c ./Core/Src/main.o
 .debug_macro   0x00025ad5       0x1c ./Core/Src/main.o
 .debug_macro   0x00025af1      0x21f ./Core/Src/stm32f7xx_hal_msp.o
 .debug_macro   0x00025d10      0x229 ./Core/Src/stm32f7xx_it.o
 .debug_macro   0x00025f39      0x112 ./Core/Src/sysmem.o
 .debug_macro   0x0002604b      0x23c ./Core/Src/sysmem.o
 .debug_macro   0x00026287      0x210 ./Core/Src/system_stm32f7xx.o
 .debug_macro   0x00026497      0x33b ./Drivers/Libraries/Src/ssd1306.o
 .debug_macro   0x000267d2       0x28 ./Drivers/Libraries/Src/ssd1306.o
 .debug_macro   0x000267fa      0x19b ./Drivers/Libraries/Src/ssd1306.o
 .debug_macro   0x00026995      0x266 ./Drivers/Libraries/Src/ssd1306_fonts.o
 .debug_macro   0x00026bfb      0x340 ./Drivers/Libraries/Src/ssd1306_tests.o
 .debug_macro   0x00026f3b       0x5d ./Drivers/Libraries/Src/ssd1306_tests.o
 .debug_macro   0x00026f98      0x234 ./Drivers/STM32F7xx_HAL_Driver/Src/stm32f7xx_hal.o
 .debug_macro   0x000271cc      0x210 ./Drivers/STM32F7xx_HAL_Driver/Src/stm32f7xx_hal_cortex.o
 .debug_macro   0x000273dc      0x2ea ./Drivers/STM32F7xx_HAL_Driver/Src/stm32f7xx_hal_eth.o
 .debug_macro   0x000276c6      0x216 ./Drivers/STM32F7xx_HAL_Driver/Src/stm32f7xx_hal_gpio.o
 .debug_macro   0x000278dc      0x2dc ./Drivers/STM32F7xx_HAL_Driver/Src/stm32f7xx_hal_i2c.o
 .debug_macro   0x00027bb8      0x210 ./Drivers/STM32F7xx_HAL_Driver/Src/stm32f7xx_hal_i2c_ex.o
 .debug_macro   0x00027dc8      0x21c ./Drivers/STM32F7xx_HAL_Driver/Src/stm32f7xx_hal_pcd.o
 .debug_macro   0x00027fe4      0x210 ./Drivers/STM32F7xx_HAL_Driver/Src/stm32f7xx_hal_pcd_ex.o
 .debug_macro   0x000281f4      0x22e ./Drivers/STM32F7xx_HAL_Driver/Src/stm32f7xx_hal_pwr.o
 .debug_macro   0x00028422      0x234 ./Drivers/STM32F7xx_HAL_Driver/Src/stm32f7xx_hal_rcc.o
 .debug_macro   0x00028656      0x210 ./Drivers/STM32F7xx_HAL_Driver/Src/stm32f7xx_hal_rcc_ex.o
 .debug_macro   0x00028866      0x211 ./Drivers/STM32F7xx_HAL_Driver/Src/stm32f7xx_hal_tim.o
 .debug_macro   0x00028a77      0x210 ./Drivers/STM32F7xx_HAL_Driver/Src/stm32f7xx_hal_tim_ex.o
 .debug_macro   0x00028c87      0x22d ./Drivers/STM32F7xx_HAL_Driver/Src/stm32f7xx_hal_uart.o
 .debug_macro   0x00028eb4      0x210 ./Drivers/STM32F7xx_HAL_Driver/Src/stm32f7xx_ll_usb.o

.debug_line     0x00000000    0x1cc7d
 .debug_line    0x00000000      0xba7 ./Core/Src/custom.o
 .debug_line    0x00000ba7      0xd5c ./Core/Src/main.o
 .debug_line    0x00001903      0xac0 ./Core/Src/stm32f7xx_hal_msp.o
 .debug_line    0x000023c3      0x8c6 ./Core/Src/stm32f7xx_it.o
 .debug_line    0x00002c89      0x588 ./Core/Src/sysmem.o
 .debug_line    0x00003211      0x852 ./Core/Src/system_stm32f7xx.o
 .debug_line    0x00003a63       0x7a ./Core/Startup/startup_stm32f746zgtx.o
 .debug_line    0x00003add     0x1251 ./Drivers/Libraries/Src/ssd1306.o
 .debug_line    0x00004d2e      0x8ec ./Drivers/Libraries/Src/ssd1306_fonts.o
 .debug_line    0x0000561a      0xc36 ./Drivers/Libraries/Src/ssd1306_tests.o
 .debug_line    0x00006250      0xaf6 ./Drivers/STM32F7xx_HAL_Driver/Src/stm32f7xx_hal.o
 .debug_line    0x00006d46      0xd76 ./Drivers/STM32F7xx_HAL_Driver/Src/stm32f7xx_hal_cortex.o
 .debug_line    0x00007abc     0x1abe ./Drivers/STM32F7xx_HAL_Driver/Src/stm32f7xx_hal_eth.o
 .debug_line    0x0000957a      0xc50 ./Drivers/STM32F7xx_HAL_Driver/Src/stm32f7xx_hal_gpio.o
 .debug_line    0x0000a1ca     0x3808 ./Drivers/STM32F7xx_HAL_Driver/Src/stm32f7xx_hal_i2c.o
 .debug_line    0x0000d9d2      0x8a1 ./Drivers/STM32F7xx_HAL_Driver/Src/stm32f7xx_hal_i2c_ex.o
 .debug_line    0x0000e273     0x14c1 ./Drivers/STM32F7xx_HAL_Driver/Src/stm32f7xx_hal_pcd.o
 .debug_line    0x0000f734      0x8e1 ./Drivers/STM32F7xx_HAL_Driver/Src/stm32f7xx_hal_pcd_ex.o
 .debug_line    0x00010015      0x9f6 ./Drivers/STM32F7xx_HAL_Driver/Src/stm32f7xx_hal_pwr.o
 .debug_line    0x00010a0b      0xfeb ./Drivers/STM32F7xx_HAL_Driver/Src/stm32f7xx_hal_rcc.o
 .debug_line    0x000119f6      0xf27 ./Drivers/STM32F7xx_HAL_Driver/Src/stm32f7xx_hal_rcc_ex.o
 .debug_line    0x0001291d     0x3d99 ./Drivers/STM32F7xx_HAL_Driver/Src/stm32f7xx_hal_tim.o
 .debug_line    0x000166b6     0x1b24 ./Drivers/STM32F7xx_HAL_Driver/Src/stm32f7xx_hal_tim_ex.o
 .debug_line    0x000181da     0x2ce5 ./Drivers/STM32F7xx_HAL_Driver/Src/stm32f7xx_hal_uart.o
 .debug_line    0x0001aebf     0x1dbe ./Drivers/STM32F7xx_HAL_Driver/Src/stm32f7xx_ll_usb.o

.debug_str      0x00000000    0xfac6b
 .debug_str     0x00000000    0xfac6b ./Core/Src/custom.o
                              0xf2df8 (size before relaxing)
 .debug_str     0x000fac6b    0xf417b ./Core/Src/main.o
 .debug_str     0x000fac6b    0xeffe8 ./Core/Src/stm32f7xx_hal_msp.o
 .debug_str     0x000fac6b    0xee83d ./Core/Src/stm32f7xx_it.o
 .debug_str     0x000fac6b     0x779c ./Core/Src/sysmem.o
 .debug_str     0x000fac6b    0xee2f5 ./Core/Src/system_stm32f7xx.o
 .debug_str     0x000fac6b       0x9c ./Core/Startup/startup_stm32f746zgtx.o
 .debug_str     0x000fac6b    0xf2744 ./Drivers/Libraries/Src/ssd1306.o
 .debug_str     0x000fac6b    0xee66f ./Drivers/Libraries/Src/ssd1306_fonts.o
 .debug_str     0x000fac6b    0xf1e49 ./Drivers/Libraries/Src/ssd1306_tests.o
 .debug_str     0x000fac6b    0xeec5e ./Drivers/STM32F7xx_HAL_Driver/Src/stm32f7xx_hal.o
 .debug_str     0x000fac6b    0xeec7b ./Drivers/STM32F7xx_HAL_Driver/Src/stm32f7xx_hal_cortex.o
 .debug_str     0x000fac6b    0xefb16 ./Drivers/STM32F7xx_HAL_Driver/Src/stm32f7xx_hal_eth.o
 .debug_str     0x000fac6b    0xee3b3 ./Drivers/STM32F7xx_HAL_Driver/Src/stm32f7xx_hal_gpio.o
 .debug_str     0x000fac6b    0xef508 ./Drivers/STM32F7xx_HAL_Driver/Src/stm32f7xx_hal_i2c.o
 .debug_str     0x000fac6b    0xee787 ./Drivers/STM32F7xx_HAL_Driver/Src/stm32f7xx_hal_i2c_ex.o
 .debug_str     0x000fac6b    0xeed2e ./Drivers/STM32F7xx_HAL_Driver/Src/stm32f7xx_hal_pcd.o
 .debug_str     0x000fac6b    0xee630 ./Drivers/STM32F7xx_HAL_Driver/Src/stm32f7xx_hal_pcd_ex.o
 .debug_str     0x000fac6b    0xee596 ./Drivers/STM32F7xx_HAL_Driver/Src/stm32f7xx_hal_pwr.o
 .debug_str     0x000fac6b    0xee657 ./Drivers/STM32F7xx_HAL_Driver/Src/stm32f7xx_hal_rcc.o
 .debug_str     0x000fac6b    0xee58f ./Drivers/STM32F7xx_HAL_Driver/Src/stm32f7xx_hal_rcc_ex.o
 .debug_str     0x000fac6b    0xef618 ./Drivers/STM32F7xx_HAL_Driver/Src/stm32f7xx_hal_tim.o
 .debug_str     0x000fac6b    0xeee5e ./Drivers/STM32F7xx_HAL_Driver/Src/stm32f7xx_hal_tim_ex.o
 .debug_str     0x000fac6b    0xeefa4 ./Drivers/STM32F7xx_HAL_Driver/Src/stm32f7xx_hal_uart.o
 .debug_str     0x000fac6b    0xeec0b ./Drivers/STM32F7xx_HAL_Driver/Src/stm32f7xx_ll_usb.o

.comment        0x00000000       0x43
 .comment       0x00000000       0x43 ./Core/Src/custom.o
                                 0x44 (size before relaxing)
 .comment       0x00000043       0x44 ./Core/Src/main.o
 .comment       0x00000043       0x44 ./Core/Src/stm32f7xx_hal_msp.o
 .comment       0x00000043       0x44 ./Core/Src/stm32f7xx_it.o
 .comment       0x00000043       0x44 ./Core/Src/sysmem.o
 .comment       0x00000043       0x44 ./Core/Src/system_stm32f7xx.o
 .comment       0x00000043       0x44 ./Drivers/Libraries/Src/ssd1306.o
 .comment       0x00000043       0x44 ./Drivers/Libraries/Src/ssd1306_fonts.o
 .comment       0x00000043       0x44 ./Drivers/Libraries/Src/ssd1306_tests.o
 .comment       0x00000043       0x44 ./Drivers/STM32F7xx_HAL_Driver/Src/stm32f7xx_hal.o
 .comment       0x00000043       0x44 ./Drivers/STM32F7xx_HAL_Driver/Src/stm32f7xx_hal_cortex.o
 .comment       0x00000043       0x44 ./Drivers/STM32F7xx_HAL_Driver/Src/stm32f7xx_hal_eth.o
 .comment       0x00000043       0x44 ./Drivers/STM32F7xx_HAL_Driver/Src/stm32f7xx_hal_gpio.o
 .comment       0x00000043       0x44 ./Drivers/STM32F7xx_HAL_Driver/Src/stm32f7xx_hal_i2c.o
 .comment       0x00000043       0x44 ./Drivers/STM32F7xx_HAL_Driver/Src/stm32f7xx_hal_i2c_ex.o
 .comment       0x00000043       0x44 ./Drivers/STM32F7xx_HAL_Driver/Src/stm32f7xx_hal_pcd.o
 .comment       0x00000043       0x44 ./Drivers/STM32F7xx_HAL_Driver/Src/stm32f7xx_hal_pcd_ex.o
 .comment       0x00000043       0x44 ./Drivers/STM32F7xx_HAL_Driver/Src/stm32f7xx_hal_pwr.o
 .comment       0x00000043       0x44 ./Drivers/STM32F7xx_HAL_Driver/Src/stm32f7xx_hal_rcc.o
 .comment       0x00000043       0x44 ./Drivers/STM32F7xx_HAL_Driver/Src/stm32f7xx_hal_rcc_ex.o
 .comment       0x00000043       0x44 ./Drivers/STM32F7xx_HAL_Driver/Src/stm32f7xx_hal_tim.o
 .comment       0x00000043       0x44 ./Drivers/STM32F7xx_HAL_Driver/Src/stm32f7xx_hal_tim_ex.o
 .comment       0x00000043       0x44 ./Drivers/STM32F7xx_HAL_Driver/Src/stm32f7xx_hal_uart.o
 .comment       0x00000043       0x44 ./Drivers/STM32F7xx_HAL_Driver/Src/stm32f7xx_ll_usb.o

.debug_frame    0x00000000     0x6834
 .debug_frame   0x00000000       0xb8 ./Core/Src/custom.o
 .debug_frame   0x000000b8      0x188 ./Core/Src/main.o
 .debug_frame   0x00000240      0x220 ./Core/Src/stm32f7xx_hal_msp.o
 .debug_frame   0x00000460      0x158 ./Core/Src/stm32f7xx_it.o
 .debug_frame   0x000005b8       0x34 ./Core/Src/sysmem.o
 .debug_frame   0x000005ec       0x58 ./Core/Src/system_stm32f7xx.o
 .debug_frame   0x00000644      0x3e4 ./Drivers/Libraries/Src/ssd1306.o
 .debug_frame   0x00000a28      0x218 ./Drivers/Libraries/Src/ssd1306_tests.o
 .debug_frame   0x00000c40      0x3b4 ./Drivers/STM32F7xx_HAL_Driver/Src/stm32f7xx_hal.o
 .debug_frame   0x00000ff4      0x4e8 ./Drivers/STM32F7xx_HAL_Driver/Src/stm32f7xx_hal_cortex.o
 .debug_frame   0x000014dc      0x898 ./Drivers/STM32F7xx_HAL_Driver/Src/stm32f7xx_hal_eth.o
 .debug_frame   0x00001d74      0x14c ./Drivers/STM32F7xx_HAL_Driver/Src/stm32f7xx_hal_gpio.o
 .debug_frame   0x00001ec0      0xc38 ./Drivers/STM32F7xx_HAL_Driver/Src/stm32f7xx_hal_i2c.o
 .debug_frame   0x00002af8       0xb0 ./Drivers/STM32F7xx_HAL_Driver/Src/stm32f7xx_hal_i2c_ex.o
 .debug_frame   0x00002ba8      0x5b8 ./Drivers/STM32F7xx_HAL_Driver/Src/stm32f7xx_hal_pcd.o
 .debug_frame   0x00003160      0x100 ./Drivers/STM32F7xx_HAL_Driver/Src/stm32f7xx_hal_pcd_ex.o
 .debug_frame   0x00003260      0x254 ./Drivers/STM32F7xx_HAL_Driver/Src/stm32f7xx_hal_pwr.o
 .debug_frame   0x000034b4      0x1f8 ./Drivers/STM32F7xx_HAL_Driver/Src/stm32f7xx_hal_rcc.o
 .debug_frame   0x000036ac      0x118 ./Drivers/STM32F7xx_HAL_Driver/Src/stm32f7xx_hal_rcc_ex.o
 .debug_frame   0x000037c4     0x121c ./Drivers/STM32F7xx_HAL_Driver/Src/stm32f7xx_hal_tim.o
 .debug_frame   0x000049e0      0x688 ./Drivers/STM32F7xx_HAL_Driver/Src/stm32f7xx_hal_tim_ex.o
 .debug_frame   0x00005068      0x9e8 ./Drivers/STM32F7xx_HAL_Driver/Src/stm32f7xx_hal_uart.o
 .debug_frame   0x00005a50      0x7c0 ./Drivers/STM32F7xx_HAL_Driver/Src/stm32f7xx_ll_usb.o