../Core/Src/servos.c:22:6:ReadyFunc	16	static
../Core/Src/servos.c:26:6:TreachFunc	16	static
../Core/Src/servos.c:30:6:EncZFunc	24	static
../Core/Src/servos.c:49:6:Handle_EXTI0	8	static
../Core/Src/servos.c:50:6:Handle_EXTI1	8	static
../Core/Src/servos.c:51:6:Handle_EXTI2	8	static
../Core/Src/servos.c:52:6:Handle_EXTI3	8	static
../Core/Src/servos.c:53:6:Handle_EXTI4	8	static
../Core/Src/servos.c:54:6:Handle_EXTI5	8	static
../Core/Src/servos.c:55:6:Handle_EXTI7	8	static
../Core/Src/servos.c:56:6:Handle_EXTI8	8	static
../Core/Src/servos.c:57:6:Handle_EXTI9	8	static
../Core/Src/servos.c:58:6:Handle_EXTI10	8	static
../Core/Src/servos.c:59:6:Handle_EXTI11	8	static
../Core/Src/servos.c:60:6:Handle_EXTI12	8	static
../Core/Src/servos.c:61:6:Handle_EXTI13	8	static
../Core/Src/servos.c:62:6:Handle_EXTI14	8	static
../Core/Src/servos.c:63:6:Handle_EXTI15	8	static
../Core/Src/servos.c:73:6:HAL_GPIO_EXTI_Callback	24	static
